Using provided AWS_PROFILE: 273854932432_Mesosphere-PowerUser
Setting Gradle cache to /home/rbohra/dcos-commons/.gradle_cache
===
Docker command:
  docker run --rm -t -i --env-file /tmp/sdk-test-env-190313-175940-yyGY.tmp -v /home/rbohra/dcos-commons:/build -v /home/rbohra/.ssh/ccm.pem:/ssh/key -v /home/rbohra/.aws/credentials:/root/.aws/credentials:ro -v /home/rbohra/dcos-commons/.gradle_cache:/root/.gradle -w /build mesosphere/dcos-commons:latest ./frameworks/elastic/build.sh aws

Environment:
  AWS_PROFILE=273854932432_Mesosphere-PowerUser
  CLUSTER_URL=http://rbohrac-o-elasticl-1cflvc0o7org3-28367954.eu-west-1.elb.amazonaws.com/
  DCOS_ENTERPRISE=true
  DCOS_FILES_PATH=
  DCOS_LOGIN_PASSWORD=
  DCOS_LOGIN_USERNAME=
  DCOS_SSH_USERNAME=core
  FRAMEWORK=
  PACKAGE_REGISTRY_ENABLED=false
  PYTEST_ARGS=-m "sanity and not azure"
  S3_BUCKET=
  SECURITY=permissive
  STUB_UNIVERSE_URL=
===
Building bootstrap for [linux] in sdk/bootstrap/
Up to date, skipping build
Building dcos-service-cli for [linux darwin windows] in sdk/cli/
Up to date, skipping build
[0m
[1A[1m<[0;32;1;0;39;1m-------------> 0% INITIALIZING [0s][m[36D[1B
[2A[1m<[0;32;1;0;39;1m-------------> 0% INITIALIZING [0s][m[36D[1B[1m> Evaluating settings[m[21D[1B[2A[1m<[0;32;1;0;39;1m-------------> 0% INITIALIZING [0s][m[36D[1B[1m> Evaluating settings[m[21D[1B[2A[1m<[0;32;1;0;39;1m-------------> 0% INITIALIZING [0s][m[36D[1B[1m> Evaluating settings[m[21D[1B[2A[1m<[0;32;1;0;39;1m-------------> 0% INITIALIZING [0s][m[36D[1B[1m> Evaluating settings[m[21D[1B[2A[1m<[0;32;1;0;39;1m-------------> 0% INITIALIZING [0s][m[36D[1B[1m> Evaluating settings[m[21D[1B[2A[1m<[0;32;1;0;39;1m-------------> 0% INITIALIZING [0s][m[36D[1B[1m> Evaluating settings[m[21D[1B[2A[1m<[0;32;1;0;39;1m-------------> 0% INITIALIZING [0s][m[36D[1B[1m> Evaluating settings[m[21D[1B[2A[1m<[0;32;1;0;39;1m-------------> 0% INITIALIZING [0s][m[36D[1B[1m> Evaluating settings[m[21D[1B[2A[1m<[0;32;1;0;39;1m-------------> 0% INITIALIZING [0s][m[36D[1B[1m> Evaluating settings[m[21D[1B[2A[1m<[0;32;1;0;39;1m-------------> 0% INITIALIZING [1s][m[36D[1B[1m> Evaluating settings[m[21D[1B[2A[1m<[0;32;1;0;39;1m-------------> 0% INITIALIZING [1s][m[36D[1B[1m> Evaluating settings[m[21D[1B[2A[1m<[0;32;1;0;39;1m-------------> 0% INITIALIZING [1s][m[36D[1B[1m> Evaluating settings[m[21D[1B[2A[1m<[0;32;1;0;39;1m-------------> 0% INITIALIZING [1s][m[36D[1B[1m> Evaluating settings[m[21D[1B[2A[1m<[0;32;1;0;39;1m-------------> 0% INITIALIZING [1s][m[36D[1B[1m> Evaluating settings[m[21D[1B[2A[1m<[0;32;1;0;39;1m-------------> 0% INITIALIZING [1s][m[36D[1B[1m> Evaluating settings[m[21D[1B[2A[1m<[0;32;1;0;39;1m-------------> 0% INITIALIZING [1s][m[36D[1B[1m> Evaluating settings[m[21D[1B[2A[1m<[0;32;1;0;39;1m-------------> 0% INITIALIZING [1s][m[36D[1B[1m> Evaluating settings[m[21D[1B[2A[1m<[0;32;1;0;39;1m-------------> 0% INITIALIZING [1s][m[36D[1B[1m> Evaluating settings[m[21D[1B[2A[1m<[0;32;1;0;39;1m-------------> 0% INITIALIZING [1s][m[36D[1B[1m> Evaluating settings[m[21D[1B[2A[1m<[0;32;1;0;39;1m-------------> 0% INITIALIZING [2s][m[36D[1B[1m> Evaluating settings[m[21D[1B[2A[1m<[0;32;1;0;39;1m-------------> 0% INITIALIZING [2s][m[36D[1B[1m> Evaluating settings[m[21D[1B[2A[1m<[0;32;1;0;39;1m-------------> 0% INITIALIZING [2s][m[36D[1B[1m> Evaluating settings[m[21D[1B[2A[1m<[0;32;1;0;39;1m-------------> 0% INITIALIZING [2s][m[36D[1B[1m> Evaluating settings[m[21D[1B[2A[1m<[0;32;1;0;39;1m-------------> 0% INITIALIZING [2s][m[36D[1B[1m> Evaluating settings[m[21D[1B[2A[1m<[0;32;1;0;39;1m-------------> 0% INITIALIZING [2s][m[36D[1B[1m> Evaluating settings[m[21D[1B[2A[1m<[0;32;1;0;39;1m-------------> 0% INITIALIZING [2s][m[36D[1B[1m> Evaluating settings[m[21D[1B[2A[1m<[0;32;1;0;39;1m-------------> 0% INITIALIZING [2s][m[36D[1B[1m> Evaluating settings[m[21D[1B[2A[1m<[0;32;1;0;39;1m-------------> 0% INITIALIZING [2s][m[36D[1B[1m> Evaluating settings[m[21D[1B[2A[1m<[0;32;1;0;39;1m-------------> 0% INITIALIZING [2s][m[36D[1B[1m> Evaluating settings[m[21D[1B[2A[1m<[0;32;1;0;39;1m-------------> 0% INITIALIZING [3s][m[36D[1B[1m> Evaluating settings[m[21D[1B[2A[1m<[0;32;1;0;39;1m-------------> 0% INITIALIZING [3s][m[36D[1B[1m> Evaluating settings[m[21D[1B[2A[1m<[0;32;1;0;39;1m-------------> 0% INITIALIZING [3s][m[36D[1B[1m> Evaluating settings[m[21D[1B[2A[1m<[0;32;1;0;39;1m-------------> 0% CONFIGURING [3s][m[0K[35D[1B[1m> Loading projects[m[0K[18D[1B[2A[1m<[0;32;1;0;39;1m-------------> 0% CONFIGURING [3s][m[35D[1B[1m> Loading projects[m[18D[1B[2A[1m<[0;32;1;0;39;1m-------------> 0% CONFIGURING [3s][m[35D[1B[1m> Loading projects[m[18D[1B[2A[1m<[0;32;1;0;39;1m-------------> 0% CONFIGURING [3s][m[35D[1B[1m> Loading projects[m[18D[1B[2AParallel execution is an incubating feature.[0K
[1B[0K
[2A[1m<[0;32;1;0;39;1m-------------> 0% CONFIGURING [3s][m[35D[1B[1m> root project[m[14D[1B[2A[1m<[0;32;1;0;39;1m-------------> 0% CONFIGURING [3s][m[35D[1B[1m> root project[m[14D[1B[2A[1m<[0;32;1;0;39;1m-------------> 0% CONFIGURING [3s][m[35D[1B[1m> root project[m[14D[1B[2A[1m<[0;32;1;0;39;1m-------------> 0% CONFIGURING [4s][m[35D[1B[1m> root project[m[14D[1B[2A[1m<[0;32;1;0;39;1m-------------> 0% CONFIGURING [4s][m[35D[1B[1m> root project[m[14D[1B[2A[1m<[0;32;1;0;39;1m-------------> 0% CONFIGURING [4s][m[35D[1B[1m> root project[m[14D[1B[2A[1m<[0;32;1;0;39;1m-------------> 0% CONFIGURING [4s][m[35D[1B[1m> root project[m[14D[1B[2A[1m<[0;32;1;0;39;1m-------------> 0% CONFIGURING [4s][m[35D[1B[1m> root project[m[14D[1B[2A[1m<[0;32;1;0;39;1m-------------> 0% CONFIGURING [4s][m[35D[1B[1m> root project[m[14D[1B[2A[1m<[0;32;1;0;39;1m-------------> 0% CONFIGURING [4s][m[35D[1B[1m> root project[m[14D[1B[2A[1m<[0;32;1;0;39;1m-------------> 0% CONFIGURING [4s][m[35D[1B[1m> root project[m[14D[1B[2A[1m<[0;32;1;0;39;1m-------------> 0% CONFIGURING [4s][m[35D[1B[1m> root project[m[14D[1B[2A[1m<[0;32;1;0;39;1m-------------> 0% CONFIGURING [4s][m[35D[1B[1m> root project > Resolve dependencies of detachedConfiguration1[m[63D[1B[2A[1m<[0;32;1;0;39;1m-------------> 0% CONFIGURING [5s][m[35D[1B[1m> root project > Resolve dependencies of detachedConfiguration1[m[63D[1B[2A[1m<[0;32;1;0;39;1m-------------> 0% CONFIGURING [5s][m[35D[1B[1m> root project > Resolve dependencies of detachedConfiguration1[m[63D[1B[2A[1m<[0;32;1;0;39;1m-------------> 0% CONFIGURING [5s][m[35D[1B[1m> root project > Resolve dependencies of detachedConfiguration1[m[63D[1B[2A[1m<[0;32;1;0;39;1m-------------> 0% CONFIGURING [5s][m[35D[1B[1m> root project > Resolve dependencies of detachedConfiguration1[m[63D[1B[2A[1m<[0;32;1;0;39;1m-------------> 0% CONFIGURING [5s][m[35D[1B[1m> root project > Resolve dependencies of :classpath[m[0K[51D[1B[2A[1m<[0;32;1;0;39;1m-------------> 0% CONFIGURING [5s][m[35D[1B[1m> root project > Resolve files of :classpath[m[0K[44D[1B[2A[1m<[0;32;1;0;39;1m-------------> 0% CONFIGURING [5s][m[35D[1B[1m> root project[m[0K[14D[1B[2A[1m<[0;32;1;0;39;1m-------------> 0% CONFIGURING [5s][m[35D[1B[1m> root project[m[14D[1B[2A[1m<[0;32;1;0;39;1m-------------> 0% CONFIGURING [5s][m[35D[1B[1m> root project[m[14D[1B[2A[1m<[0;32;1;0;39;1m-------------> 0% CONFIGURING [5s][m[35D[1B[1m> root project[m[14D[1B[2A[1m<[0;32;1;0;39;1m-------------> 0% CONFIGURING [6s][m[35D[1B[1m> root project[m[14D[1B[2A[1m<[0;32;1;0;39;1m-------------> 0% CONFIGURING [6s][m[35D[1B[1m> root project[m[14D[1B[2A[1m<[0;32;1;0;39;1m-------------> 0% CONFIGURING [6s][m[35D[1B[1m> root project[m[14D[1B[2A[1m<[0;32;1;0;39;1m-------------> 0% CONFIGURING [6s][m[35D[1B[1m> root project[m[14D[1B[2A[1m<[0;32;1;0;39;1m-------------> 0% CONFIGURING [6s][m[35D[1B[1m> root project[m[14D[1B[2A[1m<[0;32;1;0;39;1m-------------> 0% CONFIGURING [6s][m[35D[1B[1m> root project[m[14D[1B[2A[1m<[0;32;1;0;39;1m-------------> 0% CONFIGURING [6s][m[35D[1B[1m> root project[m[14D[1B[2A[1m<[0;32;1;0;39;1m-------------> 0% CONFIGURING [6s][m[35D[1B[1m> root project[m[14D[1B[2A[1m<[0;32;1;0;39;1m-------------> 0% CONFIGURING [6s][m[35D[1B[1m> root project[m[14D[1B[2A[1m<[0;32;1;0;39;1m-------------> 0% CONFIGURING [6s][m[35D[1B[1m> root project[m[14D[1B[2A[1m<[0;32;1;0;39;1m-------------> 0% CONFIGURING [7s][m[35D[1B[1m> root project[m[14D[1B[2A[1m<[0;32;1;0;39;1m-------------> 0% CONFIGURING [7s][m[35D[1B[1m> root project[m[14D[1B[2A[1m<[0;32;1;0;39;1m-------------> 0% CONFIGURING [7s][m[35D[1B[1m> root project[m[14D[1B[2A[1m<[0;32;1;0;39;1m-------------> 0% CONFIGURING [7s][m[35D[1B[1m> root project[m[14D[1B[2A[1m<[0;32;1;0;39;1m-------------> 0% CONFIGURING [7s][m[35D[1B[1m> root project[m[14D[1B[2A[1m<[0;32;1;0;39;1m-------------> 0% CONFIGURING [7s][m[35D[1B[1m> root project[m[14D[1B[2A[1m<[0;32;1;0;39;1m-------------> 0% CONFIGURING [7s][m[35D[1B[1m> root project[m[14D[1B[2A[1m<[0;32;1;0;39;1m-------------> 0% CONFIGURING [7s][m[35D[1B[1m> root project[m[14D[1B[2A[1m<[0;32;1;0;39;1m-------------> 0% CONFIGURING [7s][m[35D[1B[1m> root project[m[14D[1B[2A[1m<[0;32;1;0;39;1m-------------> 0% CONFIGURING [7s][m[35D[1B[1m> root project[m[14D[1B[2A[1m<[0;32;1;0;39;1m-------------> 0% CONFIGURING [8s][m[35D[1B[1m> root project[m[14D[1B[2A[1m<[0;32;1;0;39;1m-------------> 0% CONFIGURING [8s][m[35D[1B[1m> root project[m[14D[1B[2A[1m<[0;32;1;0;39;1m-------------> 0% CONFIGURING [8s][m[35D[1B[1m> root project[m[14D[1B[2A[1m<[0;32;1;0;39;1m-------------> 0% CONFIGURING [8s][m[35D[1B[1m> root project[m[14D[1B[2A[1m<[0;32;1;0;39;1m-------------> 0% CONFIGURING [8s][m[35D[1B[1m> root project[m[14D[1B[2A[1m<[0;32;1;0;39;1m-------------> 0% CONFIGURING [8s][m[35D[1B[1m> root project[m[14D[1B[2A[1m<[0;32;1;0;39;1m-------------> 0% CONFIGURING [8s][m[35D[1B[1m> root project[m[14D[1B[2A[1m<[0;32;1;0;39;1m-------------> 0% CONFIGURING [8s][m[35D[1B[1m> root project[m[14D[1B[2A[1m<[0;32;1;0;39;1m-------------> 0% CONFIGURING [8s][m[35D[1B[1m> root project[m[14D[1B[2A[1m<[0;32;1;0;39;1m-------------> 0% CONFIGURING [8s][m[35D[1B[1m> root project[m[14D[1B[2A[1m<[0;32;1;0;39;1m-------------> 0% CONFIGURING [9s][m[35D[1B[1m> root project[m[14D[1B[2A[1m<[0;32;1;0;39;1m-------------> 0% CONFIGURING [9s][m[35D[1B[1m> root project[m[14D[1B[2A[1m<[0;32;1;0;39;1m-------------> 0% CONFIGURING [9s][m[35D[1B[1m> root project[m[14D[1B[2A[1m<[0;32;1;0;39;1m-------------> 0% CONFIGURING [9s][m[35D[1B[1m> root project[m[14D[1B[2A[1m<[0;32;1;0;39;1m-------------> 0% CONFIGURING [9s][m[35D[1B[1m> root project[m[14D[1B[2A[1m<[0;32;1;0;39;1m-------------> 0% CONFIGURING [9s][m[35D[1B[1m> root project[m[14D[1B[2A[1m<[0;32;1;0;39;1m-------------> 0% CONFIGURING [9s][m[35D[1B[1m> root project[m[14D[1B[2A[1m<[0;32;1;0;39;1m-------------> 0% CONFIGURING [9s][m[35D[1B[1m> root project[m[14D[1B[2A[1m<[0;32;1;0;39;1m-------------> 0% CONFIGURING [9s][m[35D[1B[1m> root project[m[14D[1B[2A[1m<[0;32;1;0;39;1m-------------> 0% CONFIGURING [9s][m[35D[1B[1m> root project[m[14D[1B[2A[1m<[0;32;1;0;39;1m-------------> 0% CONFIGURING [10s][m[36D[1B[1m> root project[m[14D[1B[2A[1m<[0;32;1;0;39;1m-------------> 0% CONFIGURING [10s][m[36D[1B[1m> root project[m[14D[1B[2A[1m<[0;32;1;0;39;1m-------------> 0% CONFIGURING [10s][m[36D[1B[1m> root project[m[14D[1B[2A[1m<[0;32;1;0;39;1m-------------> 0% CONFIGURING [10s][m[36D[1B[1m> root project[m[14D[1B[2A[1m<[0;32;1;0;39;1m-------------> 0% CONFIGURING [10s][m[36D[1B[1m> root project[m[14D[1B[2A[1m<[0;32;1;0;39;1m-------------> 0% CONFIGURING [10s][m[36D[1B[1m> root project[m[14D[1B[2A[1m<[0;32;1m=[0;39;1m------------> 12% CONFIGURING [10s][m[37D[1B[1m> :cassandra[m[0K[12D[1B[2A[1m<[0;32;1m=[0;39;1m------------> 12% CONFIGURING [10s][m[37D[1B[1m> :cassandra[m[12D[1B[2A[1m<[0;32;1m====[0;39;1m---------> 37% CONFIGURING [10s][m[37D[1B[1m> :hdfs[m[0K[7D[1B[2A[1m<[0;32;1m======[0;39;1m-------> 50% CONFIGURING [10s][m[37D[1B[1m> :helloworld[m[13D[1B[2A[1m<[0;32;1m========[0;39;1m-----> 62% CONFIGURING [11s][m[37D[1B[1m> :keystore-app[m[15D[1B[2A[1m<[0;32;1m========[0;39;1m-----> 62% CONFIGURING [11s][m[37D[1B[1m> :keystore-app[m[15D[1B[2A[1m<[0;32;1m========[0;39;1m-----> 62% CONFIGURING [11s][m[37D[1B[1m> :keystore-app[m[15D[1B[2A[1m<[0;32;1m========[0;39;1m-----> 62% CONFIGURING [11s][m[37D[1B[1m> :keystore-app[m[15D[1B[2A[1m<[0;32;1m========[0;39;1m-----> 62% CONFIGURING [11s][m[37D[1B[1m> :keystore-app[m[15D[1B[2A[1m<[0;32;1m========[0;39;1m-----> 62% CONFIGURING [11s][m[37D[1B[1m> :keystore-app[m[15D[1B[2A[1m<[0;32;1m========[0;39;1m-----> 62% CONFIGURING [11s][m[37D[1B[1m> :keystore-app[m[15D[1B[2A[1m<[0;32;1m========[0;39;1m-----> 62% CONFIGURING [11s][m[37D[1B[1m> :keystore-app[m[15D[1B[2A[1m<[0;32;1m========[0;39;1m-----> 62% CONFIGURING [11s][m[37D[1B[1m> :keystore-app[m[15D[1B[2A[1m<[0;32;1m========[0;39;1m-----> 62% CONFIGURING [11s][m[37D[1B[1m> :keystore-app[m[15D[1B[2A[1m<[0;32;1m========[0;39;1m-----> 62% CONFIGURING [12s][m[37D[1B[1m> :keystore-app[m[15D[1B[2A[1m<[0;32;1m========[0;39;1m-----> 62% CONFIGURING [12s][m[37D[1B[1m> :keystore-app[m[15D[1B[2A[1m<[0;32;1m========[0;39;1m-----> 62% CONFIGURING [12s][m[37D[1B[1m> :keystore-app[m[15D[1B[2A[1m<[0;32;1m=========[0;39;1m----> 75% CONFIGURING [12s][m[37D[1B[1m> :scheduler > Resolve dependencies of :scheduler:classpath[m[59D[1B[2A[1m<[0;32;1m=========[0;39;1m----> 75% CONFIGURING [12s][m[37D[1B[1m> :scheduler[m[0K[12D[1B[2A[1m<[0;32;1m=========[0;39;1m----> 75% CONFIGURING [12s][m[37D[1B[1m> :scheduler[m[12D[1B[2A[1m<[0;32;1m=========[0;39;1m----> 75% CONFIGURING [12s][m[37D[1B[1m> :scheduler[m[12D[1B[2A[1m<[0;32;1m=========[0;39;1m----> 75% CONFIGURING [12s][m[37D[1B[1m> :scheduler[m[12D[1B[2A[1m<[0;32;1m=========[0;39;1m----> 75% CONFIGURING [12s][m[37D[1B[1m> :scheduler[m[12D[1B[2A[1m<[0;32;1m=========[0;39;1m----> 75% CONFIGURING [12s][m[37D[1B[1m> :scheduler[m[12D[1B[2A[1m<[0;32;1m=========[0;39;1m----> 75% CONFIGURING [13s][m[37D[1B[1m> :scheduler[m[12D[1B[2A[1m<[0;32;1m=========[0;39;1m----> 75% CONFIGURING [13s][m[37D[1B[1m> :scheduler[m[12D[1B[2A[1m<[0;32;1m=========[0;39;1m----> 75% CONFIGURING [13s][m[37D[1B[1m> :scheduler[m[12D[1B[2A[1m<[0;32;1m=========[0;39;1m----> 75% CONFIGURING [13s][m[37D[1B[1m> :scheduler[m[12D[1B[2A[1m<[0;32;1m=========[0;39;1m----> 75% CONFIGURING [13s][m[37D[1B[1m> :scheduler[m[12D[1B[2A[1m<[0;32;1m=========[0;39;1m----> 75% CONFIGURING [13s][m[37D[1B[1m> :scheduler[m[12D[1B[2A[1m<[0;32;1m=========[0;39;1m----> 75% CONFIGURING [13s][m[37D[1B[1m> :scheduler[m[12D[1B[2A[1m<[0;32;1m=========[0;39;1m----> 75% CONFIGURING [13s][m[37D[1B[1m> :scheduler[m[12D[1B[2A[1m<[0;32;1m=========[0;39;1m----> 75% CONFIGURING [13s][m[37D[1B[1m> :scheduler[m[12D[1B[2A[1m<[0;32;1m=========[0;39;1m----> 75% CONFIGURING [13s][m[37D[1B[1m> :scheduler[m[12D[1B[2A[1m<[0;32;1m=========[0;39;1m----> 75% CONFIGURING [14s][m[37D[1B[1m> :scheduler[m[12D[1B[2A[1m<[0;32;1m=========[0;39;1m----> 75% CONFIGURING [14s][m[37D[1B[1m> :scheduler[m[12D[1B[2A[1m<[0;32;1m=========[0;39;1m----> 75% CONFIGURING [14s][m[37D[1B[1m> :scheduler[m[12D[1B[2A[1m<[0;32;1m=========[0;39;1m----> 75% CONFIGURING [14s][m[37D[1B[1m> :scheduler[m[12D[1B[2A[1m<[0;32;1m=========[0;39;1m----> 75% CONFIGURING [14s][m[37D[1B[1m> :scheduler[m[12D[1B[2A[1m<[0;32;1m=========[0;39;1m----> 75% CONFIGURING [14s][m[37D[1B[1m> :scheduler[m[12D[1B[2A[1m<[0;32;1m=========[0;39;1m----> 75% CONFIGURING [14s][m[37D[1B[1m> :scheduler[m[12D[1B[2A[1m<[0;32;1m=========[0;39;1m----> 75% CONFIGURING [14s][m[37D[1B[1m> :scheduler[m[12D[1B[2A[1m<[0;32;1m=========[0;39;1m----> 75% CONFIGURING [14s][m[37D[1B[1m> :scheduler[m[12D[1B[2A[1m<[0;32;1m===========[0;39;1m--> 87% CONFIGURING [14s][m[37D[1B[1m> :testing[m[0K[10D[1B[2A[1m<[0;32;1m=============[0;39;1m> 100% CONFIGURING [15s][m[38D[1B> IDLE[0K[6D[1B[2A[1m<[0;32;1m=============[0;39;1m> 100% CONFIGURING [15s][m[38D[2B[2A[1m<[0;32;1m=============[0;39;1m> 100% CONFIGURING [15s][m[38D[2B[2A[1m<[0;32;1;0;39;1m-------------> 0% EXECUTING [15s][m[0K[34D[2B[2A[1m<[0;32;1;0;39;1m-------------> 0% EXECUTING [15s][m[34D[2B
[3A[1m<[0;32;1;0;39;1m-------------> 0% EXECUTING [15s][m[34D[1B[1m> :elastic:processResources[m[27D[1B[1m> :testing:processResources[m[27D[1B
[4A[1m<[0;32;1;0;39;1m-------------> 0% EXECUTING [15s][m[34D[1B[1m> :elastic:processResources[m[27D[1B[1m> :testing:processResources[m[27D[1B[1m> :scheduler:eclipseClasspath[m[29D[1B[4A[1m<[0;32;1;0;39;1m-------------> 0% EXECUTING [15s][m[34D[1B[1m> :elastic:processResources[m[27D[1B[1m> :testing:processResources[m[27D[1B[1m> :scheduler:eclipseClasspath[m[29D[1B[4A[1m<[0;32;1;0;39;1m-------------> 3% EXECUTING [15s][m[34D[1B[1m> :elastic:processResources[m[27D[1B> IDLE[0K[6D[1B[1m> :scheduler:eclipseClasspath[m[29D[1B[4A[1m<[0;32;1m=[0;39;1m------------> 10% EXECUTING [15s][m[35D[1B[1m> :elastic:startScripts > Resolve dependencies of :elastic:runtimeClasspath[m[75D[2B[1m> :scheduler:eclipseClasspath[m[29D[1B[4A[1m<[0;32;1m=[0;39;1m------------> 10% EXECUTING [16s][m[35D[1B[1m> :elastic:startScripts > Resolve dependencies of :elastic:runtimeClasspath[m[75D[2B[1m> :scheduler:eclipseClasspath[m[29D[1B[4A[1m<[0;32;1m=[0;39;1m------------> 10% EXECUTING [16s][m[35D[1B[1m> :elastic:startScripts > Resolve dependencies of :elastic:runtimeClasspath[m[75D[2B[1m> :scheduler:eclipseClasspath[m[29D[1B[4A[1m<[0;32;1m=[0;39;1m------------> 10% EXECUTING [16s][m[35D[1B[1m> :elastic:startScripts > Resolve dependencies of :elastic:runtimeClasspath[m[75D[2B[1m> :scheduler:eclipseClasspath[m[29D[1B[4A[1m<[0;32;1m=[0;39;1m------------> 10% EXECUTING [16s][m[35D[1B[1m> :elastic:startScripts > Resolve dependencies of :elastic:runtimeClasspath[m[75D[2B[1m> :scheduler:eclipseClasspath[m[29D[1B[4A[1m<[0;32;1m=[0;39;1m------------> 10% EXECUTING [16s][m[35D[1B[1m> :elastic:startScripts > Resolve dependencies of :elastic:runtimeClasspath[m[75D[2B[1m> :scheduler:eclipseClasspath[m[29D[1B[4A[1m<[0;32;1m=[0;39;1m------------> 10% EXECUTING [16s][m[35D[1B[1m> :elastic:startScripts > Resolve files of :elastic:runtimeClasspath[m[0K[68D[2B[1m> :scheduler:eclipseClasspath[m[29D[1B[4A[1m<[0;32;1m=[0;39;1m------------> 14% EXECUTING [16s][m[35D[1B> IDLE[0K[6D[2B[1m> :scheduler:eclipseClasspath > Resolve dependencies of :scheduler:runtimeClasspath[m[83D[1B[4A[1m<[0;32;1m=[0;39;1m------------> 14% EXECUTING [16s][m[35D[3B[1m> :scheduler:eclipseClasspath > Resolve dependencies of :scheduler:testRuntimeClasspath[m[87D[1B[4A[1m<[0;32;1m=[0;39;1m------------> 14% EXECUTING [16s][m[35D[3B[1m> :scheduler:eclipseClasspath > Resolve dependencies of :scheduler:testRuntimeClasspath[m[87D[1B[4A[1m<[0;32;1m=[0;39;1m------------> 14% EXECUTING [16s][m[35D[3B[1m> :scheduler:eclipseClasspath > Resolve dependencies of :scheduler:testRuntimeClasspath[m[87D[1B[4A[1m<[0;32;1m=[0;39;1m------------> 14% EXECUTING [17s][m[35D[3B[1m> :scheduler:eclipseClasspath > Resolve dependencies of :scheduler:compileClasspath[m[0K[83D[1B[4A[1m<[0;32;1m=[0;39;1m------------> 14% EXECUTING [17s][m[35D[3B[1m> :scheduler:eclipseClasspath > Resolve files of :scheduler:testRuntimeClasspath[m[0K[80D[1B[4A[1m<[0;32;1m=[0;39;1m------------> 14% EXECUTING [17s][m[35D[3B[1m> :scheduler:eclipseClasspath[m[0K[29D[1B[4A[1m<[0;32;1m=[0;39;1m------------> 14% EXECUTING [17s][m[35D[3B[1m> :scheduler:eclipseClasspath[m[29D[1B[4A[1m<[0;32;1m==[0;39;1m-----------> 17% EXECUTING [17s][m[35D[3B[1m> :scheduler:generateBuildConfig[m[32D[1B[4A[1m<[0;32;1m==[0;39;1m-----------> 17% EXECUTING [17s][m[35D[3B[1m> :scheduler:generateBuildConfig[m[32D[1B[4A[1m<[0;32;1m==[0;39;1m-----------> 21% EXECUTING [17s][m[35D[3B[1m> :scheduler:compileBuildConfig[m[0K[31D[1B[4A[1m<[0;32;1m==[0;39;1m-----------> 21% EXECUTING [17s][m[35D[3B[1m> :scheduler:compileBuildConfig[m[31D[1B[4A[1m<[0;32;1m==[0;39;1m-----------> 21% EXECUTING [17s][m[35D[3B[1m> :scheduler:compileBuildConfig[m[31D[1B[4A[1m<[0;32;1m==[0;39;1m-----------> 21% EXECUTING [17s][m[35D[3B[1m> :scheduler:compileBuildConfig[m[31D[1B[4A[1m<[0;32;1m==[0;39;1m-----------> 21% EXECUTING [18s][m[35D[3B[1m> :scheduler:compileBuildConfig[m[31D[1B[4A[1m<[0;32;1m==[0;39;1m-----------> 21% EXECUTING [18s][m[35D[3B[1m> :scheduler:compileBuildConfig[m[31D[1B[4A[1m<[0;32;1m==[0;39;1m-----------> 21% EXECUTING [18s][m[35D[3B[1m> :scheduler:compileBuildConfig[m[31D[1B[4A[1m<[0;32;1m==[0;39;1m-----------> 21% EXECUTING [18s][m[35D[3B[1m> :scheduler:compileBuildConfig[m[31D[1B[4A[1m<[0;32;1m==[0;39;1m-----------> 21% EXECUTING [18s][m[35D[3B[1m> :scheduler:compileBuildConfig[m[31D[1B[4A[1m<[0;32;1m==[0;39;1m-----------> 21% EXECUTING [18s][m[35D[3B[1m> :scheduler:compileBuildConfig[m[31D[1B[4A[1m<[0;32;1m==[0;39;1m-----------> 21% EXECUTING [18s][m[35D[3B[1m> :scheduler:compileBuildConfig[m[31D[1B[4A[1m<[0;32;1m==[0;39;1m-----------> 21% EXECUTING [18s][m[35D[3B[1m> :scheduler:compileBuildConfig[m[31D[1B[4A[1m<[0;32;1m==[0;39;1m-----------> 21% EXECUTING [18s][m[35D[3B[1m> :scheduler:compileBuildConfig[m[31D[1B[4A[1m<[0;32;1m==[0;39;1m-----------> 21% EXECUTING [18s][m[35D[3B[1m> :scheduler:compileBuildConfig[m[31D[1B[4A[1m<[0;32;1m==[0;39;1m-----------> 21% EXECUTING [19s][m[35D[3B[1m> :scheduler:compileBuildConfig[m[31D[1B[4A[1m<[0;32;1m==[0;39;1m-----------> 21% EXECUTING [19s][m[35D[3B[1m> :scheduler:compileBuildConfig[m[31D[1B[4A[1m<[0;32;1m==[0;39;1m-----------> 21% EXECUTING [19s][m[35D[3B[1m> :scheduler:compileBuildConfig[m[31D[1B[4A[1m<[0;32;1m==[0;39;1m-----------> 21% EXECUTING [19s][m[35D[3B[1m> :scheduler:compileBuildConfig[m[31D[1B[4A[1m<[0;32;1m===[0;39;1m----------> 25% EXECUTING [19s][m[35D[3B[1m> :scheduler:compileJava[m[0K[24D[1B[4A[1m<[0;32;1m===[0;39;1m----------> 25% EXECUTING [19s][m[35D[3B[1m> :scheduler:compileJava[m[24D[1B[4A[1m<[0;32;1m===[0;39;1m----------> 25% EXECUTING [19s][m[35D[3B[1m> :scheduler:compileJava[m[24D[1B[4A[1m<[0;32;1m===[0;39;1m----------> 25% EXECUTING [19s][m[35D[3B[1m> :scheduler:compileJava[m[24D[1B[4A[1m<[0;32;1m===[0;39;1m----------> 25% EXECUTING [19s][m[35D[3B[1m> :scheduler:compileJava[m[24D[1B[4A[1m<[0;32;1m===[0;39;1m----------> 25% EXECUTING [19s][m[35D[3B[1m> :scheduler:compileJava[m[24D[1B[4A[1m<[0;32;1m===[0;39;1m----------> 25% EXECUTING [20s][m[35D[3B[1m> :scheduler:compileJava[m[24D[1B[4A[1m<[0;32;1m===[0;39;1m----------> 25% EXECUTING [20s][m[35D[3B[1m> :scheduler:compileJava[m[24D[1B[4A[1m<[0;32;1m===[0;39;1m----------> 25% EXECUTING [20s][m[35D[3B[1m> :scheduler:compileJava[m[24D[1B[4A[1m<[0;32;1m===[0;39;1m----------> 25% EXECUTING [20s][m[35D[3B[1m> :scheduler:compileJava[m[24D[1B[4A[1m<[0;32;1m===[0;39;1m----------> 25% EXECUTING [20s][m[35D[3B[1m> :scheduler:compileJava[m[24D[1B[4A[1m<[0;32;1m===[0;39;1m----------> 25% EXECUTING [20s][m[35D[3B[1m> :scheduler:compileJava[m[24D[1B[4A[1m<[0;32;1m===[0;39;1m----------> 25% EXECUTING [20s][m[35D[3B[1m> :scheduler:compileJava[m[24D[1B[4A[1m<[0;32;1m===[0;39;1m----------> 25% EXECUTING [20s][m[35D[3B[1m> :scheduler:compileJava[m[24D[1B[4A[1m<[0;32;1m===[0;39;1m----------> 25% EXECUTING [20s][m[35D[3B[1m> :scheduler:compileJava[m[24D[1B[4A[1m<[0;32;1m===[0;39;1m----------> 25% EXECUTING [20s][m[35D[3B[1m> :scheduler:compileJava[m[24D[1B[4A[1m<[0;32;1m===[0;39;1m----------> 25% EXECUTING [21s][m[35D[3B[1m> :scheduler:compileJava[m[24D[1B[4A[1m<[0;32;1m===[0;39;1m----------> 25% EXECUTING [21s][m[35D[3B[1m> :scheduler:compileJava[m[24D[1B[4A[1m<[0;32;1m===[0;39;1m----------> 25% EXECUTING [21s][m[35D[3B[1m> :scheduler:compileJava[m[24D[1B[4A[1m<[0;32;1m===[0;39;1m----------> 25% EXECUTING [21s][m[35D[3B[1m> :scheduler:compileJava[m[24D[1B[4A[1m<[0;32;1m===[0;39;1m----------> 25% EXECUTING [21s][m[35D[3B[1m> :scheduler:compileJava[m[24D[1B[4A[1m<[0;32;1m===[0;39;1m----------> 25% EXECUTING [21s][m[35D[3B[1m> :scheduler:compileJava[m[24D[1B[4A[1m<[0;32;1m===[0;39;1m----------> 25% EXECUTING [21s][m[35D[3B[1m> :scheduler:compileJava[m[24D[1B[4A[1m<[0;32;1m===[0;39;1m----------> 25% EXECUTING [21s][m[35D[3B[1m> :scheduler:compileJava[m[24D[1B[4A[1m<[0;32;1m===[0;39;1m----------> 25% EXECUTING [21s][m[35D[3B[1m> :scheduler:compileJava[m[24D[1B[4A[1m<[0;32;1m===[0;39;1m----------> 25% EXECUTING [21s][m[35D[3B[1m> :scheduler:compileJava[m[24D[1B[4A[1m<[0;32;1m===[0;39;1m----------> 25% EXECUTING [22s][m[35D[3B[1m> :scheduler:compileJava[m[24D[1B[4A[1m<[0;32;1m===[0;39;1m----------> 25% EXECUTING [22s][m[35D[3B[1m> :scheduler:compileJava[m[24D[1B[4A[1m<[0;32;1m===[0;39;1m----------> 25% EXECUTING [22s][m[35D[3B[1m> :scheduler:compileJava[m[24D[1B[4A[1m<[0;32;1m===[0;39;1m----------> 25% EXECUTING [22s][m[35D[3B[1m> :scheduler:compileJava[m[24D[1B[4A[1m<[0;32;1m===[0;39;1m----------> 25% EXECUTING [22s][m[35D[3B[1m> :scheduler:compileJava[m[24D[1B[4A[1m<[0;32;1m===[0;39;1m----------> 25% EXECUTING [22s][m[35D[3B[1m> :scheduler:compileJava[m[24D[1B[4A[1m<[0;32;1m===[0;39;1m----------> 25% EXECUTING [22s][m[35D[3B[1m> :scheduler:compileJava[m[24D[1B[4A[1m<[0;32;1m===[0;39;1m----------> 25% EXECUTING [22s][m[35D[3B[1m> :scheduler:compileJava[m[24D[1B[4A[1m<[0;32;1m===[0;39;1m----------> 25% EXECUTING [22s][m[35D[3B[1m> :scheduler:compileJava[m[24D[1B[4A[1m<[0;32;1m===[0;39;1m----------> 25% EXECUTING [22s][m[35D[3B[1m> :scheduler:compileJava[m[24D[1B[4A[1m<[0;32;1m===[0;39;1m----------> 25% EXECUTING [23s][m[35D[3B[1m> :scheduler:compileJava[m[24D[1B[4A[1m<[0;32;1m===[0;39;1m----------> 25% EXECUTING [23s][m[35D[3B[1m> :scheduler:compileJava[m[24D[1B[4A[1m<[0;32;1m===[0;39;1m----------> 25% EXECUTING [23s][m[35D[3B[1m> :scheduler:compileJava[m[24D[1B[4A[1m<[0;32;1m===[0;39;1m----------> 25% EXECUTING [23s][m[35D[3B[1m> :scheduler:compileJava[m[24D[1B[4A[1m<[0;32;1m===[0;39;1m----------> 25% EXECUTING [23s][m[35D[3B[1m> :scheduler:compileJava[m[24D[1B[4A[1m<[0;32;1m===[0;39;1m----------> 25% EXECUTING [23s][m[35D[3B[1m> :scheduler:compileJava[m[24D[1B[4A[1m<[0;32;1m===[0;39;1m----------> 25% EXECUTING [23s][m[35D[3B[1m> :scheduler:compileJava[m[24D[1B[4A[1m<[0;32;1m===[0;39;1m----------> 25% EXECUTING [23s][m[35D[3B[1m> :scheduler:compileJava[m[24D[1B[4A[1m<[0;32;1m===[0;39;1m----------> 25% EXECUTING [23s][m[35D[3B[1m> :scheduler:compileJava[m[24D[1B[4A[1m<[0;32;1m===[0;39;1m----------> 25% EXECUTING [23s][m[35D[3B[1m> :scheduler:compileJava[m[24D[1B[4A[1m<[0;32;1m===[0;39;1m----------> 25% EXECUTING [24s][m[35D[3B[1m> :scheduler:compileJava[m[24D[1B[4A[1m<[0;32;1m===[0;39;1m----------> 25% EXECUTING [24s][m[35D[3B[1m> :scheduler:compileJava[m[24D[1B[4A[1m<[0;32;1m===[0;39;1m----------> 25% EXECUTING [24s][m[35D[3B[1m> :scheduler:compileJava[m[24D[1B[4A[1m<[0;32;1m===[0;39;1m----------> 25% EXECUTING [24s][m[35D[3B[1m> :scheduler:compileJava[m[24D[1B[4A[1m<[0;32;1m===[0;39;1m----------> 25% EXECUTING [24s][m[35D[3B[1m> :scheduler:compileJava[m[24D[1B[4A[1m<[0;32;1m===[0;39;1m----------> 25% EXECUTING [24s][m[35D[3B[1m> :scheduler:compileJava[m[24D[1B[4A[1m<[0;32;1m===[0;39;1m----------> 25% EXECUTING [24s][m[35D[3B[1m> :scheduler:compileJava[m[24D[1B[4A[1m<[0;32;1m===[0;39;1m----------> 25% EXECUTING [24s][m[35D[3B[1m> :scheduler:compileJava[m[24D[1B[4A[1m<[0;32;1m===[0;39;1m----------> 25% EXECUTING [24s][m[35D[3B[1m> :scheduler:compileJava[m[24D[1B[4A[1m<[0;32;1m===[0;39;1m----------> 25% EXECUTING [24s][m[35D[3B[1m> :scheduler:compileJava[m[24D[1B[4A[1m<[0;32;1m===[0;39;1m----------> 25% EXECUTING [25s][m[35D[3B[1m> :scheduler:compileJava[m[24D[1B[4A[1m<[0;32;1m===[0;39;1m----------> 25% EXECUTING [25s][m[35D[3B[1m> :scheduler:compileJava[m[24D[1B[4A[1m<[0;32;1m===[0;39;1m----------> 25% EXECUTING [25s][m[35D[3B[1m> :scheduler:compileJava[m[24D[1B[4A[1m<[0;32;1m===[0;39;1m----------> 25% EXECUTING [25s][m[35D[3B[1m> :scheduler:compileJava[m[24D[1B[4A[1m<[0;32;1m===[0;39;1m----------> 25% EXECUTING [25s][m[35D[3B[1m> :scheduler:compileJava[m[24D[1B[4A[1m<[0;32;1m===[0;39;1m----------> 25% EXECUTING [25s][m[35D[3B[1m> :scheduler:compileJava[m[24D[1B[4A[1m<[0;32;1m===[0;39;1m----------> 25% EXECUTING [25s][m[35D[3B[1m> :scheduler:compileJava[m[24D[1B[4A[1m<[0;32;1m===[0;39;1m----------> 25% EXECUTING [25s][m[35D[3B[1m> :scheduler:compileJava[m[24D[1B[4A[1m<[0;32;1m===[0;39;1m----------> 25% EXECUTING [25s][m[35D[3B[1m> :scheduler:compileJava[m[24D[1B[4A[0K
[1m> Task :scheduler:compileJava[m[0K
/build/sdk/scheduler/src/main/java/com/mesosphere/sdk/scheduler/DefaultScheduler.java:10: warning: [deprecation] DebugResource in com.mesosphere.sdk.http.endpoints has been deprecated[0K
import com.mesosphere.sdk.http.endpoints.DebugResource;[0K
                                        ^
[0K
[0K
[0K
[0K
[4A[1m<[0;32;1m===[0;39;1m----------> 25% EXECUTING [25s][m[35D[1B> IDLE[6D[1B> IDLE[6D[1B[1m> :scheduler:compileJava[m[24D[1B[4A[1m<[0;32;1m===[0;39;1m----------> 25% EXECUTING [26s][m[35D[3B[1m> :scheduler:compileJava[m[24D[1B[4A[1m<[0;32;1m===[0;39;1m----------> 25% EXECUTING [26s][m[35D[3B[1m> :scheduler:compileJava[m[24D[1B[4A[1m<[0;32;1m===[0;39;1m----------> 25% EXECUTING [26s][m[35D[3B[1m> :scheduler:compileJava[m[24D[1B[4A[1m<[0;32;1m===[0;39;1m----------> 25% EXECUTING [26s][m[35D[3B[1m> :scheduler:compileJava[m[24D[1B[4A[1m<[0;32;1m===[0;39;1m----------> 25% EXECUTING [26s][m[35D[3B[1m> :scheduler:compileJava[m[24D[1B[4A[1m<[0;32;1m===[0;39;1m----------> 25% EXECUTING [26s][m[35D[3B[1m> :scheduler:compileJava[m[24D[1B[4A[1m<[0;32;1m===[0;39;1m----------> 25% EXECUTING [26s][m[35D[3B[1m> :scheduler:compileJava[m[24D[1B[4A[1m<[0;32;1m===[0;39;1m----------> 25% EXECUTING [26s][m[35D[3B[1m> :scheduler:compileJava[m[24D[1B[4A[1m<[0;32;1m===[0;39;1m----------> 25% EXECUTING [26s][m[35D[3B[1m> :scheduler:compileJava[m[24D[1B[4A[1m<[0;32;1m===[0;39;1m----------> 25% EXECUTING [26s][m[35D[3B[1m> :scheduler:compileJava[m[24D[1B[4A[1m<[0;32;1m===[0;39;1m----------> 25% EXECUTING [27s][m[35D[3B[1m> :scheduler:compileJava[m[24D[1B[4A[1m<[0;32;1m===[0;39;1m----------> 25% EXECUTING [27s][m[35D[3B[1m> :scheduler:compileJava[m[24D[1B[4A[1m<[0;32;1m===[0;39;1m----------> 25% EXECUTING [27s][m[35D[3B[1m> :scheduler:compileJava[m[24D[1B[4A[1m<[0;32;1m===[0;39;1m----------> 25% EXECUTING [27s][m[35D[3B[1m> :scheduler:compileJava[m[24D[1B[4A[1m<[0;32;1m===[0;39;1m----------> 25% EXECUTING [27s][m[35D[3B[1m> :scheduler:compileJava[m[24D[1B[4A[1m<[0;32;1m===[0;39;1m----------> 25% EXECUTING [27s][m[35D[3B[1m> :scheduler:compileJava[m[24D[1B[4A[1m<[0;32;1m===[0;39;1m----------> 25% EXECUTING [27s][m[35D[3B[1m> :scheduler:compileJava[m[24D[1B[4A[1m<[0;32;1m===[0;39;1m----------> 25% EXECUTING [27s][m[35D[3B[1m> :scheduler:compileJava[m[24D[1B[4A[1m<[0;32;1m===[0;39;1m----------> 25% EXECUTING [27s][m[35D[3B[1m> :scheduler:compileJava[m[24D[1B[4A[1m<[0;32;1m===[0;39;1m----------> 25% EXECUTING [27s][m[35D[3B[1m> :scheduler:compileJava[m[24D[1B[4A[1m<[0;32;1m===[0;39;1m----------> 25% EXECUTING [28s][m[35D[3B[1m> :scheduler:compileJava[m[24D[1B[4A[1m<[0;32;1m===[0;39;1m----------> 25% EXECUTING [28s][m[35D[3B[1m> :scheduler:compileJava[m[24D[1B[4A[1m<[0;32;1m===[0;39;1m----------> 25% EXECUTING [28s][m[35D[3B[1m> :scheduler:compileJava[m[24D[1B[4A[1m<[0;32;1m===[0;39;1m----------> 25% EXECUTING [28s][m[35D[3B[1m> :scheduler:compileJava[m[24D[1B[4A[1m<[0;32;1m===[0;39;1m----------> 25% EXECUTING [28s][m[35D[3B[1m> :scheduler:compileJava[m[24D[1B[4A[1m<[0;32;1m===[0;39;1m----------> 25% EXECUTING [28s][m[35D[3B[1m> :scheduler:compileJava[m[24D[1B[4A[1m<[0;32;1m===[0;39;1m----------> 25% EXECUTING [28s][m[35D[3B[1m> :scheduler:compileJava[m[24D[1B[4A[1m<[0;32;1m===[0;39;1m----------> 25% EXECUTING [28s][m[35D[3B[1m> :scheduler:compileJava[m[24D[1B[4A[1m<[0;32;1m===[0;39;1m----------> 25% EXECUTING [28s][m[35D[3B[1m> :scheduler:compileJava[m[24D[1B[4A[1m<[0;32;1m===[0;39;1m----------> 25% EXECUTING [28s][m[35D[3B[1m> :scheduler:compileJava[m[24D[1B[4A[1m<[0;32;1m===[0;39;1m----------> 25% EXECUTING [29s][m[35D[3B[1m> :scheduler:compileJava[m[24D[1B[4A[1m<[0;32;1m===[0;39;1m----------> 25% EXECUTING [29s][m[35D[3B[1m> :scheduler:compileJava[m[24D[1B[4A[1m<[0;32;1m===[0;39;1m----------> 25% EXECUTING [29s][m[35D[3B[1m> :scheduler:compileJava[m[24D[1B[4A[1m<[0;32;1m===[0;39;1m----------> 25% EXECUTING [29s][m[35D[3B[1m> :scheduler:compileJava[m[24D[1B[4A[1m<[0;32;1m===[0;39;1m----------> 25% EXECUTING [29s][m[35D[3B[1m> :scheduler:compileJava[m[24D[1B[4A[1m<[0;32;1m===[0;39;1m----------> 25% EXECUTING [29s][m[35D[3B[1m> :scheduler:compileJava[m[24D[1B[4A[1m<[0;32;1m===[0;39;1m----------> 25% EXECUTING [29s][m[35D[3B[1m> :scheduler:compileJava[m[24D[1B[4A[1m<[0;32;1m===[0;39;1m----------> 25% EXECUTING [29s][m[35D[3B[1m> :scheduler:compileJava[m[24D[1B[4A[1m<[0;32;1m===[0;39;1m----------> 25% EXECUTING [29s][m[35D[3B[1m> :scheduler:compileJava[m[24D[1B[4A[1m<[0;32;1m===[0;39;1m----------> 25% EXECUTING [29s][m[35D[3B[1m> :scheduler:compileJava[m[24D[1B[4A[1m<[0;32;1m===[0;39;1m----------> 25% EXECUTING [30s][m[35D[3B[1m> :scheduler:compileJava[m[24D[1B[4A[1m<[0;32;1m===[0;39;1m----------> 25% EXECUTING [30s][m[35D[3B[1m> :scheduler:compileJava[m[24D[1B[4A[1m<[0;32;1m===[0;39;1m----------> 25% EXECUTING [30s][m[35D[3B[1m> :scheduler:compileJava[m[24D[1B[4A[1m<[0;32;1m===[0;39;1m----------> 25% EXECUTING [30s][m[35D[3B[1m> :scheduler:compileJava[m[24D[1B[4A[1m<[0;32;1m===[0;39;1m----------> 25% EXECUTING [30s][m[35D[3B[1m> :scheduler:compileJava[m[24D[1B[4A[1m<[0;32;1m===[0;39;1m----------> 25% EXECUTING [30s][m[35D[3B[1m> :scheduler:compileJava[m[24D[1B[4A[1m<[0;32;1m===[0;39;1m----------> 25% EXECUTING [30s][m[35D[3B[1m> :scheduler:compileJava[m[24D[1B[4A[1m<[0;32;1m===[0;39;1m----------> 25% EXECUTING [30s][m[35D[3B[1m> :scheduler:compileJava[m[24D[1B[4A/build/sdk/scheduler/src/main/java/com/mesosphere/sdk/debug/OfferOutcomeTrackerV2.java:71: warning: [unchecked] unchecked conversion[0K
      this.failureReasons = new HashMap();[0K
                            ^[0K
  required: Map<String,Integer>[0K
  found:    HashMap
/build/sdk/scheduler/src/main/java/com/mesosphere/sdk/debug/OfferOutcomeTrackerV2.java:72: warning: [unchecked] unchecked conversion
      this.rejectedAgents = new HashedMap();
                            ^
  required: Map<String,Integer>
  found:    HashedMap
[0K
[0K
[0K
[0K
[4A[1m<[0;32;1m===[0;39;1m----------> 25% EXECUTING [30s][m[35D[1B> IDLE[6D[1B> IDLE[6D[1B[1m> :scheduler:compileJava[m[24D[1B[4A[1m<[0;32;1m===[0;39;1m----------> 25% EXECUTING [30s][m[35D[3B[1m> :scheduler:compileJava[m[24D[1B[4A[1m<[0;32;1m===[0;39;1m----------> 25% EXECUTING [31s][m[35D[3B[1m> :scheduler:compileJava[m[24D[1B[4A[1m<[0;32;1m===[0;39;1m----------> 25% EXECUTING [31s][m[35D[3B[1m> :scheduler:compileJava[m[24D[1B[4A[1m<[0;32;1m===[0;39;1m----------> 25% EXECUTING [31s][m[35D[3B[1m> :scheduler:compileJava[m[24D[1B[4A[1m<[0;32;1m===[0;39;1m----------> 25% EXECUTING [31s][m[35D[3B[1m> :scheduler:compileJava[m[24D[1B[4A[1m<[0;32;1m===[0;39;1m----------> 25% EXECUTING [31s][m[35D[3B[1m> :scheduler:compileJava[m[24D[1B[4A[1m<[0;32;1m===[0;39;1m----------> 25% EXECUTING [31s][m[35D[3B[1m> :scheduler:compileJava[m[24D[1B[4A[1m<[0;32;1m===[0;39;1m----------> 25% EXECUTING [31s][m[35D[3B[1m> :scheduler:compileJava[m[24D[1B[4A[1m<[0;32;1m===[0;39;1m----------> 25% EXECUTING [31s][m[35D[3B[1m> :scheduler:compileJava[m[24D[1B[4A[1m<[0;32;1m===[0;39;1m----------> 25% EXECUTING [31s][m[35D[3B[1m> :scheduler:compileJava[m[24D[1B[4A[1m<[0;32;1m===[0;39;1m----------> 25% EXECUTING [31s][m[35D[3B[1m> :scheduler:compileJava[m[24D[1B[4A/build/sdk/scheduler/src/main/java/com/mesosphere/sdk/specification/NamedVIPSpec.java:39: warning: [unchecked] unchecked method invocation: constructor <init> in class PortSpec is applied to given types[0K
    super([0K
         ^[0K
  required: Value,String,String,String,String,String,Visibility,Collection<String>,List<RangeSpec>[0K
  found: Value,String,String,String,String,String,Visibility,Collection<String>,List
/build/sdk/scheduler/src/main/java/com/mesosphere/sdk/specification/NamedVIPSpec.java:48: warning: [unchecked] unchecked conversion
        Collections.EMPTY_LIST);
                   ^
  required: List<RangeSpec>
  found:    List
[0K
[0K
[0K
[0K
[4A[1m<[0;32;1m===[0;39;1m----------> 25% EXECUTING [32s][m[35D[1B> IDLE[6D[1B> IDLE[6D[1B[1m> :scheduler:compileJava[m[24D[1B[4A[1m<[0;32;1m===[0;39;1m----------> 25% EXECUTING [32s][m[35D[3B[1m> :scheduler:compileJava[m[24D[1B[4A[1m<[0;32;1m===[0;39;1m----------> 25% EXECUTING [32s][m[35D[3B[1m> :scheduler:compileJava[m[24D[1B[4A[1m<[0;32;1m===[0;39;1m----------> 25% EXECUTING [32s][m[35D[3B[1m> :scheduler:compileJava[m[24D[1B[4A[1m<[0;32;1m===[0;39;1m----------> 25% EXECUTING [32s][m[35D[3B[1m> :scheduler:compileJava[m[24D[1B[4A[1m<[0;32;1m===[0;39;1m----------> 25% EXECUTING [32s][m[35D[3B[1m> :scheduler:compileJava[m[24D[1B[4A[1m<[0;32;1m===[0;39;1m----------> 25% EXECUTING [32s][m[35D[3B[1m> :scheduler:compileJava[m[24D[1B[4A[1m<[0;32;1m===[0;39;1m----------> 25% EXECUTING [32s][m[35D[3B[1m> :scheduler:compileJava[m[24D[1B[4A[1m<[0;32;1m===[0;39;1m----------> 25% EXECUTING [32s][m[35D[3B[1m> :scheduler:compileJava[m[24D[1B[4A[1m<[0;32;1m===[0;39;1m----------> 25% EXECUTING [32s][m[35D[3B[1m> :scheduler:compileJava[m[24D[1B[4A[1m<[0;32;1m===[0;39;1m----------> 25% EXECUTING [33s][m[35D[3B[1m> :scheduler:compileJava[m[24D[1B[4A[1m<[0;32;1m===[0;39;1m----------> 25% EXECUTING [33s][m[35D[3B[1m> :scheduler:compileJava[m[24D[1B[4A[1m<[0;32;1m===[0;39;1m----------> 25% EXECUTING [33s][m[35D[3B[1m> :scheduler:compileJava[m[24D[1B[4A[1m<[0;32;1m===[0;39;1m----------> 25% EXECUTING [33s][m[35D[3B[1m> :scheduler:compileJava[m[24D[1B[4A[1m<[0;32;1m===[0;39;1m----------> 25% EXECUTING [33s][m[35D[3B[1m> :scheduler:compileJava[m[24D[1B[4A[1m<[0;32;1m===[0;39;1m----------> 25% EXECUTING [33s][m[35D[3B[1m> :scheduler:compileJava[m[24D[1B[4A/build/sdk/scheduler/src/main/java/com/mesosphere/sdk/scheduler/DefaultScheduler.java:230: warning: [deprecation] DebugResource in com.mesosphere.sdk.http.endpoints has been deprecated[0K
    offerOutcomeTracker.ifPresent(x -> resources.add(new DebugResource(x)));[0K
                                                         ^[0K
[1B[0K
[0K
[0K
[4A[1m<[0;32;1m===[0;39;1m----------> 25% EXECUTING [33s][m[35D[1B> IDLE[6D[1B> IDLE[6D[1B[1m> :scheduler:compileJava[m[24D[1B[4A[1m<[0;32;1m===[0;39;1m----------> 25% EXECUTING [33s][m[35D[3B[1m> :scheduler:compileJava[m[24D[1B[4A[1m<[0;32;1m===[0;39;1m----------> 25% EXECUTING [33s][m[35D[3B[1m> :scheduler:compileJava[m[24D[1B[4A[1m<[0;32;1m===[0;39;1m----------> 25% EXECUTING [33s][m[35D[3B[1m> :scheduler:compileJava[m[24D[1B[4A[1m<[0;32;1m===[0;39;1m----------> 25% EXECUTING [34s][m[35D[3B[1m> :scheduler:compileJava[m[24D[1B[4A[1m<[0;32;1m===[0;39;1m----------> 25% EXECUTING [34s][m[35D[3B[1m> :scheduler:compileJava[m[24D[1B[4A[1m<[0;32;1m===[0;39;1m----------> 25% EXECUTING [34s][m[35D[3B[1m> :scheduler:compileJava[m[24D[1B[4A[1m<[0;32;1m===[0;39;1m----------> 25% EXECUTING [34s][m[35D[3B[1m> :scheduler:compileJava[m[24D[1B[4A[1m<[0;32;1m===[0;39;1m----------> 25% EXECUTING [34s][m[35D[3B[1m> :scheduler:compileJava[m[24D[1B[4A[1m<[0;32;1m===[0;39;1m----------> 25% EXECUTING [34s][m[35D[3B[1m> :scheduler:compileJava[m[24D[1B[4A[1m<[0;32;1m===[0;39;1m----------> 25% EXECUTING [34s][m[35D[3B[1m> :scheduler:compileJava[m[24D[1B[4A[1m<[0;32;1m===[0;39;1m----------> 25% EXECUTING [34s][m[35D[3B[1m> :scheduler:compileJava[m[24D[1B[4A[1m<[0;32;1m===[0;39;1m----------> 25% EXECUTING [34s][m[35D[3B[1m> :scheduler:compileJava[m[24D[1B[4A[1m<[0;32;1m===[0;39;1m----------> 25% EXECUTING [34s][m[35D[3B[1m> :scheduler:compileJava[m[24D[1B[4A[1m<[0;32;1m===[0;39;1m----------> 25% EXECUTING [35s][m[35D[3B[1m> :scheduler:compileJava[m[24D[1B[4A[1m<[0;32;1m===[0;39;1m----------> 25% EXECUTING [35s][m[35D[3B[1m> :scheduler:compileJava[m[24D[1B[4A[1m<[0;32;1m===[0;39;1m----------> 25% EXECUTING [35s][m[35D[3B[1m> :scheduler:compileJava[m[24D[1B[4A[1m<[0;32;1m===[0;39;1m----------> 25% EXECUTING [35s][m[35D[3B[1m> :scheduler:compileJava[m[24D[1B[4A[1m<[0;32;1m===[0;39;1m----------> 25% EXECUTING [35s][m[35D[3B[1m> :scheduler:compileJava[m[24D[1B[4A[1m<[0;32;1m===[0;39;1m----------> 25% EXECUTING [35s][m[35D[3B[1m> :scheduler:compileJava[m[24D[1B[4A[1m<[0;32;1m===[0;39;1m----------> 25% EXECUTING [35s][m[35D[3B[1m> :scheduler:compileJava[m[24D[1B[4A[1m<[0;32;1m===[0;39;1m----------> 25% EXECUTING [35s][m[35D[3B[1m> :scheduler:compileJava[m[24D[1B[4A[1m<[0;32;1m===[0;39;1m----------> 25% EXECUTING [35s][m[35D[3B[1m> :scheduler:compileJava[m[24D[1B[4A[1m<[0;32;1m===[0;39;1m----------> 25% EXECUTING [35s][m[35D[3B[1m> :scheduler:compileJava[m[24D[1B[4A[1m<[0;32;1m===[0;39;1m----------> 25% EXECUTING [36s][m[35D[3B[1m> :scheduler:compileJava[m[24D[1B[4A[1m<[0;32;1m===[0;39;1m----------> 25% EXECUTING [36s][m[35D[3B[1m> :scheduler:compileJava[m[24D[1B[4A[1m<[0;32;1m===[0;39;1m----------> 25% EXECUTING [36s][m[35D[3B[1m> :scheduler:compileJava[m[24D[1B[4A[1m<[0;32;1m===[0;39;1m----------> 25% EXECUTING [36s][m[35D[3B[1m> :scheduler:compileJava[m[24D[1B[4A[1m<[0;32;1m===[0;39;1m----------> 25% EXECUTING [36s][m[35D[3B[1m> :scheduler:compileJava[m[24D[1B[4A[1m<[0;32;1m===[0;39;1m----------> 25% EXECUTING [36s][m[35D[3B[1m> :scheduler:compileJava[m[24D[1B[4A[1m<[0;32;1m===[0;39;1m----------> 25% EXECUTING [36s][m[35D[3B[1m> :scheduler:compileJava[m[24D[1B[4A[1m<[0;32;1m===[0;39;1m----------> 25% EXECUTING [36s][m[35D[3B[1m> :scheduler:compileJava[m[24D[1B[4A[1m<[0;32;1m===[0;39;1m----------> 25% EXECUTING [36s][m[35D[3B[1m> :scheduler:compileJava[m[24D[1B[4A[1m<[0;32;1m===[0;39;1m----------> 25% EXECUTING [36s][m[35D[3B[1m> :scheduler:compileJava[m[24D[1B[4A[1m<[0;32;1m===[0;39;1m----------> 25% EXECUTING [37s][m[35D[3B[1m> :scheduler:compileJava[m[24D[1B[4A[1m<[0;32;1m===[0;39;1m----------> 25% EXECUTING [37s][m[35D[3B[1m> :scheduler:compileJava[m[24D[1B[4A[1m<[0;32;1m===[0;39;1m----------> 25% EXECUTING [37s][m[35D[3B[1m> :scheduler:compileJava[m[24D[1B[4A[1m<[0;32;1m===[0;39;1m----------> 25% EXECUTING [37s][m[35D[3B[1m> :scheduler:compileJava[m[24D[1B[4A[1m<[0;32;1m===[0;39;1m----------> 25% EXECUTING [37s][m[35D[3B[1m> :scheduler:compileJava[m[24D[1B[4A[1m<[0;32;1m===[0;39;1m----------> 25% EXECUTING [37s][m[35D[3B[1m> :scheduler:compileJava[m[24D[1B[4A[1m<[0;32;1m===[0;39;1m----------> 25% EXECUTING [37s][m[35D[3B[1m> :scheduler:compileJava[m[24D[1B[4A[1m<[0;32;1m===[0;39;1m----------> 25% EXECUTING [37s][m[35D[3B[1m> :scheduler:compileJava[m[24D[1B[4A[1m<[0;32;1m===[0;39;1m----------> 25% EXECUTING [37s][m[35D[3B[1m> :scheduler:compileJava[m[24D[1B[4A[1m<[0;32;1m===[0;39;1m----------> 25% EXECUTING [37s][m[35D[3B[1m> :scheduler:compileJava[m[24D[1B[4A[1m<[0;32;1m===[0;39;1m----------> 25% EXECUTING [38s][m[35D[3B[1m> :scheduler:compileJava[m[24D[1B[4A[1m<[0;32;1m===[0;39;1m----------> 25% EXECUTING [38s][m[35D[3B[1m> :scheduler:compileJava[m[24D[1B[4A[1m<[0;32;1m===[0;39;1m----------> 25% EXECUTING [38s][m[35D[3B[1m> :scheduler:compileJava[m[24D[1B[4A[1m<[0;32;1m===[0;39;1m----------> 25% EXECUTING [38s][m[35D[3B[1m> :scheduler:compileJava[m[24D[1B[4A[1m<[0;32;1m===[0;39;1m----------> 25% EXECUTING [38s][m[35D[3B[1m> :scheduler:compileJava[m[24D[1B[4A[1m<[0;32;1m===[0;39;1m----------> 25% EXECUTING [38s][m[35D[3B[1m> :scheduler:compileJava[m[24D[1B[4A[1m<[0;32;1m===[0;39;1m----------> 25% EXECUTING [38s][m[35D[3B[1m> :scheduler:compileJava[m[24D[1B[4A/build/sdk/scheduler/src/main/java/com/mesosphere/sdk/curator/CuratorPersister.java:316: warning: [deprecation] inTransaction() in CuratorFramework has been deprecated[0K
            .inTransaction()[0K
            ^[0K
[1B[0K
[0K
[0K
[4A[1m<[0;32;1m===[0;39;1m----------> 25% EXECUTING [38s][m[35D[1B> IDLE[6D[1B> IDLE[6D[1B[1m> :scheduler:compileJava[m[24D[1B[4A[1m<[0;32;1m===[0;39;1m----------> 25% EXECUTING [38s][m[35D[3B[1m> :scheduler:compileJava[m[24D[1B[4A[1m<[0;32;1m===[0;39;1m----------> 25% EXECUTING [38s][m[35D[3B[1m> :scheduler:compileJava[m[24D[1B[4A[1m<[0;32;1m===[0;39;1m----------> 25% EXECUTING [39s][m[35D[3B[1m> :scheduler:compileJava[m[24D[1B[4A[1m<[0;32;1m===[0;39;1m----------> 25% EXECUTING [39s][m[35D[3B[1m> :scheduler:compileJava[m[24D[1B[4A[1m<[0;32;1m===[0;39;1m----------> 25% EXECUTING [39s][m[35D[3B[1m> :scheduler:compileJava[m[24D[1B[4A[1m<[0;32;1m===[0;39;1m----------> 25% EXECUTING [39s][m[35D[3B[1m> :scheduler:compileJava[m[24D[1B[4A[1m<[0;32;1m===[0;39;1m----------> 25% EXECUTING [39s][m[35D[3B[1m> :scheduler:compileJava[m[24D[1B[4A[1m<[0;32;1m===[0;39;1m----------> 25% EXECUTING [39s][m[35D[3B[1m> :scheduler:compileJava[m[24D[1B[4A[1m<[0;32;1m===[0;39;1m----------> 25% EXECUTING [39s][m[35D[3B[1m> :scheduler:compileJava[m[24D[1B[4A[1m<[0;32;1m===[0;39;1m----------> 25% EXECUTING [39s][m[35D[3B[1m> :scheduler:compileJava[m[24D[1B[4A7 warnings[0K
[3B[0K
[4A[1m<[0;32;1m===[0;39;1m----------> 25% EXECUTING [39s][m[35D[1B> IDLE[6D[1B> IDLE[0K[6D[1B[1m> :scheduler:compileJava[m[24D[1B[4A[1m<[0;32;1m===[0;39;1m----------> 25% EXECUTING [39s][m[35D[3B[1m> :scheduler:compileJava[m[24D[1B[4A[1m<[0;32;1m===[0;39;1m----------> 28% EXECUTING [40s][m[35D[3B[1m> :scheduler:processResources[m[29D[1B[4A[1m<[0;32;1m====[0;39;1m---------> 35% EXECUTING [40s][m[35D[3B[1m> :scheduler:jar[m[0K[16D[1B[4A[1m<[0;32;1m====[0;39;1m---------> 35% EXECUTING [40s][m[35D[3B[1m> :scheduler:jar[m[16D[1B[4A[1m<[0;32;1m====[0;39;1m---------> 35% EXECUTING [40s][m[35D[3B[1m> :scheduler:jar[m[16D[1B[4A[1m<[0;32;1m====[0;39;1m---------> 35% EXECUTING [40s][m[35D[3B[1m> :scheduler:jar[m[16D[1B[4A[1m<[0;32;1m====[0;39;1m---------> 35% EXECUTING [40s][m[35D[3B[1m> :scheduler:jar[m[16D[1B[4A[1m<[0;32;1m====[0;39;1m---------> 35% EXECUTING [40s][m[35D[3B[1m> :scheduler:jar[m[16D[1B[4A[1m<[0;32;1m====[0;39;1m---------> 35% EXECUTING [40s][m[35D[3B[1m> :scheduler:jar[m[16D[1B[4A[1m<[0;32;1m=====[0;39;1m--------> 39% EXECUTING [40s][m[35D[1B[1m> :testing:compileJava > Resolve dependencies of :testing:compileClasspath[m[74D[2B[1m> :elastic:compileJava > Resolve dependencies of :elastic:compileClasspath[m[74D[1B[4A[1m<[0;32;1m=====[0;39;1m--------> 39% EXECUTING [40s][m[35D[1B[1m> :testing:compileJava[m[0K[22D[2B[1m> :elastic:compileJava[m[0K[22D[1B[4A[1m<[0;32;1m=====[0;39;1m--------> 39% EXECUTING [41s][m[35D[1B[1m> :testing:compileJava[m[22D[2B[1m> :elastic:compileJava[m[22D[1B[4A[1m<[0;32;1m=====[0;39;1m--------> 39% EXECUTING [41s][m[35D[1B[1m> :testing:compileJava[m[22D[2B[1m> :elastic:compileJava[m[22D[1B[4A[1m<[0;32;1m=====[0;39;1m--------> 39% EXECUTING [41s][m[35D[1B[1m> :testing:compileJava[m[22D[2B[1m> :elastic:compileJava[m[22D[1B[4A[1m<[0;32;1m=====[0;39;1m--------> 39% EXECUTING [41s][m[35D[1B[1m> :testing:compileJava[m[22D[2B[1m> :elastic:compileJava[m[22D[1B[4A[1m<[0;32;1m=====[0;39;1m--------> 39% EXECUTING [41s][m[35D[1B[1m> :testing:compileJava[m[22D[2B[1m> :elastic:compileJava[m[22D[1B[4A[1m<[0;32;1m=====[0;39;1m--------> 39% EXECUTING [41s][m[35D[1B[1m> :testing:compileJava[m[22D[2B[1m> :elastic:compileJava[m[22D[1B[4A[1m<[0;32;1m=====[0;39;1m--------> 39% EXECUTING [41s][m[35D[1B[1m> :testing:compileJava[m[22D[2B[1m> :elastic:compileJava[m[22D[1B[4A[1m<[0;32;1m=====[0;39;1m--------> 39% EXECUTING [41s][m[35D[1B[1m> :testing:compileJava[m[22D[2B[1m> :elastic:compileJava[m[22D[1B[4A[1m<[0;32;1m=====[0;39;1m--------> 39% EXECUTING [41s][m[35D[1B[1m> :testing:compileJava[m[22D[2B[1m> :elastic:compileJava[m[22D[1B[4A[1m<[0;32;1m=====[0;39;1m--------> 39% EXECUTING [41s][m[35D[1B[1m> :testing:compileJava[m[22D[2B[1m> :elastic:compileJava[m[22D[1B[4A[1m<[0;32;1m=====[0;39;1m--------> 39% EXECUTING [42s][m[35D[1B[1m> :testing:compileJava[m[22D[2B[1m> :elastic:compileJava[m[22D[1B[4A[1m<[0;32;1m======[0;39;1m-------> 46% EXECUTING [42s][m[35D[1B[1m> :testing:compileJava[m[22D[2B[1m> :elastic:checkstyleMain > Resolve dependencies of :elastic:checkstyle[m[71D[1B[4A[1m<[0;32;1m======[0;39;1m-------> 46% EXECUTING [42s][m[35D[1B[1m> :testing:compileJava[m[22D[2B[1m> :elastic:checkstyleMain[m[0K[25D[1B[4A[1m<[0;32;1m======[0;39;1m-------> 46% EXECUTING [42s][m[35D[1B[1m> :testing:compileJava[m[22D[2B[1m> :elastic:checkstyleMain[m[25D[1B[4A[1m<[0;32;1m======[0;39;1m-------> 46% EXECUTING [42s][m[35D[1B[1m> :testing:compileJava[m[22D[2B[1m> :elastic:checkstyleMain[m[25D[1B[4A[1m<[0;32;1m======[0;39;1m-------> 46% EXECUTING [42s][m[35D[1B[1m> :testing:compileJava[m[22D[2B[1m> :elastic:checkstyleMain[m[25D[1B[4A[1m<[0;32;1m======[0;39;1m-------> 46% EXECUTING [42s][m[35D[1B[1m> :testing:compileJava[m[22D[2B[1m> :elastic:checkstyleMain[m[25D[1B[4A[1m<[0;32;1m======[0;39;1m-------> 46% EXECUTING [42s][m[35D[1B[1m> :testing:compileJava[m[22D[2B[1m> :elastic:checkstyleMain[m[25D[1B[4A[0K
[1m> Task :testing:compileJava[m[0K
/build/sdk/testing/src/main/java/com/mesosphere/sdk/testing/Expect.java:37: warning: [deprecation] Matchers in org.mockito has been deprecated[0K
import static org.mockito.Matchers.any;[0K
                         ^
1 warning
[0K
[0K
[0K
[0K
[4A[1m<[0;32;1m=======[0;39;1m------> 57% EXECUTING [42s][m[35D[1B> IDLE[6D[1B> IDLE[6D[1B[1m> :elastic:checkstyleMain[m[25D[1B[4A[1m<[0;32;1m=======[0;39;1m------> 57% EXECUTING [42s][m[35D[3B[1m> :elastic:checkstyleMain[m[25D[1B[4A[1m<[0;32;1m=======[0;39;1m------> 57% EXECUTING [43s][m[35D[3B[1m> :elastic:checkstyleMain[m[25D[1B[4A[1m<[0;32;1m=======[0;39;1m------> 57% EXECUTING [43s][m[35D[3B[1m> :elastic:checkstyleMain[m[25D[1B[4A[1m<[0;32;1m=======[0;39;1m------> 57% EXECUTING [43s][m[35D[3B[1m> :elastic:checkstyleMain[m[25D[1B[4A[1m<[0;32;1m=======[0;39;1m------> 57% EXECUTING [43s][m[35D[3B[1m> :elastic:checkstyleMain[m[25D[1B[4A[1m<[0;32;1m=======[0;39;1m------> 57% EXECUTING [43s][m[35D[3B[1m> :elastic:checkstyleMain[m[25D[1B[4A[1m<[0;32;1m=======[0;39;1m------> 57% EXECUTING [43s][m[35D[3B[1m> :elastic:checkstyleMain[m[25D[1B[4A[1m<[0;32;1m=======[0;39;1m------> 57% EXECUTING [43s][m[35D[3B[1m> :elastic:checkstyleMain[m[25D[1B[4A[1m<[0;32;1m=======[0;39;1m------> 57% EXECUTING [43s][m[35D[3B[1m> :elastic:checkstyleMain[m[25D[1B[4A[1m<[0;32;1m=======[0;39;1m------> 57% EXECUTING [43s][m[35D[3B[1m> :elastic:checkstyleMain[m[25D[1B[4A[1m<[0;32;1m=======[0;39;1m------> 57% EXECUTING [43s][m[35D[3B[1m> :elastic:checkstyleMain[m[25D[1B[4A[1m<[0;32;1m=======[0;39;1m------> 57% EXECUTING [44s][m[35D[3B[1m> :elastic:checkstyleMain[m[25D[1B[4A[1m<[0;32;1m=======[0;39;1m------> 57% EXECUTING [44s][m[35D[3B[1m> :elastic:checkstyleMain[m[25D[1B[4A[1m<[0;32;1m=======[0;39;1m------> 57% EXECUTING [44s][m[35D[3B[1m> :elastic:checkstyleMain[m[25D[1B[4A[1m<[0;32;1m=======[0;39;1m------> 57% EXECUTING [44s][m[35D[3B[1m> :elastic:checkstyleMain[m[25D[1B[4A[1m<[0;32;1m=======[0;39;1m------> 57% EXECUTING [44s][m[35D[3B[1m> :elastic:checkstyleMain[m[25D[1B[4A[1m<[0;32;1m=======[0;39;1m------> 57% EXECUTING [44s][m[35D[3B[1m> :elastic:checkstyleMain[m[25D[1B[4A[1m<[0;32;1m=======[0;39;1m------> 57% EXECUTING [44s][m[35D[3B[1m> :elastic:checkstyleMain[m[25D[1B[4A[1m<[0;32;1m=======[0;39;1m------> 57% EXECUTING [44s][m[35D[3B[1m> :elastic:checkstyleMain[m[25D[1B[4A[1m<[0;32;1m=======[0;39;1m------> 57% EXECUTING [44s][m[35D[3B[1m> :elastic:checkstyleMain[m[25D[1B[4A[1m<[0;32;1m=======[0;39;1m------> 57% EXECUTING [44s][m[35D[3B[1m> :elastic:checkstyleMain[m[25D[1B[4A[1m<[0;32;1m=======[0;39;1m------> 57% EXECUTING [45s][m[35D[3B[1m> :elastic:checkstyleMain[m[25D[1B[4A[1m<[0;32;1m=======[0;39;1m------> 57% EXECUTING [45s][m[35D[3B[1m> :elastic:checkstyleMain[m[25D[1B[4A[1m<[0;32;1m=======[0;39;1m------> 57% EXECUTING [45s][m[35D[3B[1m> :elastic:checkstyleMain[m[25D[1B[4A[1m<[0;32;1m=======[0;39;1m------> 57% EXECUTING [45s][m[35D[3B[1m> :elastic:checkstyleMain[m[25D[1B[4A[1m<[0;32;1m=======[0;39;1m------> 57% EXECUTING [45s][m[35D[3B[1m> :elastic:checkstyleMain[m[25D[1B[4A[1m<[0;32;1m=======[0;39;1m------> 57% EXECUTING [45s][m[35D[3B[1m> :elastic:checkstyleMain[m[25D[1B[4A[1m<[0;32;1m=======[0;39;1m------> 57% EXECUTING [45s][m[35D[3B[1m> :elastic:checkstyleMain[m[25D[1B[4A[1m<[0;32;1m=======[0;39;1m------> 57% EXECUTING [45s][m[35D[3B[1m> :elastic:checkstyleMain[m[25D[1B[4A[1m<[0;32;1m=======[0;39;1m------> 57% EXECUTING [45s][m[35D[3B[1m> :elastic:checkstyleMain[m[25D[1B[4A[1m<[0;32;1m=======[0;39;1m------> 57% EXECUTING [45s][m[35D[3B[1m> :elastic:checkstyleMain[m[25D[1B[4A[1m<[0;32;1m=======[0;39;1m------> 57% EXECUTING [46s][m[35D[3B[1m> :elastic:checkstyleMain[m[25D[1B[4A[1m<[0;32;1m=======[0;39;1m------> 57% EXECUTING [46s][m[35D[3B[1m> :elastic:checkstyleMain[m[25D[1B[4A[1m<[0;32;1m=======[0;39;1m------> 57% EXECUTING [46s][m[35D[3B[1m> :elastic:checkstyleMain[m[25D[1B[4A[1m<[0;32;1m=======[0;39;1m------> 57% EXECUTING [46s][m[35D[3B[1m> :elastic:checkstyleMain[m[25D[1B[4A[1m<[0;32;1m=======[0;39;1m------> 57% EXECUTING [46s][m[35D[3B[1m> :elastic:checkstyleMain[m[25D[1B[4A[1m<[0;32;1m=======[0;39;1m------> 57% EXECUTING [46s][m[35D[3B[1m> :elastic:checkstyleMain[m[25D[1B[4A[1m<[0;32;1m=======[0;39;1m------> 57% EXECUTING [46s][m[35D[3B[1m> :elastic:checkstyleMain[m[25D[1B[4A[1m<[0;32;1m=======[0;39;1m------> 57% EXECUTING [46s][m[35D[3B[1m> :elastic:checkstyleMain[m[25D[1B[4A[1m<[0;32;1m=======[0;39;1m------> 57% EXECUTING [46s][m[35D[3B[1m> :elastic:checkstyleMain[m[25D[1B[4A[1m<[0;32;1m=======[0;39;1m------> 57% EXECUTING [46s][m[35D[3B[1m> :elastic:checkstyleMain[m[25D[1B[4A[1m<[0;32;1m=======[0;39;1m------> 57% EXECUTING [47s][m[35D[3B[1m> :elastic:checkstyleMain[m[25D[1B[4A[1m<[0;32;1m=======[0;39;1m------> 57% EXECUTING [47s][m[35D[3B[1m> :elastic:checkstyleMain[m[25D[1B[4A[1m<[0;32;1m=======[0;39;1m------> 57% EXECUTING [47s][m[35D[3B[1m> :elastic:checkstyleMain[m[25D[1B[4A[1m<[0;32;1m=======[0;39;1m------> 57% EXECUTING [47s][m[35D[3B[1m> :elastic:checkstyleMain[m[25D[1B[4A[1m<[0;32;1m=======[0;39;1m------> 57% EXECUTING [47s][m[35D[3B[1m> :elastic:checkstyleMain[m[25D[1B[4A[1m<[0;32;1m=======[0;39;1m------> 57% EXECUTING [47s][m[35D[3B[1m> :elastic:checkstyleMain[m[25D[1B[4A[1m<[0;32;1m=======[0;39;1m------> 60% EXECUTING [47s][m[35D[3B[1m> :elastic:compileTestJava > Resolve dependencies of :elastic:testCompileClasspath[m[82D[1B[4A[1m<[0;32;1m=======[0;39;1m------> 60% EXECUTING [47s][m[35D[3B[1m> :elastic:compileTestJava[m[0K[26D[1B[4A[1m<[0;32;1m=======[0;39;1m------> 60% EXECUTING [47s][m[35D[3B[1m> :elastic:compileTestJava[m[26D[1B[4A[1m<[0;32;1m=======[0;39;1m------> 60% EXECUTING [47s][m[35D[3B[1m> :elastic:compileTestJava[m[26D[1B[4A[1m<[0;32;1m=======[0;39;1m------> 60% EXECUTING [48s][m[35D[3B[1m> :elastic:compileTestJava[m[26D[1B[4A[1m<[0;32;1m========[0;39;1m-----> 67% EXECUTING [48s][m[35D[3B[1m> :elastic:checkstyleTest[m[0K[25D[1B[4A[1m<[0;32;1m========[0;39;1m-----> 67% EXECUTING [48s][m[35D[3B[1m> :elastic:checkstyleTest[m[25D[1B[4A[1m<[0;32;1m========[0;39;1m-----> 67% EXECUTING [48s][m[35D[3B[1m> :elastic:checkstyleTest[m[25D[1B[4A[1m<[0;32;1m========[0;39;1m-----> 67% EXECUTING [48s][m[35D[3B[1m> :elastic:checkstyleTest[m[25D[1B[4A[1m<[0;32;1m========[0;39;1m-----> 67% EXECUTING [48s][m[35D[3B[1m> :elastic:checkstyleTest[m[25D[1B[4A[1m<[0;32;1m=========[0;39;1m----> 71% EXECUTING [48s][m[35D[3B[1m> :elastic:findbugsMain > Resolve dependencies of :elastic:findbugs[m[67D[1B[4A[1m<[0;32;1m=========[0;39;1m----> 71% EXECUTING [48s][m[35D[3B[1m> :elastic:findbugsMain > Resolve dependencies of :elastic:findbugs[m[67D[1B[4A[1m<[0;32;1m=========[0;39;1m----> 71% EXECUTING [48s][m[35D[3B[1m> :elastic:findbugsMain[m[0K[23D[1B[4A[1m<[0;32;1m=========[0;39;1m----> 71% EXECUTING [48s][m[35D[3B[1m> :elastic:findbugsMain[m[23D[1B[4A[1m<[0;32;1m=========[0;39;1m----> 71% EXECUTING [49s][m[35D[3B[1m> :elastic:findbugsMain[m[23D[1B[4A[1m<[0;32;1m=========[0;39;1m----> 71% EXECUTING [49s][m[35D[3B[1m> :elastic:findbugsMain[m[23D[1B[4A[1m<[0;32;1m=========[0;39;1m----> 71% EXECUTING [49s][m[35D[3B[1m> :elastic:findbugsMain[m[23D[1B[4A[1m<[0;32;1m=========[0;39;1m----> 71% EXECUTING [49s][m[35D[3B[1m> :elastic:findbugsMain[m[23D[1B[4A[1m<[0;32;1m=========[0;39;1m----> 71% EXECUTING [49s][m[35D[3B[1m> :elastic:findbugsMain[m[23D[1B[4A[1m<[0;32;1m=========[0;39;1m----> 71% EXECUTING [49s][m[35D[3B[1m> :elastic:findbugsMain[m[23D[1B[4A[1m<[0;32;1m=========[0;39;1m----> 71% EXECUTING [49s][m[35D[3B[1m> :elastic:findbugsMain[m[23D[1B[4A[1m<[0;32;1m=========[0;39;1m----> 71% EXECUTING [49s][m[35D[3B[1m> :elastic:findbugsMain[m[23D[1B[4A[1m<[0;32;1m=========[0;39;1m----> 71% EXECUTING [49s][m[35D[3B[1m> :elastic:findbugsMain[m[23D[1B[4A[1m<[0;32;1m=========[0;39;1m----> 71% EXECUTING [49s][m[35D[3B[1m> :elastic:findbugsMain[m[23D[1B[4A[1m<[0;32;1m=========[0;39;1m----> 71% EXECUTING [50s][m[35D[3B[1m> :elastic:findbugsMain[m[23D[1B[4A[1m<[0;32;1m=========[0;39;1m----> 71% EXECUTING [50s][m[35D[3B[1m> :elastic:findbugsMain[m[23D[1B[4A[1m<[0;32;1m=========[0;39;1m----> 71% EXECUTING [50s][m[35D[3B[1m> :elastic:findbugsMain[m[23D[1B[4A[1m<[0;32;1m=========[0;39;1m----> 71% EXECUTING [50s][m[35D[3B[1m> :elastic:findbugsMain[m[23D[1B[4A[1m<[0;32;1m=========[0;39;1m----> 71% EXECUTING [50s][m[35D[3B[1m> :elastic:findbugsMain[m[23D[1B[4A[1m<[0;32;1m=========[0;39;1m----> 71% EXECUTING [50s][m[35D[3B[1m> :elastic:findbugsMain[m[23D[1B[4A[1m<[0;32;1m=========[0;39;1m----> 71% EXECUTING [50s][m[35D[3B[1m> :elastic:findbugsMain[m[23D[1B[4A[1m<[0;32;1m=========[0;39;1m----> 71% EXECUTING [50s][m[35D[3B[1m> :elastic:findbugsMain[m[23D[1B[4A[1m<[0;32;1m=========[0;39;1m----> 71% EXECUTING [50s][m[35D[3B[1m> :elastic:findbugsMain[m[23D[1B[4A[1m<[0;32;1m=========[0;39;1m----> 71% EXECUTING [50s][m[35D[3B[1m> :elastic:findbugsMain[m[23D[1B[4A[1m<[0;32;1m=========[0;39;1m----> 71% EXECUTING [51s][m[35D[3B[1m> :elastic:findbugsMain[m[23D[1B[4A[1m<[0;32;1m=========[0;39;1m----> 71% EXECUTING [51s][m[35D[3B[1m> :elastic:findbugsMain[m[23D[1B[4A[1m<[0;32;1m=========[0;39;1m----> 71% EXECUTING [51s][m[35D[3B[1m> :elastic:findbugsMain[m[23D[1B[4A[1m<[0;32;1m=========[0;39;1m----> 71% EXECUTING [51s][m[35D[3B[1m> :elastic:findbugsMain[m[23D[1B[4A[1m<[0;32;1m=========[0;39;1m----> 71% EXECUTING [51s][m[35D[3B[1m> :elastic:findbugsMain[m[23D[1B[4A[1m<[0;32;1m=========[0;39;1m----> 71% EXECUTING [51s][m[35D[3B[1m> :elastic:findbugsMain[m[23D[1B[4A[1m<[0;32;1m=========[0;39;1m----> 71% EXECUTING [51s][m[35D[3B[1m> :elastic:findbugsMain[m[23D[1B[4A[1m<[0;32;1m=========[0;39;1m----> 71% EXECUTING [51s][m[35D[3B[1m> :elastic:findbugsMain[m[23D[1B[4A[1m<[0;32;1m=========[0;39;1m----> 71% EXECUTING [51s][m[35D[3B[1m> :elastic:findbugsMain[m[23D[1B[4A[1m<[0;32;1m=========[0;39;1m----> 71% EXECUTING [51s][m[35D[3B[1m> :elastic:findbugsMain[m[23D[1B[4A[1m<[0;32;1m=========[0;39;1m----> 71% EXECUTING [52s][m[35D[3B[1m> :elastic:findbugsMain[m[23D[1B[4A[1m<[0;32;1m=========[0;39;1m----> 71% EXECUTING [52s][m[35D[3B[1m> :elastic:findbugsMain[m[23D[1B[4A[1m<[0;32;1m=========[0;39;1m----> 71% EXECUTING [52s][m[35D[3B[1m> :elastic:findbugsMain[m[23D[1B[4A[1m<[0;32;1m=========[0;39;1m----> 71% EXECUTING [52s][m[35D[3B[1m> :elastic:findbugsMain[m[23D[1B[4A[1m<[0;32;1m=========[0;39;1m----> 71% EXECUTING [52s][m[35D[3B[1m> :elastic:findbugsMain[m[23D[1B[4A[1m<[0;32;1m=========[0;39;1m----> 71% EXECUTING [52s][m[35D[3B[1m> :elastic:findbugsMain[m[23D[1B[4A[1m<[0;32;1m=========[0;39;1m----> 71% EXECUTING [52s][m[35D[3B[1m> :elastic:findbugsMain[m[23D[1B[4A[1m<[0;32;1m=========[0;39;1m----> 71% EXECUTING [52s][m[35D[3B[1m> :elastic:findbugsMain[m[23D[1B[4A[1m<[0;32;1m=========[0;39;1m----> 71% EXECUTING [52s][m[35D[3B[1m> :elastic:findbugsMain[m[23D[1B[4A[1m<[0;32;1m=========[0;39;1m----> 71% EXECUTING [52s][m[35D[3B[1m> :elastic:findbugsMain[m[23D[1B[4A[1m<[0;32;1m=========[0;39;1m----> 71% EXECUTING [53s][m[35D[3B[1m> :elastic:findbugsMain[m[23D[1B[4A[1m<[0;32;1m=========[0;39;1m----> 71% EXECUTING [53s][m[35D[3B[1m> :elastic:findbugsMain[m[23D[1B[4A[1m<[0;32;1m=========[0;39;1m----> 71% EXECUTING [53s][m[35D[3B[1m> :elastic:findbugsMain[m[23D[1B[4A[1m<[0;32;1m=========[0;39;1m----> 71% EXECUTING [53s][m[35D[3B[1m> :elastic:findbugsMain[m[23D[1B[4A[1m<[0;32;1m=========[0;39;1m----> 71% EXECUTING [53s][m[35D[3B[1m> :elastic:findbugsMain[m[23D[1B[4A[1m<[0;32;1m=========[0;39;1m----> 71% EXECUTING [53s][m[35D[3B[1m> :elastic:findbugsMain[m[23D[1B[4A[1m<[0;32;1m=========[0;39;1m----> 71% EXECUTING [53s][m[35D[3B[1m> :elastic:findbugsMain[m[23D[1B[4A[1m<[0;32;1m=========[0;39;1m----> 71% EXECUTING [53s][m[35D[3B[1m> :elastic:findbugsMain[m[23D[1B[4A[1m<[0;32;1m=========[0;39;1m----> 71% EXECUTING [53s][m[35D[3B[1m> :elastic:findbugsMain[m[23D[1B[4A[1m<[0;32;1m=========[0;39;1m----> 71% EXECUTING [53s][m[35D[3B[1m> :elastic:findbugsMain[m[23D[1B[4A[1m<[0;32;1m=========[0;39;1m----> 71% EXECUTING [54s][m[35D[3B[1m> :elastic:findbugsMain[m[23D[1B[4A[1m<[0;32;1m=========[0;39;1m----> 71% EXECUTING [54s][m[35D[3B[1m> :elastic:findbugsMain[m[23D[1B[4A[1m<[0;32;1m=========[0;39;1m----> 71% EXECUTING [54s][m[35D[3B[1m> :elastic:findbugsMain[m[23D[1B[4A[1m<[0;32;1m=========[0;39;1m----> 71% EXECUTING [54s][m[35D[3B[1m> :elastic:findbugsMain[m[23D[1B[4A[1m<[0;32;1m=========[0;39;1m----> 71% EXECUTING [54s][m[35D[3B[1m> :elastic:findbugsMain[m[23D[1B[4A[1m<[0;32;1m=========[0;39;1m----> 71% EXECUTING [54s][m[35D[3B[1m> :elastic:findbugsMain[m[23D[1B[4A[1m<[0;32;1m=========[0;39;1m----> 71% EXECUTING [54s][m[35D[3B[1m> :elastic:findbugsMain[m[23D[1B[4A[1m<[0;32;1m=========[0;39;1m----> 71% EXECUTING [54s][m[35D[3B[1m> :elastic:findbugsMain[m[23D[1B[4A[1m<[0;32;1m=========[0;39;1m----> 71% EXECUTING [54s][m[35D[3B[1m> :elastic:findbugsMain[m[23D[1B[4A[1m<[0;32;1m=========[0;39;1m----> 71% EXECUTING [54s][m[35D[3B[1m> :elastic:findbugsMain[m[23D[1B[4A[1m<[0;32;1m=========[0;39;1m----> 71% EXECUTING [55s][m[35D[3B[1m> :elastic:findbugsMain[m[23D[1B[4A[1m<[0;32;1m=========[0;39;1m----> 71% EXECUTING [55s][m[35D[3B[1m> :elastic:findbugsMain[m[23D[1B[4A[1m<[0;32;1m=========[0;39;1m----> 71% EXECUTING [55s][m[35D[3B[1m> :elastic:findbugsMain[m[23D[1B[4A[1m<[0;32;1m=========[0;39;1m----> 71% EXECUTING [55s][m[35D[3B[1m> :elastic:findbugsMain[m[23D[1B[4A[1m<[0;32;1m=========[0;39;1m----> 71% EXECUTING [55s][m[35D[3B[1m> :elastic:findbugsMain[m[23D[1B[4A[1m<[0;32;1m=========[0;39;1m----> 71% EXECUTING [55s][m[35D[3B[1m> :elastic:findbugsMain[m[23D[1B[4A[1m<[0;32;1m=========[0;39;1m----> 71% EXECUTING [55s][m[35D[3B[1m> :elastic:findbugsMain[m[23D[1B[4A[1m<[0;32;1m=========[0;39;1m----> 71% EXECUTING [55s][m[35D[3B[1m> :elastic:findbugsMain[m[23D[1B[4A[1m<[0;32;1m=========[0;39;1m----> 71% EXECUTING [55s][m[35D[3B[1m> :elastic:findbugsMain[m[23D[1B[4A[1m<[0;32;1m=========[0;39;1m----> 71% EXECUTING [55s][m[35D[3B[1m> :elastic:findbugsMain[m[23D[1B[4A[1m<[0;32;1m=========[0;39;1m----> 71% EXECUTING [56s][m[35D[3B[1m> :elastic:findbugsMain[m[23D[1B[4A[1m<[0;32;1m=========[0;39;1m----> 71% EXECUTING [56s][m[35D[3B[1m> :elastic:findbugsMain[m[23D[1B[4A[1m<[0;32;1m=========[0;39;1m----> 71% EXECUTING [56s][m[35D[3B[1m> :elastic:findbugsMain[m[23D[1B[4A[1m<[0;32;1m=========[0;39;1m----> 71% EXECUTING [56s][m[35D[3B[1m> :elastic:findbugsMain[m[23D[1B[4A[1m<[0;32;1m=========[0;39;1m----> 71% EXECUTING [56s][m[35D[3B[1m> :elastic:findbugsMain[m[23D[1B[4A[1m<[0;32;1m=========[0;39;1m----> 71% EXECUTING [56s][m[35D[3B[1m> :elastic:findbugsMain[m[23D[1B[4A[1m<[0;32;1m=========[0;39;1m----> 71% EXECUTING [56s][m[35D[3B[1m> :elastic:findbugsMain[m[23D[1B[4A[1m<[0;32;1m=========[0;39;1m----> 71% EXECUTING [56s][m[35D[3B[1m> :elastic:findbugsMain[m[23D[1B[4A[1m<[0;32;1m=========[0;39;1m----> 71% EXECUTING [56s][m[35D[3B[1m> :elastic:findbugsMain[m[23D[1B[4A[1m<[0;32;1m=========[0;39;1m----> 71% EXECUTING [56s][m[35D[3B[1m> :elastic:findbugsMain[m[23D[1B[4A[1m<[0;32;1m=========[0;39;1m----> 71% EXECUTING [57s][m[35D[3B[1m> :elastic:findbugsMain[m[23D[1B[4A[1m<[0;32;1m=========[0;39;1m----> 71% EXECUTING [57s][m[35D[3B[1m> :elastic:findbugsMain[m[23D[1B[4A[1m<[0;32;1m=========[0;39;1m----> 71% EXECUTING [57s][m[35D[3B[1m> :elastic:findbugsMain[m[23D[1B[4A[1m<[0;32;1m=========[0;39;1m----> 71% EXECUTING [57s][m[35D[3B[1m> :elastic:findbugsMain[m[23D[1B[4A[1m<[0;32;1m=========[0;39;1m----> 71% EXECUTING [57s][m[35D[3B[1m> :elastic:findbugsMain[m[23D[1B[4A[1m<[0;32;1m=========[0;39;1m----> 71% EXECUTING [57s][m[35D[3B[1m> :elastic:findbugsMain[m[23D[1B[4A[1m<[0;32;1m=========[0;39;1m----> 71% EXECUTING [57s][m[35D[3B[1m> :elastic:findbugsMain[m[23D[1B[4A[1m<[0;32;1m=========[0;39;1m----> 71% EXECUTING [57s][m[35D[3B[1m> :elastic:findbugsMain[m[23D[1B[4A[1m<[0;32;1m=========[0;39;1m----> 71% EXECUTING [57s][m[35D[3B[1m> :elastic:findbugsMain[m[23D[1B[4A[1m<[0;32;1m=========[0;39;1m----> 71% EXECUTING [57s][m[35D[3B[1m> :elastic:findbugsMain[m[23D[1B[4A[1m<[0;32;1m=========[0;39;1m----> 71% EXECUTING [58s][m[35D[3B[1m> :elastic:findbugsMain[m[23D[1B[4A[1m<[0;32;1m=========[0;39;1m----> 71% EXECUTING [58s][m[35D[3B[1m> :elastic:findbugsMain[m[23D[1B[4A[1m<[0;32;1m=========[0;39;1m----> 71% EXECUTING [58s][m[35D[3B[1m> :elastic:findbugsMain[m[23D[1B[4A[1m<[0;32;1m=========[0;39;1m----> 71% EXECUTING [58s][m[35D[3B[1m> :elastic:findbugsMain[m[23D[1B[4A[1m<[0;32;1m=========[0;39;1m----> 71% EXECUTING [58s][m[35D[3B[1m> :elastic:findbugsMain[m[23D[1B[4A[1m<[0;32;1m=========[0;39;1m----> 71% EXECUTING [58s][m[35D[3B[1m> :elastic:findbugsMain[m[23D[1B[4A[1m<[0;32;1m=========[0;39;1m----> 71% EXECUTING [58s][m[35D[3B[1m> :elastic:findbugsMain[m[23D[1B[4A[1m<[0;32;1m=========[0;39;1m----> 71% EXECUTING [58s][m[35D[3B[1m> :elastic:findbugsMain[m[23D[1B[4A[1m<[0;32;1m=========[0;39;1m----> 71% EXECUTING [58s][m[35D[3B[1m> :elastic:findbugsMain[m[23D[1B[4A[1m<[0;32;1m=========[0;39;1m----> 71% EXECUTING [58s][m[35D[3B[1m> :elastic:findbugsMain[m[23D[1B[4A[1m<[0;32;1m=========[0;39;1m----> 71% EXECUTING [59s][m[35D[3B[1m> :elastic:findbugsMain[m[23D[1B[4A[1m<[0;32;1m=========[0;39;1m----> 71% EXECUTING [59s][m[35D[3B[1m> :elastic:findbugsMain[m[23D[1B[4A[1m<[0;32;1m=========[0;39;1m----> 71% EXECUTING [59s][m[35D[3B[1m> :elastic:findbugsMain[m[23D[1B[4A[1m<[0;32;1m=========[0;39;1m----> 71% EXECUTING [59s][m[35D[3B[1m> :elastic:findbugsMain[m[23D[1B[4A[1m<[0;32;1m=========[0;39;1m----> 71% EXECUTING [59s][m[35D[3B[1m> :elastic:findbugsMain[m[23D[1B[4A[1m<[0;32;1m=========[0;39;1m----> 71% EXECUTING [59s][m[35D[3B[1m> :elastic:findbugsMain[m[23D[1B[4A[1m<[0;32;1m=========[0;39;1m----> 71% EXECUTING [59s][m[35D[3B[1m> :elastic:findbugsMain[m[23D[1B[4A[1m<[0;32;1m=========[0;39;1m----> 71% EXECUTING [59s][m[35D[3B[1m> :elastic:findbugsMain[m[23D[1B[4A[1m<[0;32;1m=========[0;39;1m----> 71% EXECUTING [59s][m[35D[3B[1m> :elastic:findbugsMain[m[23D[1B[4A[1m<[0;32;1m=========[0;39;1m----> 71% EXECUTING [59s][m[35D[3B[1m> :elastic:findbugsMain[m[23D[1B[4A[1m<[0;32;1m=========[0;39;1m----> 71% EXECUTING [1m 0s][m[37D[3B[1m> :elastic:findbugsMain[m[23D[1B[4A[1m<[0;32;1m=========[0;39;1m----> 71% EXECUTING [1m 0s][m[37D[3B[1m> :elastic:findbugsMain[m[23D[1B[4A[1m<[0;32;1m=========[0;39;1m----> 71% EXECUTING [1m 0s][m[37D[3B[1m> :elastic:findbugsMain[m[23D[1B[4A[1m<[0;32;1m=========[0;39;1m----> 71% EXECUTING [1m 0s][m[37D[3B[1m> :elastic:findbugsMain[m[23D[1B[4A[1m<[0;32;1m=========[0;39;1m----> 71% EXECUTING [1m 0s][m[37D[3B[1m> :elastic:findbugsMain[m[23D[1B[4A[1m<[0;32;1m=========[0;39;1m----> 71% EXECUTING [1m 0s][m[37D[3B[1m> :elastic:findbugsMain[m[23D[1B[4A[1m<[0;32;1m=========[0;39;1m----> 71% EXECUTING [1m 0s][m[37D[3B[1m> :elastic:findbugsMain[m[23D[1B[4A[1m<[0;32;1m=========[0;39;1m----> 71% EXECUTING [1m 0s][m[37D[3B[1m> :elastic:findbugsMain[m[23D[1B[4A[1m<[0;32;1m=========[0;39;1m----> 75% EXECUTING [1m 0s][m[37D[3B[1m> :elastic:findbugsTest[m[23D[1B[4A[1m<[0;32;1m=========[0;39;1m----> 75% EXECUTING [1m 0s][m[37D[3B[1m> :elastic:findbugsTest[m[23D[1B[4A[1m<[0;32;1m=========[0;39;1m----> 75% EXECUTING [1m 1s][m[37D[3B[1m> :elastic:findbugsTest[m[23D[1B[4A[1m<[0;32;1m=========[0;39;1m----> 75% EXECUTING [1m 1s][m[37D[3B[1m> :elastic:findbugsTest[m[23D[1B[4A[1m<[0;32;1m=========[0;39;1m----> 75% EXECUTING [1m 1s][m[37D[3B[1m> :elastic:findbugsTest[m[23D[1B[4A[1m<[0;32;1m=========[0;39;1m----> 75% EXECUTING [1m 1s][m[37D[3B[1m> :elastic:findbugsTest[m[23D[1B[4A[1m<[0;32;1m=========[0;39;1m----> 75% EXECUTING [1m 1s][m[37D[3B[1m> :elastic:findbugsTest[m[23D[1B[4A[1m<[0;32;1m=========[0;39;1m----> 75% EXECUTING [1m 1s][m[37D[3B[1m> :elastic:findbugsTest[m[23D[1B[4A[1m<[0;32;1m=========[0;39;1m----> 75% EXECUTING [1m 1s][m[37D[3B[1m> :elastic:findbugsTest[m[23D[1B[4A[1m<[0;32;1m=========[0;39;1m----> 75% EXECUTING [1m 1s][m[37D[3B[1m> :elastic:findbugsTest[m[23D[1B[4A[1m<[0;32;1m=========[0;39;1m----> 75% EXECUTING [1m 1s][m[37D[3B[1m> :elastic:findbugsTest[m[23D[1B[4A[1m<[0;32;1m=========[0;39;1m----> 75% EXECUTING [1m 1s][m[37D[3B[1m> :elastic:findbugsTest[m[23D[1B[4A[1m<[0;32;1m=========[0;39;1m----> 75% EXECUTING [1m 2s][m[37D[3B[1m> :elastic:findbugsTest[m[23D[1B[4A[1m<[0;32;1m=========[0;39;1m----> 75% EXECUTING [1m 2s][m[37D[3B[1m> :elastic:findbugsTest[m[23D[1B[4A[1m<[0;32;1m=========[0;39;1m----> 75% EXECUTING [1m 2s][m[37D[3B[1m> :elastic:findbugsTest[m[23D[1B[4A[1m<[0;32;1m=========[0;39;1m----> 75% EXECUTING [1m 2s][m[37D[3B[1m> :elastic:findbugsTest[m[23D[1B[4A[1m<[0;32;1m=========[0;39;1m----> 75% EXECUTING [1m 2s][m[37D[3B[1m> :elastic:findbugsTest[m[23D[1B[4A[1m<[0;32;1m=========[0;39;1m----> 75% EXECUTING [1m 2s][m[37D[3B[1m> :elastic:findbugsTest[m[23D[1B[4A[1m<[0;32;1m=========[0;39;1m----> 75% EXECUTING [1m 2s][m[37D[3B[1m> :elastic:findbugsTest[m[23D[1B[4A[1m<[0;32;1m=========[0;39;1m----> 75% EXECUTING [1m 2s][m[37D[3B[1m> :elastic:findbugsTest[m[23D[1B[4A[1m<[0;32;1m=========[0;39;1m----> 75% EXECUTING [1m 2s][m[37D[3B[1m> :elastic:findbugsTest[m[23D[1B[4A[1m<[0;32;1m=========[0;39;1m----> 75% EXECUTING [1m 2s][m[37D[3B[1m> :elastic:findbugsTest[m[23D[1B[4A[1m<[0;32;1m=========[0;39;1m----> 75% EXECUTING [1m 3s][m[37D[3B[1m> :elastic:findbugsTest[m[23D[1B[4A[1m<[0;32;1m=========[0;39;1m----> 75% EXECUTING [1m 3s][m[37D[3B[1m> :elastic:findbugsTest[m[23D[1B[4A[1m<[0;32;1m=========[0;39;1m----> 75% EXECUTING [1m 3s][m[37D[3B[1m> :elastic:findbugsTest[m[23D[1B[4A[1m<[0;32;1m=========[0;39;1m----> 75% EXECUTING [1m 3s][m[37D[3B[1m> :elastic:findbugsTest[m[23D[1B[4A[1m<[0;32;1m=========[0;39;1m----> 75% EXECUTING [1m 3s][m[37D[3B[1m> :elastic:findbugsTest[m[23D[1B[4A[1m<[0;32;1m=========[0;39;1m----> 75% EXECUTING [1m 3s][m[37D[3B[1m> :elastic:findbugsTest[m[23D[1B[4A[1m<[0;32;1m=========[0;39;1m----> 75% EXECUTING [1m 3s][m[37D[3B[1m> :elastic:findbugsTest[m[23D[1B[4A[1m<[0;32;1m=========[0;39;1m----> 75% EXECUTING [1m 3s][m[37D[3B[1m> :elastic:findbugsTest[m[23D[1B[4A[1m<[0;32;1m=========[0;39;1m----> 75% EXECUTING [1m 3s][m[37D[3B[1m> :elastic:findbugsTest[m[23D[1B[4A[1m<[0;32;1m=========[0;39;1m----> 75% EXECUTING [1m 3s][m[37D[3B[1m> :elastic:findbugsTest[m[23D[1B[4A[1m<[0;32;1m=========[0;39;1m----> 75% EXECUTING [1m 4s][m[37D[3B[1m> :elastic:findbugsTest[m[23D[1B[4A[1m<[0;32;1m=========[0;39;1m----> 75% EXECUTING [1m 4s][m[37D[3B[1m> :elastic:findbugsTest[m[23D[1B[4A[1m<[0;32;1m=========[0;39;1m----> 75% EXECUTING [1m 4s][m[37D[3B[1m> :elastic:findbugsTest[m[23D[1B[4A[1m<[0;32;1m=========[0;39;1m----> 75% EXECUTING [1m 4s][m[37D[3B[1m> :elastic:findbugsTest[m[23D[1B[4A[1m<[0;32;1m=========[0;39;1m----> 75% EXECUTING [1m 4s][m[37D[3B[1m> :elastic:findbugsTest[m[23D[1B[4A[1m<[0;32;1m=========[0;39;1m----> 75% EXECUTING [1m 4s][m[37D[3B[1m> :elastic:findbugsTest[m[23D[1B[4A[1m<[0;32;1m=========[0;39;1m----> 75% EXECUTING [1m 4s][m[37D[3B[1m> :elastic:findbugsTest[m[23D[1B[4A[1m<[0;32;1m=========[0;39;1m----> 75% EXECUTING [1m 4s][m[37D[3B[1m> :elastic:findbugsTest[m[23D[1B[4A[1m<[0;32;1m=========[0;39;1m----> 75% EXECUTING [1m 4s][m[37D[3B[1m> :elastic:findbugsTest[m[23D[1B[4A[1m<[0;32;1m=========[0;39;1m----> 75% EXECUTING [1m 4s][m[37D[3B[1m> :elastic:findbugsTest[m[23D[1B[4A[1m<[0;32;1m=========[0;39;1m----> 75% EXECUTING [1m 5s][m[37D[3B[1m> :elastic:findbugsTest[m[23D[1B[4A[1m<[0;32;1m=========[0;39;1m----> 75% EXECUTING [1m 5s][m[37D[3B[1m> :elastic:findbugsTest[m[23D[1B[4A[1m<[0;32;1m=========[0;39;1m----> 75% EXECUTING [1m 5s][m[37D[3B[1m> :elastic:findbugsTest[m[23D[1B[4A[1m<[0;32;1m=========[0;39;1m----> 75% EXECUTING [1m 5s][m[37D[3B[1m> :elastic:findbugsTest[m[23D[1B[4A[1m<[0;32;1m=========[0;39;1m----> 75% EXECUTING [1m 5s][m[37D[3B[1m> :elastic:findbugsTest[m[23D[1B[4A[1m<[0;32;1m=========[0;39;1m----> 75% EXECUTING [1m 5s][m[37D[3B[1m> :elastic:findbugsTest[m[23D[1B[4A[1m<[0;32;1m=========[0;39;1m----> 75% EXECUTING [1m 5s][m[37D[3B[1m> :elastic:findbugsTest[m[23D[1B[4A[1m<[0;32;1m=========[0;39;1m----> 75% EXECUTING [1m 5s][m[37D[3B[1m> :elastic:findbugsTest[m[23D[1B[4A[1m<[0;32;1m=========[0;39;1m----> 75% EXECUTING [1m 5s][m[37D[3B[1m> :elastic:findbugsTest[m[23D[1B[4A[1m<[0;32;1m=========[0;39;1m----> 75% EXECUTING [1m 5s][m[37D[3B[1m> :elastic:findbugsTest[m[23D[1B[4A[1m<[0;32;1m=========[0;39;1m----> 75% EXECUTING [1m 6s][m[37D[3B[1m> :elastic:findbugsTest[m[23D[1B[4A[1m<[0;32;1m=========[0;39;1m----> 75% EXECUTING [1m 6s][m[37D[3B[1m> :elastic:findbugsTest[m[23D[1B[4A[1m<[0;32;1m=========[0;39;1m----> 75% EXECUTING [1m 6s][m[37D[3B[1m> :elastic:findbugsTest[m[23D[1B[4A[1m<[0;32;1m=========[0;39;1m----> 75% EXECUTING [1m 6s][m[37D[3B[1m> :elastic:findbugsTest[m[23D[1B[4A[1m<[0;32;1m=========[0;39;1m----> 75% EXECUTING [1m 6s][m[37D[3B[1m> :elastic:findbugsTest[m[23D[1B[4A[1m<[0;32;1m=========[0;39;1m----> 75% EXECUTING [1m 6s][m[37D[3B[1m> :elastic:findbugsTest[m[23D[1B[4A[1m<[0;32;1m=========[0;39;1m----> 75% EXECUTING [1m 6s][m[37D[3B[1m> :elastic:findbugsTest[m[23D[1B[4A[1m<[0;32;1m=========[0;39;1m----> 75% EXECUTING [1m 6s][m[37D[3B[1m> :elastic:findbugsTest[m[23D[1B[4A[1m<[0;32;1m=========[0;39;1m----> 75% EXECUTING [1m 6s][m[37D[3B[1m> :elastic:findbugsTest[m[23D[1B[4A[1m<[0;32;1m=========[0;39;1m----> 75% EXECUTING [1m 6s][m[37D[3B[1m> :elastic:findbugsTest[m[23D[1B[4A[1m<[0;32;1m=========[0;39;1m----> 75% EXECUTING [1m 7s][m[37D[3B[1m> :elastic:findbugsTest[m[23D[1B[4A[1m<[0;32;1m=========[0;39;1m----> 75% EXECUTING [1m 7s][m[37D[3B[1m> :elastic:findbugsTest[m[23D[1B[4A[1m<[0;32;1m=========[0;39;1m----> 75% EXECUTING [1m 7s][m[37D[3B[1m> :elastic:findbugsTest[m[23D[1B[4A[1m<[0;32;1m=========[0;39;1m----> 75% EXECUTING [1m 7s][m[37D[3B[1m> :elastic:findbugsTest[m[23D[1B[4A[1m<[0;32;1m=========[0;39;1m----> 75% EXECUTING [1m 7s][m[37D[3B[1m> :elastic:findbugsTest[m[23D[1B[4A[1m<[0;32;1m=========[0;39;1m----> 75% EXECUTING [1m 7s][m[37D[3B[1m> :elastic:findbugsTest[m[23D[1B[4A[1m<[0;32;1m=========[0;39;1m----> 75% EXECUTING [1m 7s][m[37D[3B[1m> :elastic:findbugsTest[m[23D[1B[4A[1m<[0;32;1m=========[0;39;1m----> 75% EXECUTING [1m 7s][m[37D[3B[1m> :elastic:findbugsTest[m[23D[1B[4A[1m<[0;32;1m=========[0;39;1m----> 75% EXECUTING [1m 7s][m[37D[3B[1m> :elastic:findbugsTest[m[23D[1B[4A[1m<[0;32;1m=========[0;39;1m----> 75% EXECUTING [1m 7s][m[37D[3B[1m> :elastic:findbugsTest[m[23D[1B[4A[1m<[0;32;1m=========[0;39;1m----> 75% EXECUTING [1m 8s][m[37D[3B[1m> :elastic:findbugsTest[m[23D[1B[4A[1m<[0;32;1m=========[0;39;1m----> 75% EXECUTING [1m 8s][m[37D[3B[1m> :elastic:findbugsTest[m[23D[1B[4A[1m<[0;32;1m=========[0;39;1m----> 75% EXECUTING [1m 8s][m[37D[3B[1m> :elastic:findbugsTest[m[23D[1B[4A[1m<[0;32;1m=========[0;39;1m----> 75% EXECUTING [1m 8s][m[37D[3B[1m> :elastic:findbugsTest[m[23D[1B[4A[1m<[0;32;1m=========[0;39;1m----> 75% EXECUTING [1m 8s][m[37D[3B[1m> :elastic:findbugsTest[m[23D[1B[4A[1m<[0;32;1m=========[0;39;1m----> 75% EXECUTING [1m 8s][m[37D[3B[1m> :elastic:findbugsTest[m[23D[1B[4A[1m<[0;32;1m=========[0;39;1m----> 75% EXECUTING [1m 8s][m[37D[3B[1m> :elastic:findbugsTest[m[23D[1B[4A[1m<[0;32;1m=========[0;39;1m----> 75% EXECUTING [1m 8s][m[37D[3B[1m> :elastic:findbugsTest[m[23D[1B[4A[1m<[0;32;1m=========[0;39;1m----> 75% EXECUTING [1m 8s][m[37D[3B[1m> :elastic:findbugsTest[m[23D[1B[4A[1m<[0;32;1m=========[0;39;1m----> 75% EXECUTING [1m 8s][m[37D[3B[1m> :elastic:findbugsTest[m[23D[1B[4A[1m<[0;32;1m=========[0;39;1m----> 75% EXECUTING [1m 9s][m[37D[3B[1m> :elastic:findbugsTest[m[23D[1B[4A[1m<[0;32;1m=========[0;39;1m----> 75% EXECUTING [1m 9s][m[37D[3B[1m> :elastic:findbugsTest[m[23D[1B[4A[1m<[0;32;1m=========[0;39;1m----> 75% EXECUTING [1m 9s][m[37D[3B[1m> :elastic:findbugsTest[m[23D[1B[4A[1m<[0;32;1m=========[0;39;1m----> 75% EXECUTING [1m 9s][m[37D[3B[1m> :elastic:findbugsTest[m[23D[1B[4A[1m<[0;32;1m=========[0;39;1m----> 75% EXECUTING [1m 9s][m[37D[3B[1m> :elastic:findbugsTest[m[23D[1B[4A[1m<[0;32;1m=========[0;39;1m----> 75% EXECUTING [1m 9s][m[37D[3B[1m> :elastic:findbugsTest[m[23D[1B[4A[1m<[0;32;1m=========[0;39;1m----> 75% EXECUTING [1m 9s][m[37D[3B[1m> :elastic:findbugsTest[m[23D[1B[4A[1m<[0;32;1m=========[0;39;1m----> 75% EXECUTING [1m 9s][m[37D[3B[1m> :elastic:findbugsTest[m[23D[1B[4A[1m<[0;32;1m=========[0;39;1m----> 75% EXECUTING [1m 9s][m[37D[3B[1m> :elastic:findbugsTest[m[23D[1B[4A[1m<[0;32;1m=========[0;39;1m----> 75% EXECUTING [1m 9s][m[37D[3B[1m> :elastic:findbugsTest[m[23D[1B[4A[1m<[0;32;1m=========[0;39;1m----> 75% EXECUTING [1m 10s][m[38D[3B[1m> :elastic:findbugsTest[m[23D[1B[4A[1m<[0;32;1m==========[0;39;1m---> 78% EXECUTING [1m 10s][m[38D[3B[1m> :elastic:pmdMain > Resolve dependencies of :elastic:pmd[m[57D[1B[4A[1m<[0;32;1m==========[0;39;1m---> 78% EXECUTING [1m 10s][m[38D[3B[1m> :elastic:pmdMain[m[0K[18D[1B[4A[1m<[0;32;1m==========[0;39;1m---> 78% EXECUTING [1m 10s][m[38D[3B[1m> :elastic:pmdMain[m[18D[1B[4A[1m<[0;32;1m==========[0;39;1m---> 78% EXECUTING [1m 10s][m[38D[3B[1m> :elastic:pmdMain[m[18D[1B[4A[1m<[0;32;1m==========[0;39;1m---> 78% EXECUTING [1m 10s][m[38D[3B[1m> :elastic:pmdMain[m[18D[1B[4A[1m<[0;32;1m==========[0;39;1m---> 78% EXECUTING [1m 10s][m[38D[3B[1m> :elastic:pmdMain[m[18D[1B[4A[1m<[0;32;1m==========[0;39;1m---> 78% EXECUTING [1m 10s][m[38D[3B[1m> :elastic:pmdMain[m[18D[1B[4A[1m<[0;32;1m==========[0;39;1m---> 78% EXECUTING [1m 10s][m[38D[3B[1m> :elastic:pmdMain[m[18D[1B[4A[1m<[0;32;1m==========[0;39;1m---> 78% EXECUTING [1m 10s][m[38D[3B[1m> :elastic:pmdMain[m[18D[1B[4A[1m<[0;32;1m==========[0;39;1m---> 78% EXECUTING [1m 11s][m[38D[3B[1m> :elastic:pmdMain[m[18D[1B[4A[1m<[0;32;1m==========[0;39;1m---> 78% EXECUTING [1m 11s][m[38D[3B[1m> :elastic:pmdMain[m[18D[1B[4A[1m<[0;32;1m==========[0;39;1m---> 78% EXECUTING [1m 11s][m[38D[3B[1m> :elastic:pmdMain[m[18D[1B[4A[1m<[0;32;1m==========[0;39;1m---> 78% EXECUTING [1m 11s][m[38D[3B[1m> :elastic:pmdMain[m[18D[1B[4A[1m<[0;32;1m==========[0;39;1m---> 78% EXECUTING [1m 11s][m[38D[3B[1m> :elastic:pmdMain[m[18D[1B[4A[1m<[0;32;1m==========[0;39;1m---> 78% EXECUTING [1m 11s][m[38D[3B[1m> :elastic:pmdMain[m[18D[1B[4A[1m<[0;32;1m==========[0;39;1m---> 78% EXECUTING [1m 11s][m[38D[3B[1m> :elastic:pmdMain[m[18D[1B[4A[1m<[0;32;1m==========[0;39;1m---> 82% EXECUTING [1m 11s][m[38D[3B[1m> :elastic:pmdTest[m[18D[1B[4A[1m<[0;32;1m==========[0;39;1m---> 82% EXECUTING [1m 11s][m[38D[3B[1m> :elastic:pmdTest[m[18D[1B[4A[1m<[0;32;1m==========[0;39;1m---> 82% EXECUTING [1m 11s][m[38D[3B[1m> :elastic:pmdTest[m[18D[1B[4A[1m<[0;32;1m==========[0;39;1m---> 82% EXECUTING [1m 12s][m[38D[3B[1m> :elastic:pmdTest[m[18D[1B[4A[1m<[0;32;1m===========[0;39;1m--> 85% EXECUTING [1m 12s][m[38D[3B[1m> :elastic:test > Resolve dependencies of :elastic:testRuntimeClasspath[m[71D[1B[4A[1m<[0;32;1m===========[0;39;1m--> 85% EXECUTING [1m 12s][m[38D[3B[1m> :elastic:test[m[0K[15D[1B[4A[1m<[0;32;1m===========[0;39;1m--> 85% EXECUTING [1m 12s][m[38D[3B[1m> :elastic:test[m[15D[1B[4A[1m<[0;32;1m===========[0;39;1m--> 85% EXECUTING [1m 12s][m[38D[3B[1m> :elastic:test > 0 tests completed[m[35D[1B[4A[1m<[0;32;1m===========[0;39;1m--> 85% EXECUTING [1m 12s][m[38D[3B[1m> :elastic:test > 0 tests completed[m[35D[1B[4A[1m<[0;32;1m===========[0;39;1m--> 85% EXECUTING [1m 12s][m[38D[3B[1m> :elastic:test > 0 tests completed[m[35D[1B[4A[1m<[0;32;1m===========[0;39;1m--> 85% EXECUTING [1m 12s][m[38D[3B[1m> :elastic:test > 0 tests completed[m[35D[1B[4A[1m<[0;32;1m===========[0;39;1m--> 85% EXECUTING [1m 12s][m[38D[3B[1m> :elastic:test > 0 tests completed[m[35D[1B[4A[1m<[0;32;1m===========[0;39;1m--> 85% EXECUTING [1m 12s][m[38D[3B[1m> :elastic:test > 0 tests completed[m[35D[1B[4A[1m<[0;32;1m===========[0;39;1m--> 85% EXECUTING [1m 13s][m[38D[3B[1m> :elastic:test > 0 tests completed[m[35D[1B[4A[1m<[0;32;1m===========[0;39;1m--> 85% EXECUTING [1m 13s][m[38D[3B[1m> :elastic:test > 0 tests completed[m[35D[1B[4A[1m<[0;32;1m===========[0;39;1m--> 85% EXECUTING [1m 13s][m[38D[3B[1m> :elastic:test > 0 tests completed[m[35D[1B[4A[1m<[0;32;1m===========[0;39;1m--> 85% EXECUTING [1m 13s][m[38D[3B[1m> :elastic:test > 0 tests completed[m[35D[1B[4A[1m<[0;32;1m===========[0;39;1m--> 85% EXECUTING [1m 13s][m[38D[3B[1m> :elastic:test > 0 tests completed[m[35D[1B[4A[1m<[0;32;1m===========[0;39;1m--> 85% EXECUTING [1m 13s][m[38D[3B[1m> :elastic:test > 0 tests completed[m[35D[1B[4A[1m<[0;32;1m===========[0;39;1m--> 85% EXECUTING [1m 13s][m[38D[3B[1m> :elastic:test > 0 tests completed[m[35D[1B[4A[1m<[0;32;1m===========[0;39;1m--> 85% EXECUTING [1m 13s][m[38D[3B[1m> :elastic:test > 0 tests completed[m[35D[1B[4A[1m<[0;32;1m===========[0;39;1m--> 85% EXECUTING [1m 13s][m[38D[3B[1m> :elastic:test > 0 tests completed[m[35D[1B[4A[1m<[0;32;1m===========[0;39;1m--> 85% EXECUTING [1m 13s][m[38D[3B[1m> :elastic:test > 0 tests completed[m[35D[1B[4A[1m<[0;32;1m===========[0;39;1m--> 85% EXECUTING [1m 14s][m[38D[3B[1m> :elastic:test > 0 tests completed[m[35D[1B[4A[1m<[0;32;1m===========[0;39;1m--> 85% EXECUTING [1m 14s][m[38D[3B[1m> :elastic:test > 0 tests completed[m[35D[1B[4A[1m<[0;32;1m===========[0;39;1m--> 85% EXECUTING [1m 14s][m[38D[1B[1m> :elastic:test > Executing test com.mesosphere.sdk.elastic.scheduler.ServiceTest[m[81D[2B[1m> :elastic:test > 0 tests completed[m[35D[1B[4A[1m<[0;32;1m===========[0;39;1m--> 85% EXECUTING [1m 14s][m[38D[1B[1m> :elastic:test > Executing test com.mesosphere.sdk.elastic.scheduler.ServiceTest[m[81D[2B[1m> :elastic:test > 0 tests completed[m[35D[1B[4A[1m<[0;32;1m===========[0;39;1m--> 85% EXECUTING [1m 14s][m[38D[1B[1m> :elastic:test > Executing test com.mesosphere.sdk.elastic.scheduler.ServiceTest[m[81D[2B[1m> :elastic:test > 0 tests completed[m[35D[1B[4A[1m<[0;32;1m===========[0;39;1m--> 85% EXECUTING [1m 14s][m[38D[1B[1m> :elastic:test > Executing test com.mesosphere.sdk.elastic.scheduler.ServiceTest[m[81D[2B[1m> :elastic:test > 0 tests completed[m[35D[1B[4A[1m<[0;32;1m===========[0;39;1m--> 85% EXECUTING [1m 14s][m[38D[1B[1m> :elastic:test > Executing test com.mesosphere.sdk.elastic.scheduler.ServiceTest[m[81D[2B[1m> :elastic:test > 0 tests completed[m[35D[1B[4A[1m<[0;32;1m===========[0;39;1m--> 85% EXECUTING [1m 14s][m[38D[1B[1m> :elastic:test > Executing test com.mesosphere.sdk.elastic.scheduler.ServiceTest[m[81D[2B[1m> :elastic:test > 0 tests completed[m[35D[1B[4A[1m<[0;32;1m===========[0;39;1m--> 85% EXECUTING [1m 14s][m[38D[1B[1m> :elastic:test > Executing test com.mesosphere.sdk.elastic.scheduler.ServiceTest[m[81D[2B[1m> :elastic:test > 0 tests completed[m[35D[1B[4A[1m<[0;32;1m===========[0;39;1m--> 85% EXECUTING [1m 14s][m[38D[1B[1m> :elastic:test > Executing test com.mesosphere.sdk.elastic.scheduler.ServiceTest[m[81D[2B[1m> :elastic:test > 0 tests completed[m[35D[1B[4A[1m<[0;32;1m===========[0;39;1m--> 85% EXECUTING [1m 15s][m[38D[1B[1m> :elastic:test > Executing test com.mesosphere.sdk.elastic.scheduler.ServiceTest[m[81D[2B[1m> :elastic:test > 0 tests completed[m[35D[1B[4A[1m<[0;32;1m===========[0;39;1m--> 85% EXECUTING [1m 15s][m[38D[1B[1m> :elastic:test > Executing test com.mesosphere.sdk.elastic.scheduler.ServiceTest[m[81D[2B[1m> :elastic:test > 0 tests completed[m[35D[1B[4A[1m<[0;32;1m===========[0;39;1m--> 85% EXECUTING [1m 15s][m[38D[1B[1m> :elastic:test > Executing test com.mesosphere.sdk.elastic.scheduler.ServiceTest[m[81D[2B[1m> :elastic:test > 0 tests completed[m[35D[1B[4A[1m<[0;32;1m===========[0;39;1m--> 85% EXECUTING [1m 15s][m[38D[1B[1m> :elastic:test > Executing test com.mesosphere.sdk.elastic.scheduler.ServiceTest[m[81D[2B[1m> :elastic:test > 0 tests completed[m[35D[1B[4A[1m<[0;32;1m===========[0;39;1m--> 85% EXECUTING [1m 15s][m[38D[1B[1m> :elastic:test > Executing test com.mesosphere.sdk.elastic.scheduler.ServiceTest[m[81D[2B[1m> :elastic:test > 0 tests completed[m[35D[1B[4A[1m<[0;32;1m===========[0;39;1m--> 85% EXECUTING [1m 15s][m[38D[1B[1m> :elastic:test > Executing test com.mesosphere.sdk.elastic.scheduler.ServiceTest[m[81D[2B[1m> :elastic:test > 0 tests completed[m[35D[1B[4A[1m<[0;32;1m===========[0;39;1m--> 85% EXECUTING [1m 15s][m[38D[1B[1m> :elastic:test > Executing test com.mesosphere.sdk.elastic.scheduler.ServiceTest[m[81D[2B[1m> :elastic:test > 0 tests completed[m[35D[1B[4A[1m<[0;32;1m===========[0;39;1m--> 85% EXECUTING [1m 15s][m[38D[1B[1m> :elastic:test > Executing test com.mesosphere.sdk.elastic.scheduler.ServiceTest[m[81D[2B[1m> :elastic:test > 0 tests completed[m[35D[1B[4A[1m<[0;32;1m===========[0;39;1m--> 85% EXECUTING [1m 15s][m[38D[1B[1m> :elastic:test > Executing test com.mesosphere.sdk.elastic.scheduler.ServiceTest[m[81D[2B[1m> :elastic:test > 0 tests completed[m[35D[1B[4A[1m<[0;32;1m===========[0;39;1m--> 85% EXECUTING [1m 15s][m[38D[1B[1m> :elastic:test > Executing test com.mesosphere.sdk.elastic.scheduler.ServiceTest[m[81D[2B[1m> :elastic:test > 0 tests completed[m[35D[1B[4A[1m<[0;32;1m===========[0;39;1m--> 85% EXECUTING [1m 16s][m[38D[1B[1m> :elastic:test > Executing test com.mesosphere.sdk.elastic.scheduler.ServiceTest[m[81D[2B[1m> :elastic:test > 0 tests completed[m[35D[1B[4A[1m<[0;32;1m===========[0;39;1m--> 85% EXECUTING [1m 16s][m[38D[1B[1m> :elastic:test > Executing test com.mesosphere.sdk.elastic.scheduler.ServiceTest[m[81D[2B[1m> :elastic:test > 0 tests completed[m[35D[1B[4A[1m<[0;32;1m===========[0;39;1m--> 85% EXECUTING [1m 16s][m[38D[1B[1m> :elastic:test > Executing test com.mesosphere.sdk.elastic.scheduler.ServiceTest[m[81D[2B[1m> :elastic:test > 0 tests completed[m[35D[1B[4A[1m<[0;32;1m===========[0;39;1m--> 85% EXECUTING [1m 16s][m[38D[1B[1m> :elastic:test > Executing test com.mesosphere.sdk.elastic.scheduler.ServiceTest[m[81D[2B[1m> :elastic:test > 0 tests completed[m[35D[1B[4A[1m<[0;32;1m===========[0;39;1m--> 85% EXECUTING [1m 16s][m[38D[1B[1m> :elastic:test > Executing test com.mesosphere.sdk.elastic.scheduler.ServiceTest[m[81D[2B[1m> :elastic:test > 0 tests completed[m[35D[1B[4A[1m<[0;32;1m===========[0;39;1m--> 85% EXECUTING [1m 16s][m[38D[1B[1m> :elastic:test > Executing test com.mesosphere.sdk.elastic.scheduler.ServiceTest[m[81D[2B[1m> :elastic:test > 0 tests completed[m[35D[1B[4A[1m<[0;32;1m===========[0;39;1m--> 85% EXECUTING [1m 16s][m[38D[1B[1m> :elastic:test > Executing test com.mesosphere.sdk.elastic.scheduler.ServiceTest[m[81D[2B[1m> :elastic:test > 0 tests completed[m[35D[1B[4A[1m<[0;32;1m===========[0;39;1m--> 85% EXECUTING [1m 16s][m[38D[1B[1m> :elastic:test > Executing test com.mesosphere.sdk.elastic.scheduler.ServiceTest[m[81D[2B[1m> :elastic:test > 0 tests completed[m[35D[1B[4A[1m<[0;32;1m===========[0;39;1m--> 85% EXECUTING [1m 16s][m[38D[1B[1m> :elastic:test > Executing test com.mesosphere.sdk.elastic.scheduler.ServiceTest[m[81D[2B[1m> :elastic:test > 0 tests completed[m[35D[1B[4A[1m<[0;32;1m===========[0;39;1m--> 85% EXECUTING [1m 16s][m[38D[1B[1m> :elastic:test > Executing test com.mesosphere.sdk.elastic.scheduler.ServiceTest[m[81D[2B[1m> :elastic:test > 0 tests completed[m[35D[1B[4A[1m<[0;32;1m===========[0;39;1m--> 85% EXECUTING [1m 17s][m[38D[1B[1m> :elastic:test > Executing test com.mesosphere.sdk.elastic.scheduler.ServiceTest[m[81D[2B[1m> :elastic:test > 0 tests completed[m[35D[1B[4A[1m<[0;32;1m===========[0;39;1m--> 85% EXECUTING [1m 17s][m[38D[1B[1m> :elastic:test > Executing test com.mesosphere.sdk.elastic.scheduler.ServiceTest[m[81D[2B[1m> :elastic:test > 0 tests completed[m[35D[1B[4A[1m<[0;32;1m===========[0;39;1m--> 85% EXECUTING [1m 17s][m[38D[1B[1m> :elastic:test > Executing test com.mesosphere.sdk.elastic.scheduler.ServiceTest[m[81D[2B[1m> :elastic:test > 0 tests completed[m[35D[1B[4A[1m<[0;32;1m===========[0;39;1m--> 85% EXECUTING [1m 17s][m[38D[1B[1m> :elastic:test > Executing test com.mesosphere.sdk.elastic.scheduler.ServiceTest[m[81D[2B[1m> :elastic:test > 0 tests completed[m[35D[1B[4A[1m<[0;32;1m===========[0;39;1m--> 85% EXECUTING [1m 17s][m[38D[1B[1m> :elastic:test > Executing test com.mesosphere.sdk.elastic.scheduler.ServiceTest[m[81D[2B[1m> :elastic:test > 0 tests completed[m[35D[1B[4A[1m<[0;32;1m===========[0;39;1m--> 85% EXECUTING [1m 17s][m[38D[1B[1m> :elastic:test > Executing test com.mesosphere.sdk.elastic.scheduler.ServiceTest[m[81D[2B[1m> :elastic:test > 0 tests completed[m[35D[1B[4A[1m<[0;32;1m===========[0;39;1m--> 85% EXECUTING [1m 17s][m[38D[1B[1m> :elastic:test > Executing test com.mesosphere.sdk.elastic.scheduler.ServiceTest[m[81D[2B[1m> :elastic:test > 0 tests completed[m[35D[1B[4A[1m<[0;32;1m===========[0;39;1m--> 85% EXECUTING [1m 17s][m[38D[1B[1m> :elastic:test > Executing test com.mesosphere.sdk.elastic.scheduler.ServiceTest[m[81D[2B[1m> :elastic:test > 0 tests completed[m[35D[1B[4A[1m<[0;32;1m===========[0;39;1m--> 85% EXECUTING [1m 17s][m[38D[1B[1m> :elastic:test > Executing test com.mesosphere.sdk.elastic.scheduler.ServiceTest[m[81D[2B[1m> :elastic:test > 0 tests completed[m[35D[1B[4A[1m<[0;32;1m===========[0;39;1m--> 85% EXECUTING [1m 17s][m[38D[1B[1m> :elastic:test > Executing test com.mesosphere.sdk.elastic.scheduler.ServiceTest[m[81D[2B[1m> :elastic:test > 0 tests completed[m[35D[1B[4A[1m<[0;32;1m===========[0;39;1m--> 85% EXECUTING [1m 18s][m[38D[1B[1m> :elastic:test > Executing test com.mesosphere.sdk.elastic.scheduler.ServiceTest[m[81D[2B[1m> :elastic:test > 0 tests completed[m[35D[1B[4A[1m<[0;32;1m===========[0;39;1m--> 85% EXECUTING [1m 18s][m[38D[1B[1m> :elastic:test > Executing test com.mesosphere.sdk.elastic.scheduler.ServiceTest[m[81D[2B[1m> :elastic:test > 0 tests completed[m[35D[1B[4A[1m<[0;32;1m===========[0;39;1m--> 85% EXECUTING [1m 18s][m[38D[1B[1m> :elastic:test > Executing test com.mesosphere.sdk.elastic.scheduler.ServiceTest[m[81D[2B[1m> :elastic:test > 0 tests completed[m[35D[1B[4A[1m<[0;32;1m===========[0;39;1m--> 85% EXECUTING [1m 18s][m[38D[1B[1m> :elastic:test > Executing test com.mesosphere.sdk.elastic.scheduler.ServiceTest[m[81D[2B[1m> :elastic:test > 0 tests completed[m[35D[1B[4A[1m<[0;32;1m===========[0;39;1m--> 85% EXECUTING [1m 18s][m[38D[1B[1m> :elastic:test > Executing test com.mesosphere.sdk.elastic.scheduler.ServiceTest[m[81D[2B[1m> :elastic:test > 0 tests completed[m[35D[1B[4A[1m<[0;32;1m===========[0;39;1m--> 85% EXECUTING [1m 18s][m[38D[1B[1m> :elastic:test > Executing test com.mesosphere.sdk.elastic.scheduler.ServiceTest[m[81D[2B[1m> :elastic:test > 0 tests completed[m[35D[1B[4A[1m<[0;32;1m===========[0;39;1m--> 85% EXECUTING [1m 18s][m[38D[1B[1m> :elastic:test > Executing test com.mesosphere.sdk.elastic.scheduler.ServiceTest[m[81D[2B[1m> :elastic:test > 0 tests completed[m[35D[1B[4A[1m<[0;32;1m===========[0;39;1m--> 85% EXECUTING [1m 18s][m[38D[1B[1m> :elastic:test > Executing test com.mesosphere.sdk.elastic.scheduler.ServiceTest[m[81D[2B[1m> :elastic:test > 0 tests completed[m[35D[1B[4A[1m<[0;32;1m===========[0;39;1m--> 85% EXECUTING [1m 18s][m[38D[1B[1m> :elastic:test > Executing test com.mesosphere.sdk.elastic.scheduler.ServiceTest[m[81D[2B[1m> :elastic:test > 0 tests completed[m[35D[1B[4A[1m<[0;32;1m===========[0;39;1m--> 85% EXECUTING [1m 18s][m[38D[1B[1m> :elastic:test > Executing test com.mesosphere.sdk.elastic.scheduler.ServiceTest[m[81D[2B[1m> :elastic:test > 0 tests completed[m[35D[1B[4A[1m<[0;32;1m===========[0;39;1m--> 85% EXECUTING [1m 19s][m[38D[1B[1m> :elastic:test > Executing test com.mesosphere.sdk.elastic.scheduler.ServiceTest[m[81D[2B[1m> :elastic:test > 0 tests completed[m[35D[1B[4A[1m<[0;32;1m===========[0;39;1m--> 85% EXECUTING [1m 19s][m[38D[1B[1m> :elastic:test > Executing test com.mesosphere.sdk.elastic.scheduler.ServiceTest[m[81D[2B[1m> :elastic:test > 0 tests completed[m[35D[1B[4A[1m<[0;32;1m===========[0;39;1m--> 85% EXECUTING [1m 19s][m[38D[1B[1m> :elastic:test > Executing test com.mesosphere.sdk.elastic.scheduler.ServiceTest[m[81D[2B[1m> :elastic:test > 0 tests completed[m[35D[1B[4A[1m<[0;32;1m===========[0;39;1m--> 85% EXECUTING [1m 19s][m[38D[1B[1m> :elastic:test > Executing test com.mesosphere.sdk.elastic.scheduler.ServiceTest[m[81D[2B[1m> :elastic:test > 0 tests completed[m[35D[1B[4A[1m<[0;32;1m===========[0;39;1m--> 85% EXECUTING [1m 19s][m[38D[1B[1m> :elastic:test > Executing test com.mesosphere.sdk.elastic.scheduler.ServiceTest[m[81D[2B[1m> :elastic:test > 0 tests completed[m[35D[1B[4A[1m<[0;32;1m===========[0;39;1m--> 85% EXECUTING [1m 19s][m[38D[1B[1m> :elastic:test > Executing test com.mesosphere.sdk.elastic.scheduler.ServiceTest[m[81D[2B[1m> :elastic:test > 0 tests completed[m[35D[1B[4A[1m<[0;32;1m===========[0;39;1m--> 85% EXECUTING [1m 19s][m[38D[1B[1m> :elastic:test > Executing test com.mesosphere.sdk.elastic.scheduler.ServiceTest[m[81D[2B[1m> :elastic:test > 0 tests completed[m[35D[1B[4A[1m<[0;32;1m===========[0;39;1m--> 85% EXECUTING [1m 19s][m[38D[1B[1m> :elastic:test > Executing test com.mesosphere.sdk.elastic.scheduler.ServiceTest[m[81D[2B[1m> :elastic:test > 0 tests completed[m[35D[1B[4A[1m<[0;32;1m===========[0;39;1m--> 85% EXECUTING [1m 19s][m[38D[1B[1m> :elastic:test > Executing test com.mesosphere.sdk.elastic.scheduler.ServiceTest[m[81D[2B[1m> :elastic:test > 0 tests completed[m[35D[1B[4A[1m<[0;32;1m===========[0;39;1m--> 85% EXECUTING [1m 19s][m[38D[1B[1m> :elastic:test > Executing test com.mesosphere.sdk.elastic.scheduler.ServiceTest[m[81D[2B[1m> :elastic:test > 0 tests completed[m[35D[1B[4A[1m<[0;32;1m===========[0;39;1m--> 85% EXECUTING [1m 20s][m[38D[1B[1m> :elastic:test > Executing test com.mesosphere.sdk.elastic.scheduler.ServiceTest[m[81D[2B[1m> :elastic:test > 0 tests completed[m[35D[1B[4A[1m<[0;32;1m===========[0;39;1m--> 85% EXECUTING [1m 20s][m[38D[1B[1m> :elastic:test > Executing test com.mesosphere.sdk.elastic.scheduler.ServiceTest[m[81D[2B[1m> :elastic:test > 0 tests completed[m[35D[1B[4A[1m<[0;32;1m===========[0;39;1m--> 85% EXECUTING [1m 20s][m[38D[1B[1m> :elastic:test > Executing test com.mesosphere.sdk.elastic.scheduler.ServiceTest[m[81D[2B[1m> :elastic:test > 0 tests completed[m[35D[1B[4A[1m<[0;32;1m===========[0;39;1m--> 85% EXECUTING [1m 20s][m[38D[1B[1m> :elastic:test > Executing test com.mesosphere.sdk.elastic.scheduler.ServiceTest[m[81D[2B[1m> :elastic:test > 0 tests completed[m[35D[1B[4A[1m<[0;32;1m===========[0;39;1m--> 85% EXECUTING [1m 20s][m[38D[1B[1m> :elastic:test > Executing test com.mesosphere.sdk.elastic.scheduler.ServiceTest[m[81D[2B[1m> :elastic:test > 0 tests completed[m[35D[1B[4A[1m<[0;32;1m===========[0;39;1m--> 85% EXECUTING [1m 20s][m[38D[1B[1m> :elastic:test > Executing test com.mesosphere.sdk.elastic.scheduler.ServiceTest[m[81D[2B[1m> :elastic:test > 0 tests completed[m[35D[1B[4A[1m<[0;32;1m===========[0;39;1m--> 85% EXECUTING [1m 20s][m[38D[1B[1m> :elastic:test > Executing test com.mesosphere.sdk.elastic.scheduler.ServiceTest[m[81D[2B[1m> :elastic:test > 0 tests completed[m[35D[1B[4A[1m<[0;32;1m===========[0;39;1m--> 85% EXECUTING [1m 20s][m[38D[1B[1m> :elastic:test > Executing test com.mesosphere.sdk.elastic.scheduler.ServiceTest[m[81D[2B[1m> :elastic:test > 0 tests completed[m[35D[1B[4A[1m<[0;32;1m===========[0;39;1m--> 85% EXECUTING [1m 20s][m[38D[1B[1m> :elastic:test > Executing test com.mesosphere.sdk.elastic.scheduler.ServiceTest[m[81D[2B[1m> :elastic:test > 0 tests completed[m[35D[1B[4A[1m<[0;32;1m===========[0;39;1m--> 85% EXECUTING [1m 20s][m[38D[1B[1m> :elastic:test > Executing test com.mesosphere.sdk.elastic.scheduler.ServiceTest[m[81D[2B[1m> :elastic:test > 0 tests completed[m[35D[1B[4A[1m<[0;32;1m===========[0;39;1m--> 85% EXECUTING [1m 21s][m[38D[1B[1m> :elastic:test > Executing test com.mesosphere.sdk.elastic.scheduler.ServiceTest[m[81D[2B[1m> :elastic:test > 0 tests completed[m[35D[1B[4A[1m<[0;32;1m===========[0;39;1m--> 85% EXECUTING [1m 21s][m[38D[1B[1m> :elastic:test > Executing test com.mesosphere.sdk.elastic.scheduler.ServiceTest[m[81D[2B[1m> :elastic:test > 0 tests completed[m[35D[1B[4A[1m<[0;32;1m===========[0;39;1m--> 85% EXECUTING [1m 21s][m[38D[1B[1m> :elastic:test > Executing test com.mesosphere.sdk.elastic.scheduler.ServiceTest[m[81D[2B[1m> :elastic:test > 0 tests completed[m[35D[1B[4A[1m<[0;32;1m===========[0;39;1m--> 85% EXECUTING [1m 21s][m[38D[1B[1m> :elastic:test > Executing test com.mesosphere.sdk.elastic.scheduler.ServiceTest[m[81D[2B[1m> :elastic:test > 0 tests completed[m[35D[1B[4A[1m<[0;32;1m===========[0;39;1m--> 85% EXECUTING [1m 21s][m[38D[1B[1m> :elastic:test > Executing test com.mesosphere.sdk.elastic.scheduler.ServiceTest[m[81D[2B[1m> :elastic:test > 0 tests completed[m[35D[1B[4A[1m<[0;32;1m===========[0;39;1m--> 85% EXECUTING [1m 21s][m[38D[1B[1m> :elastic:test > Executing test com.mesosphere.sdk.elastic.scheduler.ServiceTest[m[81D[2B[1m> :elastic:test > 0 tests completed[m[35D[1B[4A[1m<[0;32;1m===========[0;39;1m--> 85% EXECUTING [1m 21s][m[38D[1B[1m> :elastic:test > Executing test com.mesosphere.sdk.elastic.scheduler.ServiceTest[m[81D[2B[1m> :elastic:test > 0 tests completed[m[35D[1B[4A[1m<[0;32;1m===========[0;39;1m--> 85% EXECUTING [1m 21s][m[38D[1B[1m> :elastic:test > Executing test com.mesosphere.sdk.elastic.scheduler.ServiceTest[m[81D[2B[1m> :elastic:test > 0 tests completed[m[35D[1B[4A[1m<[0;32;1m===========[0;39;1m--> 85% EXECUTING [1m 21s][m[38D[1B[1m> :elastic:test > Executing test com.mesosphere.sdk.elastic.scheduler.ServiceTest[m[81D[2B[1m> :elastic:test > 0 tests completed[m[35D[1B[4A[1m<[0;32;1m===========[0;39;1m--> 85% EXECUTING [1m 21s][m[38D[1B[1m> :elastic:test > Executing test com.mesosphere.sdk.elastic.scheduler.ServiceTest[m[81D[2B[1m> :elastic:test > 0 tests completed[m[35D[1B[4A[1m<[0;32;1m===========[0;39;1m--> 85% EXECUTING [1m 22s][m[38D[1B[1m> :elastic:test > Executing test com.mesosphere.sdk.elastic.scheduler.ServiceTest[m[81D[2B[1m> :elastic:test > 0 tests completed[m[35D[1B[4A[1m<[0;32;1m===========[0;39;1m--> 85% EXECUTING [1m 22s][m[38D[1B[1m> :elastic:test > Executing test com.mesosphere.sdk.elastic.scheduler.ServiceTest[m[81D[2B[1m> :elastic:test > 0 tests completed[m[35D[1B[4A[1m<[0;32;1m===========[0;39;1m--> 85% EXECUTING [1m 22s][m[38D[1B[1m> :elastic:test > Executing test com.mesosphere.sdk.elastic.scheduler.ServiceTest[m[81D[2B[1m> :elastic:test > 0 tests completed[m[35D[1B[4A[1m<[0;32;1m===========[0;39;1m--> 85% EXECUTING [1m 22s][m[38D[1B[1m> :elastic:test > Executing test com.mesosphere.sdk.elastic.scheduler.ServiceTest[m[81D[2B[1m> :elastic:test > 0 tests completed[m[35D[1B[4A[1m<[0;32;1m===========[0;39;1m--> 85% EXECUTING [1m 22s][m[38D[1B[1m> :elastic:test > Executing test com.mesosphere.sdk.elastic.scheduler.ServiceTest[m[81D[2B[1m> :elastic:test > 0 tests completed[m[35D[1B[4A[1m<[0;32;1m===========[0;39;1m--> 85% EXECUTING [1m 22s][m[38D[1B[1m> :elastic:test > Executing test com.mesosphere.sdk.elastic.scheduler.ServiceTest[m[81D[2B[1m> :elastic:test > 0 tests completed[m[35D[1B[4A[1m<[0;32;1m===========[0;39;1m--> 85% EXECUTING [1m 22s][m[38D[1B[1m> :elastic:test > Executing test com.mesosphere.sdk.elastic.scheduler.ServiceTest[m[81D[2B[1m> :elastic:test > 0 tests completed[m[35D[1B[4A[1m<[0;32;1m===========[0;39;1m--> 85% EXECUTING [1m 22s][m[38D[1B[1m> :elastic:test > Executing test com.mesosphere.sdk.elastic.scheduler.ServiceTest[m[81D[2B[1m> :elastic:test > 0 tests completed[m[35D[1B[4A[1m<[0;32;1m===========[0;39;1m--> 85% EXECUTING [1m 22s][m[38D[1B[1m> :elastic:test > Executing test com.mesosphere.sdk.elastic.scheduler.ServiceTest[m[81D[2B[1m> :elastic:test > 0 tests completed[m[35D[1B[4A[1m<[0;32;1m===========[0;39;1m--> 85% EXECUTING [1m 22s][m[38D[1B[1m> :elastic:test > Executing test com.mesosphere.sdk.elastic.scheduler.ServiceTest[m[81D[2B[1m> :elastic:test > 0 tests completed[m[35D[1B[4A[1m<[0;32;1m===========[0;39;1m--> 85% EXECUTING [1m 23s][m[38D[1B[1m> :elastic:test > Executing test com.mesosphere.sdk.elastic.scheduler.ServiceTest[m[81D[2B[1m> :elastic:test > 0 tests completed[m[35D[1B[4A[1m<[0;32;1m===========[0;39;1m--> 85% EXECUTING [1m 23s][m[38D[1B[1m> :elastic:test > Executing test com.mesosphere.sdk.elastic.scheduler.ServiceTest[m[81D[2B[1m> :elastic:test > 0 tests completed[m[35D[1B[4A[1m<[0;32;1m===========[0;39;1m--> 85% EXECUTING [1m 23s][m[38D[1B[1m> :elastic:test > Executing test com.mesosphere.sdk.elastic.scheduler.ServiceTest[m[81D[2B[1m> :elastic:test > 0 tests completed[m[35D[1B[4A[1m<[0;32;1m===========[0;39;1m--> 85% EXECUTING [1m 23s][m[38D[1B[1m> :elastic:test > Executing test com.mesosphere.sdk.elastic.scheduler.ServiceTest[m[81D[2B[1m> :elastic:test > 0 tests completed[m[35D[1B[4A[1m<[0;32;1m===========[0;39;1m--> 85% EXECUTING [1m 23s][m[38D[1B[1m> :elastic:test > Executing test com.mesosphere.sdk.elastic.scheduler.ServiceTest[m[81D[2B[1m> :elastic:test > 0 tests completed[m[35D[1B[4A[1m<[0;32;1m===========[0;39;1m--> 85% EXECUTING [1m 23s][m[38D[1B[1m> :elastic:test > Executing test com.mesosphere.sdk.elastic.scheduler.ServiceTest[m[81D[2B[1m> :elastic:test > 0 tests completed[m[35D[1B[4A[1m<[0;32;1m===========[0;39;1m--> 85% EXECUTING [1m 23s][m[38D[1B[1m> :elastic:test > Executing test com.mesosphere.sdk.elastic.scheduler.ServiceTest[m[81D[2B[1m> :elastic:test > 0 tests completed[m[35D[1B[4A[1m<[0;32;1m===========[0;39;1m--> 85% EXECUTING [1m 23s][m[38D[1B[1m> :elastic:test > Executing test com.mesosphere.sdk.elastic.scheduler.ServiceTest[m[81D[2B[1m> :elastic:test > 0 tests completed[m[35D[1B[4A[1m<[0;32;1m===========[0;39;1m--> 85% EXECUTING [1m 23s][m[38D[1B[1m> :elastic:test > Executing test com.mesosphere.sdk.elastic.scheduler.ServiceTest[m[81D[2B[1m> :elastic:test > 0 tests completed[m[35D[1B[4A[1m<[0;32;1m===========[0;39;1m--> 85% EXECUTING [1m 23s][m[38D[1B[1m> :elastic:test > Executing test com.mesosphere.sdk.elastic.scheduler.ServiceTest[m[81D[2B[1m> :elastic:test > 0 tests completed[m[35D[1B[4A[1m<[0;32;1m===========[0;39;1m--> 85% EXECUTING [1m 24s][m[38D[1B[1m> :elastic:test > Executing test com.mesosphere.sdk.elastic.scheduler.ServiceTest[m[81D[2B[1m> :elastic:test > 0 tests completed[m[35D[1B[4A[1m<[0;32;1m===========[0;39;1m--> 85% EXECUTING [1m 24s][m[38D[1B[1m> :elastic:test > Executing test com.mesosphere.sdk.elastic.scheduler.ServiceTest[m[81D[2B[1m> :elastic:test > 0 tests completed[m[35D[1B[4A[1m<[0;32;1m===========[0;39;1m--> 85% EXECUTING [1m 24s][m[38D[1B[1m> :elastic:test > Executing test com.mesosphere.sdk.elastic.scheduler.ServiceTest[m[81D[2B[1m> :elastic:test > 0 tests completed[m[35D[1B[4A[1m<[0;32;1m===========[0;39;1m--> 85% EXECUTING [1m 24s][m[38D[1B[1m> :elastic:test > Executing test com.mesosphere.sdk.elastic.scheduler.ServiceTest[m[81D[2B[1m> :elastic:test > 0 tests completed[m[35D[1B[4A[1m<[0;32;1m===========[0;39;1m--> 85% EXECUTING [1m 24s][m[38D[1B[1m> :elastic:test > Executing test com.mesosphere.sdk.elastic.scheduler.ServiceTest[m[81D[2B[1m> :elastic:test > 0 tests completed[m[35D[1B[4A[1m<[0;32;1m===========[0;39;1m--> 85% EXECUTING [1m 24s][m[38D[1B[1m> :elastic:test > Executing test com.mesosphere.sdk.elastic.scheduler.ServiceTest[m[81D[2B[1m> :elastic:test > 0 tests completed[m[35D[1B[4A[1m<[0;32;1m===========[0;39;1m--> 85% EXECUTING [1m 24s][m[38D[1B[1m> :elastic:test > Executing test com.mesosphere.sdk.elastic.scheduler.ServiceTest[m[81D[2B[1m> :elastic:test > 0 tests completed[m[35D[1B[4A[1m<[0;32;1m===========[0;39;1m--> 85% EXECUTING [1m 24s][m[38D[1B[1m> :elastic:test > Executing test com.mesosphere.sdk.elastic.scheduler.ServiceTest[m[81D[2B[1m> :elastic:test > 0 tests completed[m[35D[1B[4A[1m<[0;32;1m===========[0;39;1m--> 85% EXECUTING [1m 24s][m[38D[1B[1m> :elastic:test > Executing test com.mesosphere.sdk.elastic.scheduler.ServiceTest[m[81D[2B[1m> :elastic:test > 0 tests completed[m[35D[1B[4A[1m<[0;32;1m===========[0;39;1m--> 85% EXECUTING [1m 24s][m[38D[1B[1m> :elastic:test > Executing test com.mesosphere.sdk.elastic.scheduler.ServiceTest[m[81D[2B[1m> :elastic:test > 0 tests completed[m[35D[1B[4A[1m<[0;32;1m===========[0;39;1m--> 85% EXECUTING [1m 25s][m[38D[1B[1m> :elastic:test > Executing test com.mesosphere.sdk.elastic.scheduler.ServiceTest[m[81D[2B[1m> :elastic:test > 0 tests completed[m[35D[1B[4A[1m<[0;32;1m===========[0;39;1m--> 85% EXECUTING [1m 25s][m[38D[1B[1m> :elastic:test > Executing test com.mesosphere.sdk.elastic.scheduler.ServiceTest[m[81D[2B[1m> :elastic:test > 0 tests completed[m[35D[1B[4A[1m<[0;32;1m===========[0;39;1m--> 85% EXECUTING [1m 25s][m[38D[1B[1m> :elastic:test > Executing test com.mesosphere.sdk.elastic.scheduler.ServiceTest[m[81D[2B[1m> :elastic:test > 0 tests completed[m[35D[1B[4A[1m<[0;32;1m===========[0;39;1m--> 85% EXECUTING [1m 25s][m[38D[1B[1m> :elastic:test > Executing test com.mesosphere.sdk.elastic.scheduler.ServiceTest[m[81D[2B[1m> :elastic:test > 0 tests completed[m[35D[1B[4A[1m<[0;32;1m===========[0;39;1m--> 85% EXECUTING [1m 25s][m[38D[1B[1m> :elastic:test > Executing test com.mesosphere.sdk.elastic.scheduler.ServiceTest[m[81D[2B[1m> :elastic:test > 0 tests completed[m[35D[1B[4A[1m<[0;32;1m===========[0;39;1m--> 85% EXECUTING [1m 25s][m[38D[1B[1m> :elastic:test > Executing test com.mesosphere.sdk.elastic.scheduler.ServiceTest[m[81D[2B[1m> :elastic:test > 0 tests completed[m[35D[1B[4A[1m<[0;32;1m===========[0;39;1m--> 85% EXECUTING [1m 25s][m[38D[1B[1m> :elastic:test > Executing test com.mesosphere.sdk.elastic.scheduler.ServiceTest[m[81D[2B[1m> :elastic:test > 0 tests completed[m[35D[1B[4A[1m<[0;32;1m===========[0;39;1m--> 85% EXECUTING [1m 25s][m[38D[1B[1m> :elastic:test > Executing test com.mesosphere.sdk.elastic.scheduler.ServiceTest[m[81D[2B[1m> :elastic:test > 0 tests completed[m[35D[1B[4A[1m<[0;32;1m===========[0;39;1m--> 85% EXECUTING [1m 25s][m[38D[1B[1m> :elastic:test > Executing test com.mesosphere.sdk.elastic.scheduler.ServiceTest[m[81D[2B[1m> :elastic:test > 0 tests completed[m[35D[1B[4A[1m<[0;32;1m===========[0;39;1m--> 85% EXECUTING [1m 25s][m[38D[1B[1m> :elastic:test > Executing test com.mesosphere.sdk.elastic.scheduler.ServiceTest[m[81D[2B[1m> :elastic:test > 0 tests completed[m[35D[1B[4A[1m<[0;32;1m===========[0;39;1m--> 85% EXECUTING [1m 26s][m[38D[1B[1m> :elastic:test > Executing test com.mesosphere.sdk.elastic.scheduler.ServiceTest[m[81D[2B[1m> :elastic:test > 0 tests completed[m[35D[1B[4A[1m<[0;32;1m===========[0;39;1m--> 85% EXECUTING [1m 26s][m[38D[1B[1m> :elastic:test > Executing test com.mesosphere.sdk.elastic.scheduler.ServiceTest[m[81D[2B[1m> :elastic:test > 0 tests completed[m[35D[1B[4A[1m<[0;32;1m===========[0;39;1m--> 85% EXECUTING [1m 26s][m[38D[1B[1m> :elastic:test > Executing test com.mesosphere.sdk.elastic.scheduler.ServiceTest[m[81D[2B[1m> :elastic:test > 0 tests completed[m[35D[1B[4A[1m<[0;32;1m===========[0;39;1m--> 85% EXECUTING [1m 26s][m[38D[1B[1m> :elastic:test > Executing test com.mesosphere.sdk.elastic.scheduler.ServiceTest[m[81D[2B[1m> :elastic:test > 0 tests completed[m[35D[1B[4A[1m<[0;32;1m===========[0;39;1m--> 85% EXECUTING [1m 26s][m[38D[1B[1m> :elastic:test > Executing test com.mesosphere.sdk.elastic.scheduler.ServiceTest[m[81D[2B[1m> :elastic:test > 0 tests completed[m[35D[1B[4A[1m<[0;32;1m===========[0;39;1m--> 85% EXECUTING [1m 26s][m[38D[1B[1m> :elastic:test > Executing test com.mesosphere.sdk.elastic.scheduler.ServiceTest[m[81D[2B[1m> :elastic:test > 0 tests completed[m[35D[1B[4A[1m<[0;32;1m===========[0;39;1m--> 85% EXECUTING [1m 26s][m[38D[1B[1m> :elastic:test > Executing test com.mesosphere.sdk.elastic.scheduler.ServiceTest[m[81D[2B[1m> :elastic:test > 0 tests completed[m[35D[1B[4A[1m<[0;32;1m===========[0;39;1m--> 85% EXECUTING [1m 26s][m[38D[1B[1m> :elastic:test > Executing test com.mesosphere.sdk.elastic.scheduler.ServiceTest[m[81D[2B[1m> :elastic:test > 0 tests completed[m[35D[1B[4A[1m<[0;32;1m===========[0;39;1m--> 85% EXECUTING [1m 26s][m[38D[1B[1m> :elastic:test > Executing test com.mesosphere.sdk.elastic.scheduler.ServiceTest[m[81D[2B[1m> :elastic:test > 0 tests completed[m[35D[1B[4A[1m<[0;32;1m===========[0;39;1m--> 85% EXECUTING [1m 26s][m[38D[1B[1m> :elastic:test > Executing test com.mesosphere.sdk.elastic.scheduler.ServiceTest[m[81D[2B[1m> :elastic:test > 0 tests completed[m[35D[1B[4A[1m<[0;32;1m===========[0;39;1m--> 85% EXECUTING [1m 27s][m[38D[1B[1m> :elastic:test > Executing test com.mesosphere.sdk.elastic.scheduler.ServiceTest[m[81D[2B[1m> :elastic:test > 0 tests completed[m[35D[1B[4A[1m<[0;32;1m===========[0;39;1m--> 85% EXECUTING [1m 27s][m[38D[1B[1m> :elastic:test > Executing test com.mesosphere.sdk.elastic.scheduler.ServiceTest[m[81D[2B[1m> :elastic:test > 0 tests completed[m[35D[1B[4A[1m<[0;32;1m===========[0;39;1m--> 85% EXECUTING [1m 27s][m[38D[1B[1m> :elastic:test > Executing test com.mesosphere.sdk.elastic.scheduler.ServiceTest[m[81D[2B[1m> :elastic:test > 0 tests completed[m[35D[1B[4A[1m<[0;32;1m===========[0;39;1m--> 85% EXECUTING [1m 27s][m[38D[1B[1m> :elastic:test > Executing test com.mesosphere.sdk.elastic.scheduler.ServiceTest[m[81D[2B[1m> :elastic:test > 0 tests completed[m[35D[1B[4A[1m<[0;32;1m===========[0;39;1m--> 85% EXECUTING [1m 27s][m[38D[1B[1m> :elastic:test > Executing test com.mesosphere.sdk.elastic.scheduler.ServiceTest[m[81D[2B[1m> :elastic:test > 0 tests completed[m[35D[1B[4A[1m<[0;32;1m===========[0;39;1m--> 85% EXECUTING [1m 27s][m[38D[1B[1m> :elastic:test > Executing test com.mesosphere.sdk.elastic.scheduler.ServiceTest[m[81D[2B[1m> :elastic:test > 0 tests completed[m[35D[1B[4A[1m<[0;32;1m===========[0;39;1m--> 85% EXECUTING [1m 27s][m[38D[1B[1m> :elastic:test > Executing test com.mesosphere.sdk.elastic.scheduler.ServiceTest[m[81D[2B[1m> :elastic:test > 0 tests completed[m[35D[1B[4A[1m<[0;32;1m===========[0;39;1m--> 85% EXECUTING [1m 27s][m[38D[1B[1m> :elastic:test > Executing test com.mesosphere.sdk.elastic.scheduler.ServiceTest[m[81D[2B[1m> :elastic:test > 0 tests completed[m[35D[1B[4A[1m<[0;32;1m===========[0;39;1m--> 85% EXECUTING [1m 27s][m[38D[1B[1m> :elastic:test > Executing test com.mesosphere.sdk.elastic.scheduler.ServiceTest[m[81D[2B[1m> :elastic:test > 0 tests completed[m[35D[1B[4A[1m<[0;32;1m===========[0;39;1m--> 85% EXECUTING [1m 27s][m[38D[1B[1m> :elastic:test > Executing test com.mesosphere.sdk.elastic.scheduler.ServiceTest[m[81D[2B[1m> :elastic:test > 0 tests completed[m[35D[1B[4A[1m<[0;32;1m===========[0;39;1m--> 85% EXECUTING [1m 28s][m[38D[1B[1m> :elastic:test > Executing test com.mesosphere.sdk.elastic.scheduler.ServiceTest[m[81D[2B[1m> :elastic:test > 0 tests completed[m[35D[1B[4A[1m<[0;32;1m===========[0;39;1m--> 85% EXECUTING [1m 28s][m[38D[1B[1m> :elastic:test > Executing test com.mesosphere.sdk.elastic.scheduler.ServiceTest[m[81D[2B[1m> :elastic:test > 0 tests completed[m[35D[1B[4A[1m<[0;32;1m===========[0;39;1m--> 85% EXECUTING [1m 28s][m[38D[1B[1m> :elastic:test > Executing test com.mesosphere.sdk.elastic.scheduler.ServiceTest[m[81D[2B[1m> :elastic:test > 0 tests completed[m[35D[1B[4A[1m<[0;32;1m===========[0;39;1m--> 85% EXECUTING [1m 28s][m[38D[1B[1m> :elastic:test > Executing test com.mesosphere.sdk.elastic.scheduler.ServiceTest[m[81D[2B[1m> :elastic:test > 0 tests completed[m[35D[1B[4A[1m<[0;32;1m===========[0;39;1m--> 85% EXECUTING [1m 28s][m[38D[1B[1m> :elastic:test > Executing test com.mesosphere.sdk.elastic.scheduler.ServiceTest[m[81D[2B[1m> :elastic:test > 0 tests completed[m[35D[1B[4A[1m<[0;32;1m===========[0;39;1m--> 85% EXECUTING [1m 28s][m[38D[1B[1m> :elastic:test > Executing test com.mesosphere.sdk.elastic.scheduler.ServiceTest[m[81D[2B[1m> :elastic:test > 0 tests completed[m[35D[1B[4A[1m<[0;32;1m===========[0;39;1m--> 85% EXECUTING [1m 28s][m[38D[1B[1m> :elastic:test > Executing test com.mesosphere.sdk.elastic.scheduler.ServiceTest[m[81D[2B[1m> :elastic:test > 0 tests completed[m[35D[1B[4A[1m<[0;32;1m===========[0;39;1m--> 85% EXECUTING [1m 28s][m[38D[1B[1m> :elastic:test > Executing test com.mesosphere.sdk.elastic.scheduler.ServiceTest[m[81D[2B[1m> :elastic:test > 0 tests completed[m[35D[1B[4A[1m<[0;32;1m===========[0;39;1m--> 85% EXECUTING [1m 28s][m[38D[1B[1m> :elastic:test > Executing test com.mesosphere.sdk.elastic.scheduler.ServiceTest[m[81D[2B[1m> :elastic:test > 0 tests completed[m[35D[1B[4A[1m<[0;32;1m===========[0;39;1m--> 85% EXECUTING [1m 28s][m[38D[1B[1m> :elastic:test > Executing test com.mesosphere.sdk.elastic.scheduler.ServiceTest[m[81D[2B[1m> :elastic:test > 0 tests completed[m[35D[1B[4A[1m<[0;32;1m===========[0;39;1m--> 85% EXECUTING [1m 29s][m[38D[1B[1m> :elastic:test > Executing test com.mesosphere.sdk.elastic.scheduler.ServiceTest[m[81D[2B[1m> :elastic:test > 0 tests completed[m[35D[1B[4A[1m<[0;32;1m===========[0;39;1m--> 85% EXECUTING [1m 29s][m[38D[1B[1m> :elastic:test > Executing test com.mesosphere.sdk.elastic.scheduler.ServiceTest[m[81D[2B[1m> :elastic:test > 0 tests completed[m[35D[1B[4A[1m<[0;32;1m===========[0;39;1m--> 85% EXECUTING [1m 29s][m[38D[1B[1m> :elastic:test > Executing test com.mesosphere.sdk.elastic.scheduler.ServiceTest[m[81D[2B[1m> :elastic:test > 0 tests completed[m[35D[1B[4A[1m<[0;32;1m===========[0;39;1m--> 85% EXECUTING [1m 29s][m[38D[1B[1m> :elastic:test > Executing test com.mesosphere.sdk.elastic.scheduler.ServiceTest[m[81D[2B[1m> :elastic:test > 0 tests completed[m[35D[1B[4A[1m<[0;32;1m===========[0;39;1m--> 85% EXECUTING [1m 29s][m[38D[1B[1m> :elastic:test > Executing test com.mesosphere.sdk.elastic.scheduler.ServiceTest[m[81D[2B[1m> :elastic:test > 0 tests completed[m[35D[1B[4A[1m<[0;32;1m===========[0;39;1m--> 85% EXECUTING [1m 29s][m[38D[1B[1m> :elastic:test > Executing test com.mesosphere.sdk.elastic.scheduler.ServiceTest[m[81D[2B[1m> :elastic:test > 0 tests completed[m[35D[1B[4A[1m<[0;32;1m===========[0;39;1m--> 85% EXECUTING [1m 29s][m[38D[1B[1m> :elastic:test > Executing test com.mesosphere.sdk.elastic.scheduler.ServiceTest[m[81D[2B[1m> :elastic:test > 0 tests completed[m[35D[1B[4A[1m<[0;32;1m===========[0;39;1m--> 85% EXECUTING [1m 29s][m[38D[1B[1m> :elastic:test > Executing test com.mesosphere.sdk.elastic.scheduler.ServiceTest[m[81D[2B[1m> :elastic:test > 0 tests completed[m[35D[1B[4A[1m<[0;32;1m===========[0;39;1m--> 85% EXECUTING [1m 29s][m[38D[1B[1m> :elastic:test > Executing test com.mesosphere.sdk.elastic.scheduler.ServiceTest[m[81D[2B[1m> :elastic:test > 0 tests completed[m[35D[1B[4A[1m<[0;32;1m===========[0;39;1m--> 85% EXECUTING [1m 29s][m[38D[1B[1m> :elastic:test > Executing test com.mesosphere.sdk.elastic.scheduler.ServiceTest[m[81D[2B[1m> :elastic:test > 0 tests completed[m[35D[1B[4A[1m<[0;32;1m===========[0;39;1m--> 85% EXECUTING [1m 30s][m[38D[1B[1m> :elastic:test > Executing test com.mesosphere.sdk.elastic.scheduler.ServiceTest[m[81D[2B[1m> :elastic:test > 0 tests completed[m[35D[1B[4A[1m<[0;32;1m===========[0;39;1m--> 85% EXECUTING [1m 30s][m[38D[1B[1m> :elastic:test > Executing test com.mesosphere.sdk.elastic.scheduler.ServiceTest[m[81D[2B[1m> :elastic:test > 0 tests completed[m[35D[1B[4A[1m<[0;32;1m===========[0;39;1m--> 85% EXECUTING [1m 30s][m[38D[1B[1m> :elastic:test > Executing test com.mesosphere.sdk.elastic.scheduler.ServiceTest[m[81D[2B[1m> :elastic:test > 0 tests completed[m[35D[1B[4A[1m<[0;32;1m===========[0;39;1m--> 85% EXECUTING [1m 30s][m[38D[1B[1m> :elastic:test > Executing test com.mesosphere.sdk.elastic.scheduler.ServiceTest[m[81D[2B[1m> :elastic:test > 0 tests completed[m[35D[1B[4A[1m<[0;32;1m===========[0;39;1m--> 85% EXECUTING [1m 30s][m[38D[1B[1m> :elastic:test > Executing test com.mesosphere.sdk.elastic.scheduler.ServiceTest[m[81D[2B[1m> :elastic:test > 0 tests completed[m[35D[1B[4A[1m<[0;32;1m===========[0;39;1m--> 85% EXECUTING [1m 30s][m[38D[1B[1m> :elastic:test > Executing test com.mesosphere.sdk.elastic.scheduler.ServiceTest[m[81D[2B[1m> :elastic:test > 0 tests completed[m[35D[1B[4A[1m<[0;32;1m===========[0;39;1m--> 85% EXECUTING [1m 30s][m[38D[1B[1m> :elastic:test > Executing test com.mesosphere.sdk.elastic.scheduler.ServiceTest[m[81D[2B[1m> :elastic:test > 0 tests completed[m[35D[1B[4A[1m<[0;32;1m===========[0;39;1m--> 85% EXECUTING [1m 30s][m[38D[1B[1m> :elastic:test > Executing test com.mesosphere.sdk.elastic.scheduler.ServiceTest[m[81D[2B[1m> :elastic:test > 0 tests completed[m[35D[1B[4A[1m<[0;32;1m===========[0;39;1m--> 85% EXECUTING [1m 30s][m[38D[1B[1m> :elastic:test > Executing test com.mesosphere.sdk.elastic.scheduler.ServiceTest[m[81D[2B[1m> :elastic:test > 0 tests completed[m[35D[1B[4A[1m<[0;32;1m===========[0;39;1m--> 85% EXECUTING [1m 30s][m[38D[1B[1m> :elastic:test > Executing test com.mesosphere.sdk.elastic.scheduler.ServiceTest[m[81D[2B[1m> :elastic:test > 0 tests completed[m[35D[1B[4A[1m<[0;32;1m===========[0;39;1m--> 85% EXECUTING [1m 31s][m[38D[1B[1m> :elastic:test > Executing test com.mesosphere.sdk.elastic.scheduler.ServiceTest[m[81D[2B[1m> :elastic:test > 0 tests completed[m[35D[1B[4A[1m<[0;32;1m===========[0;39;1m--> 85% EXECUTING [1m 31s][m[38D[1B[1m> :elastic:test > Executing test com.mesosphere.sdk.elastic.scheduler.ServiceTest[m[81D[2B[1m> :elastic:test > 0 tests completed[m[35D[1B[4A[1m<[0;32;1m===========[0;39;1m--> 85% EXECUTING [1m 31s][m[38D[1B[1m> :elastic:test > Executing test com.mesosphere.sdk.elastic.scheduler.ServiceTest[m[81D[2B[1m> :elastic:test > 0 tests completed[m[35D[1B[4A[1m<[0;32;1m===========[0;39;1m--> 85% EXECUTING [1m 31s][m[38D[1B[1m> :elastic:test > Executing test com.mesosphere.sdk.elastic.scheduler.ServiceTest[m[81D[2B[1m> :elastic:test > 0 tests completed[m[35D[1B[4A[1m<[0;32;1m===========[0;39;1m--> 85% EXECUTING [1m 31s][m[38D[1B[1m> :elastic:test > Executing test com.mesosphere.sdk.elastic.scheduler.ServiceTest[m[81D[2B[1m> :elastic:test > 0 tests completed[m[35D[1B[4A[1m<[0;32;1m===========[0;39;1m--> 85% EXECUTING [1m 31s][m[38D[1B[1m> :elastic:test > Executing test com.mesosphere.sdk.elastic.scheduler.ServiceTest[m[81D[2B[1m> :elastic:test > 0 tests completed[m[35D[1B[4A[1m<[0;32;1m===========[0;39;1m--> 85% EXECUTING [1m 31s][m[38D[1B[1m> :elastic:test > Executing test com.mesosphere.sdk.elastic.scheduler.ServiceTest[m[81D[2B[1m> :elastic:test > 0 tests completed[m[35D[1B[4A[1m<[0;32;1m===========[0;39;1m--> 85% EXECUTING [1m 31s][m[38D[1B[1m> :elastic:test > Executing test com.mesosphere.sdk.elastic.scheduler.ServiceTest[m[81D[2B[1m> :elastic:test > 0 tests completed[m[35D[1B[4A[1m<[0;32;1m===========[0;39;1m--> 85% EXECUTING [1m 31s][m[38D[1B[1m> :elastic:test > Executing test com.mesosphere.sdk.elastic.scheduler.ServiceTest[m[81D[2B[1m> :elastic:test > 0 tests completed[m[35D[1B[4A[1m<[0;32;1m===========[0;39;1m--> 85% EXECUTING [1m 31s][m[38D[1B[1m> :elastic:test > Executing test com.mesosphere.sdk.elastic.scheduler.ServiceTest[m[81D[2B[1m> :elastic:test > 0 tests completed[m[35D[1B[4A[1m<[0;32;1m===========[0;39;1m--> 85% EXECUTING [1m 32s][m[38D[1B[1m> :elastic:test > Executing test com.mesosphere.sdk.elastic.scheduler.ServiceTest[m[81D[2B[1m> :elastic:test > 0 tests completed[m[35D[1B[4A[1m<[0;32;1m===========[0;39;1m--> 85% EXECUTING [1m 32s][m[38D[1B[1m> :elastic:test > Executing test com.mesosphere.sdk.elastic.scheduler.ServiceTest[m[81D[2B[1m> :elastic:test > 0 tests completed[m[35D[1B[4A[1m<[0;32;1m===========[0;39;1m--> 85% EXECUTING [1m 32s][m[38D[1B[1m> :elastic:test > Executing test com.mesosphere.sdk.elastic.scheduler.ServiceTest[m[81D[2B[1m> :elastic:test > 0 tests completed[m[35D[1B[4A[1m<[0;32;1m===========[0;39;1m--> 85% EXECUTING [1m 32s][m[38D[1B[1m> :elastic:test > Executing test com.mesosphere.sdk.elastic.scheduler.ServiceTest[m[81D[2B[1m> :elastic:test > 0 tests completed[m[35D[1B[4A[1m<[0;32;1m===========[0;39;1m--> 85% EXECUTING [1m 32s][m[38D[1B[1m> :elastic:test > Executing test com.mesosphere.sdk.elastic.scheduler.ServiceTest[m[81D[2B[1m> :elastic:test > 0 tests completed[m[35D[1B[4A[1m<[0;32;1m===========[0;39;1m--> 85% EXECUTING [1m 32s][m[38D[1B[1m> :elastic:test > Executing test com.mesosphere.sdk.elastic.scheduler.ServiceTest[m[81D[2B[1m> :elastic:test > 0 tests completed[m[35D[1B[4A[1m<[0;32;1m===========[0;39;1m--> 85% EXECUTING [1m 32s][m[38D[1B[1m> :elastic:test > Executing test com.mesosphere.sdk.elastic.scheduler.ServiceTest[m[81D[2B[1m> :elastic:test > 0 tests completed[m[35D[1B[4A[1m<[0;32;1m===========[0;39;1m--> 85% EXECUTING [1m 32s][m[38D[1B[1m> :elastic:test > Executing test com.mesosphere.sdk.elastic.scheduler.ServiceTest[m[81D[2B[1m> :elastic:test > 0 tests completed[m[35D[1B[4A[1m<[0;32;1m===========[0;39;1m--> 85% EXECUTING [1m 32s][m[38D[1B[1m> :elastic:test > Executing test com.mesosphere.sdk.elastic.scheduler.ServiceTest[m[81D[2B[1m> :elastic:test > 0 tests completed[m[35D[1B[4A[1m<[0;32;1m===========[0;39;1m--> 85% EXECUTING [1m 32s][m[38D[1B[1m> :elastic:test > Executing test com.mesosphere.sdk.elastic.scheduler.ServiceTest[m[81D[2B[1m> :elastic:test > 0 tests completed[m[35D[1B[4A[1m<[0;32;1m===========[0;39;1m--> 85% EXECUTING [1m 33s][m[38D[1B[1m> :elastic:test > Executing test com.mesosphere.sdk.elastic.scheduler.ServiceTest[m[81D[2B[1m> :elastic:test > 0 tests completed[m[35D[1B[4A[1m<[0;32;1m===========[0;39;1m--> 85% EXECUTING [1m 33s][m[38D[1B[1m> :elastic:test > Executing test com.mesosphere.sdk.elastic.scheduler.ServiceTest[m[81D[2B[1m> :elastic:test > 0 tests completed[m[35D[1B[4A[1m<[0;32;1m===========[0;39;1m--> 85% EXECUTING [1m 33s][m[38D[1B[1m> :elastic:test > Executing test com.mesosphere.sdk.elastic.scheduler.ServiceTest[m[81D[2B[1m> :elastic:test > 0 tests completed[m[35D[1B[4A[1m<[0;32;1m===========[0;39;1m--> 85% EXECUTING [1m 33s][m[38D[1B[1m> :elastic:test > Executing test com.mesosphere.sdk.elastic.scheduler.ServiceTest[m[81D[2B[1m> :elastic:test > 0 tests completed[m[35D[1B[4A[1m<[0;32;1m===========[0;39;1m--> 85% EXECUTING [1m 33s][m[38D[1B[1m> :elastic:test > Executing test com.mesosphere.sdk.elastic.scheduler.ServiceTest[m[81D[2B[1m> :elastic:test > 0 tests completed[m[35D[1B[4A[1m<[0;32;1m===========[0;39;1m--> 85% EXECUTING [1m 33s][m[38D[1B[1m> :elastic:test > Executing test com.mesosphere.sdk.elastic.scheduler.ServiceTest[m[81D[2B[1m> :elastic:test > 0 tests completed[m[35D[1B[4A[1m<[0;32;1m===========[0;39;1m--> 85% EXECUTING [1m 33s][m[38D[1B[1m> :elastic:test > Executing test com.mesosphere.sdk.elastic.scheduler.ServiceTest[m[81D[2B[1m> :elastic:test > 0 tests completed[m[35D[1B[4A[1m<[0;32;1m===========[0;39;1m--> 85% EXECUTING [1m 33s][m[38D[1B[1m> :elastic:test > Executing test com.mesosphere.sdk.elastic.scheduler.ServiceTest[m[81D[2B[1m> :elastic:test > 0 tests completed[m[35D[1B[4A[1m<[0;32;1m===========[0;39;1m--> 85% EXECUTING [1m 33s][m[38D[1B[1m> :elastic:test > Executing test com.mesosphere.sdk.elastic.scheduler.ServiceTest[m[81D[2B[1m> :elastic:test > 0 tests completed[m[35D[1B[4A[1m<[0;32;1m===========[0;39;1m--> 85% EXECUTING [1m 33s][m[38D[1B[1m> :elastic:test > Executing test com.mesosphere.sdk.elastic.scheduler.ServiceTest[m[81D[2B[1m> :elastic:test > 0 tests completed[m[35D[1B[4A[1m<[0;32;1m===========[0;39;1m--> 85% EXECUTING [1m 34s][m[38D[1B[1m> :elastic:test > Executing test com.mesosphere.sdk.elastic.scheduler.ServiceTest[m[81D[2B[1m> :elastic:test > 0 tests completed[m[35D[1B[4A[1m<[0;32;1m===========[0;39;1m--> 85% EXECUTING [1m 34s][m[38D[1B[1m> :elastic:test > Executing test com.mesosphere.sdk.elastic.scheduler.ServiceTest[m[81D[2B[1m> :elastic:test > 0 tests completed[m[35D[1B[4A[1m<[0;32;1m===========[0;39;1m--> 85% EXECUTING [1m 34s][m[38D[1B[1m> :elastic:test > Executing test com.mesosphere.sdk.elastic.scheduler.ServiceTest[m[81D[2B[1m> :elastic:test > 0 tests completed[m[35D[1B[4A[1m<[0;32;1m===========[0;39;1m--> 85% EXECUTING [1m 34s][m[38D[1B[1m> :elastic:test > Executing test com.mesosphere.sdk.elastic.scheduler.ServiceTest[m[81D[2B[1m> :elastic:test > 0 tests completed[m[35D[1B[4A[1m<[0;32;1m===========[0;39;1m--> 85% EXECUTING [1m 34s][m[38D[1B[1m> :elastic:test > Executing test com.mesosphere.sdk.elastic.scheduler.ServiceTest[m[81D[2B[1m> :elastic:test > 0 tests completed[m[35D[1B[4A[1m<[0;32;1m===========[0;39;1m--> 85% EXECUTING [1m 34s][m[38D[1B[1m> :elastic:test > Executing test com.mesosphere.sdk.elastic.scheduler.ServiceTest[m[81D[2B[1m> :elastic:test > 0 tests completed[m[35D[1B[4A[1m<[0;32;1m===========[0;39;1m--> 85% EXECUTING [1m 34s][m[38D[1B[1m> :elastic:test > Executing test com.mesosphere.sdk.elastic.scheduler.ServiceTest[m[81D[2B[1m> :elastic:test > 0 tests completed[m[35D[1B[4A[1m<[0;32;1m===========[0;39;1m--> 85% EXECUTING [1m 34s][m[38D[1B[1m> :elastic:test > Executing test com.mesosphere.sdk.elastic.scheduler.ServiceTest[m[81D[2B[1m> :elastic:test > 0 tests completed[m[35D[1B[4A[1m<[0;32;1m===========[0;39;1m--> 85% EXECUTING [1m 34s][m[38D[1B[1m> :elastic:test > Executing test com.mesosphere.sdk.elastic.scheduler.ServiceTest[m[81D[2B[1m> :elastic:test > 0 tests completed[m[35D[1B[4A[1m<[0;32;1m===========[0;39;1m--> 85% EXECUTING [1m 34s][m[38D[1B[1m> :elastic:test > Executing test com.mesosphere.sdk.elastic.scheduler.ServiceTest[m[81D[2B[1m> :elastic:test > 0 tests completed[m[35D[1B[4A[1m<[0;32;1m===========[0;39;1m--> 85% EXECUTING [1m 35s][m[38D[1B[1m> :elastic:test > Executing test com.mesosphere.sdk.elastic.scheduler.ServiceTest[m[81D[2B[1m> :elastic:test > 0 tests completed[m[35D[1B[4A[1m<[0;32;1m===========[0;39;1m--> 85% EXECUTING [1m 35s][m[38D[1B[1m> :elastic:test > Executing test com.mesosphere.sdk.elastic.scheduler.ServiceTest[m[81D[2B[1m> :elastic:test > 0 tests completed[m[35D[1B[4A[1m<[0;32;1m===========[0;39;1m--> 85% EXECUTING [1m 35s][m[38D[1B[1m> :elastic:test > Executing test com.mesosphere.sdk.elastic.scheduler.ServiceTest[m[81D[2B[1m> :elastic:test > 0 tests completed[m[35D[1B[4A[1m<[0;32;1m===========[0;39;1m--> 85% EXECUTING [1m 35s][m[38D[1B[1m> :elastic:test > Executing test com.mesosphere.sdk.elastic.scheduler.ServiceTest[m[81D[2B[1m> :elastic:test > 0 tests completed[m[35D[1B[4A[1m<[0;32;1m===========[0;39;1m--> 85% EXECUTING [1m 35s][m[38D[1B[1m> :elastic:test > Executing test com.mesosphere.sdk.elastic.scheduler.ServiceTest[m[81D[2B[1m> :elastic:test > 0 tests completed[m[35D[1B[4A[1m<[0;32;1m===========[0;39;1m--> 85% EXECUTING [1m 35s][m[38D[1B[1m> :elastic:test > Executing test com.mesosphere.sdk.elastic.scheduler.ServiceTest[m[81D[2B[1m> :elastic:test > 0 tests completed[m[35D[1B[4A[1m<[0;32;1m===========[0;39;1m--> 85% EXECUTING [1m 35s][m[38D[1B[1m> :elastic:test > Executing test com.mesosphere.sdk.elastic.scheduler.ServiceTest[m[81D[2B[1m> :elastic:test > 0 tests completed[m[35D[1B[4A[1m<[0;32;1m===========[0;39;1m--> 85% EXECUTING [1m 35s][m[38D[1B[1m> :elastic:test > Executing test com.mesosphere.sdk.elastic.scheduler.ServiceTest[m[81D[2B[1m> :elastic:test > 0 tests completed[m[35D[1B[4A[1m<[0;32;1m===========[0;39;1m--> 85% EXECUTING [1m 35s][m[38D[1B[1m> :elastic:test > Executing test com.mesosphere.sdk.elastic.scheduler.ServiceTest[m[81D[2B[1m> :elastic:test > 0 tests completed[m[35D[1B[4A[1m<[0;32;1m===========[0;39;1m--> 85% EXECUTING [1m 35s][m[38D[1B[1m> :elastic:test > Executing test com.mesosphere.sdk.elastic.scheduler.ServiceTest[m[81D[2B[1m> :elastic:test > 0 tests completed[m[35D[1B[4A[1m<[0;32;1m===========[0;39;1m--> 85% EXECUTING [1m 36s][m[38D[1B[1m> :elastic:test > Executing test com.mesosphere.sdk.elastic.scheduler.ServiceTest[m[81D[2B[1m> :elastic:test > 0 tests completed[m[35D[1B[4A[1m<[0;32;1m===========[0;39;1m--> 85% EXECUTING [1m 36s][m[38D[1B[1m> :elastic:test > Executing test com.mesosphere.sdk.elastic.scheduler.ServiceTest[m[81D[2B[1m> :elastic:test > 0 tests completed[m[35D[1B[4A[1m<[0;32;1m===========[0;39;1m--> 85% EXECUTING [1m 36s][m[38D[1B[1m> :elastic:test > Executing test com.mesosphere.sdk.elastic.scheduler.ServiceTest[m[81D[2B[1m> :elastic:test > 0 tests completed[m[35D[1B[4A[1m<[0;32;1m===========[0;39;1m--> 85% EXECUTING [1m 36s][m[38D[1B[1m> :elastic:test > Executing test com.mesosphere.sdk.elastic.scheduler.ServiceTest[m[81D[2B[1m> :elastic:test > 0 tests completed[m[35D[1B[4A[1m<[0;32;1m===========[0;39;1m--> 85% EXECUTING [1m 36s][m[38D[1B[1m> :elastic:test > Executing test com.mesosphere.sdk.elastic.scheduler.ServiceTest[m[81D[2B[1m> :elastic:test > 0 tests completed[m[35D[1B[4A[1m<[0;32;1m===========[0;39;1m--> 85% EXECUTING [1m 36s][m[38D[1B[1m> :elastic:test > Executing test com.mesosphere.sdk.elastic.scheduler.ServiceTest[m[81D[2B[1m> :elastic:test > 0 tests completed[m[35D[1B[4A[1m<[0;32;1m===========[0;39;1m--> 85% EXECUTING [1m 36s][m[38D[1B[1m> :elastic:test > Executing test com.mesosphere.sdk.elastic.scheduler.ServiceTest[m[81D[2B[1m> :elastic:test > 0 tests completed[m[35D[1B[4A[1m<[0;32;1m===========[0;39;1m--> 85% EXECUTING [1m 36s][m[38D[1B[1m> :elastic:test > Executing test com.mesosphere.sdk.elastic.scheduler.ServiceTest[m[81D[2B[1m> :elastic:test > 0 tests completed[m[35D[1B[4A[1m<[0;32;1m===========[0;39;1m--> 85% EXECUTING [1m 36s][m[38D[1B[1m> :elastic:test > Executing test com.mesosphere.sdk.elastic.scheduler.ServiceTest[m[81D[2B[1m> :elastic:test > 0 tests completed[m[35D[1B[4A[1m<[0;32;1m===========[0;39;1m--> 85% EXECUTING [1m 36s][m[38D[1B[1m> :elastic:test > Executing test com.mesosphere.sdk.elastic.scheduler.ServiceTest[m[81D[2B[1m> :elastic:test > 0 tests completed[m[35D[1B[4A[1m<[0;32;1m===========[0;39;1m--> 85% EXECUTING [1m 37s][m[38D[1B[1m> :elastic:test > Executing test com.mesosphere.sdk.elastic.scheduler.ServiceTest[m[81D[2B[1m> :elastic:test > 0 tests completed[m[35D[1B[4A[1m<[0;32;1m===========[0;39;1m--> 85% EXECUTING [1m 37s][m[38D[1B[1m> :elastic:test > Executing test com.mesosphere.sdk.elastic.scheduler.ServiceTest[m[81D[2B[1m> :elastic:test > 0 tests completed[m[35D[1B[4A[1m<[0;32;1m===========[0;39;1m--> 85% EXECUTING [1m 37s][m[38D[1B[1m> :elastic:test > Executing test com.mesosphere.sdk.elastic.scheduler.ServiceTest[m[81D[2B[1m> :elastic:test > 0 tests completed[m[35D[1B[4A[1m<[0;32;1m===========[0;39;1m--> 85% EXECUTING [1m 37s][m[38D[1B[1m> :elastic:test > Executing test com.mesosphere.sdk.elastic.scheduler.ServiceTest[m[81D[2B[1m> :elastic:test > 0 tests completed[m[35D[1B[4A[1m<[0;32;1m===========[0;39;1m--> 85% EXECUTING [1m 37s][m[38D[1B[1m> :elastic:test > Executing test com.mesosphere.sdk.elastic.scheduler.ServiceTest[m[81D[2B[1m> :elastic:test > 0 tests completed[m[35D[1B[4A[0K
[1m> Task :elastic:test[m[0K
[0K
com.mesosphere.sdk.elastic.scheduler.ServiceTest > rejectRackDisablement [32mPASSED[39m[0K
[0K
[0K
[0K
[0K
[4A[1m<[0;32;1m===========[0;39;1m--> 85% EXECUTING [1m 37s][m[38D[1B[1m> :elastic:test > Executing test com.mesosphere.sdk.elastic.scheduler.ServiceTest[m[81D[1B> IDLE[6D[1B[1m> :elastic:test > 1 test completed[m[34D[1B[4A[1m<[0;32;1m===========[0;39;1m--> 85% EXECUTING [1m 37s][m[38D[1B[1m> :elastic:test > Executing test com.mesosphere.sdk.elastic.scheduler.ServiceTest[m[81D[2B[1m> :elastic:test > 1 test completed[m[34D[1B[4A[1m<[0;32;1m===========[0;39;1m--> 85% EXECUTING [1m 37s][m[38D[1B[1m> :elastic:test > Executing test com.mesosphere.sdk.elastic.scheduler.ServiceTest[m[81D[2B[1m> :elastic:test > 1 test completed[m[34D[1B[4A[1m<[0;32;1m===========[0;39;1m--> 85% EXECUTING [1m 37s][m[38D[1B[1m> :elastic:test > Executing test com.mesosphere.sdk.elastic.scheduler.ServiceTest[m[81D[2B[1m> :elastic:test > 1 test completed[m[34D[1B[4A[1m<[0;32;1m===========[0;39;1m--> 85% EXECUTING [1m 37s][m[38D[1B[1m> :elastic:test > Executing test com.mesosphere.sdk.elastic.scheduler.ServiceTest[m[81D[2B[1m> :elastic:test > 1 test completed[m[34D[1B[4A[1m<[0;32;1m===========[0;39;1m--> 85% EXECUTING [1m 38s][m[38D[1B[1m> :elastic:test > Executing test com.mesosphere.sdk.elastic.scheduler.ServiceTest[m[81D[2B[1m> :elastic:test > 1 test completed[m[34D[1B[4A[1m<[0;32;1m===========[0;39;1m--> 85% EXECUTING [1m 38s][m[38D[1B[1m> :elastic:test > Executing test com.mesosphere.sdk.elastic.scheduler.ServiceTest[m[81D[2B[1m> :elastic:test > 1 test completed[m[34D[1B[4A[0K
com.mesosphere.sdk.elastic.scheduler.ServiceTest > testSpec [32mPASSED[39m[0K
[2B[0K
[0K
[4A[1m<[0;32;1m===========[0;39;1m--> 85% EXECUTING [1m 38s][m[38D[1B[1m> :elastic:test > Executing test com.mesosphere.sdk.elastic.scheduler.ServiceTest[m[81D[1B> IDLE[6D[1B[1m> :elastic:test > 2 tests completed[m[35D[1B[4A[1m<[0;32;1m===========[0;39;1m--> 85% EXECUTING [1m 38s][m[38D[1B[1m> :elastic:test > Executing test com.mesosphere.sdk.elastic.scheduler.ServiceTest[m[81D[2B[1m> :elastic:test > 2 tests completed[m[35D[1B[4A[1m<[0;32;1m===========[0;39;1m--> 85% EXECUTING [1m 38s][m[38D[1B[1m> :elastic:test > Executing test com.mesosphere.sdk.elastic.scheduler.ServiceTest[m[81D[2B[1m> :elastic:test > 2 tests completed[m[35D[1B[4A[1m<[0;32;1m===========[0;39;1m--> 85% EXECUTING [1m 38s][m[38D[1B[1m> :elastic:test > Executing test com.mesosphere.sdk.elastic.scheduler.ServiceTest[m[81D[2B[1m> :elastic:test > 2 tests completed[m[35D[1B[4A[1m<[0;32;1m===========[0;39;1m--> 85% EXECUTING [1m 38s][m[38D[1B[1m> :elastic:test > Executing test com.mesosphere.sdk.elastic.scheduler.ServiceTest[m[81D[2B[1m> :elastic:test > 2 tests completed[m[35D[1B[4A[1m<[0;32;1m===========[0;39;1m--> 85% EXECUTING [1m 38s][m[38D[1B[1m> :elastic:test > Executing test com.mesosphere.sdk.elastic.scheduler.ServiceTest[m[81D[2B[1m> :elastic:test > 2 tests completed[m[35D[1B[4A[1m<[0;32;1m===========[0;39;1m--> 85% EXECUTING [1m 38s][m[38D[1B[1m> :elastic:test > Executing test com.mesosphere.sdk.elastic.scheduler.ServiceTest[m[81D[2B[1m> :elastic:test > 2 tests completed[m[35D[1B[4A[1m<[0;32;1m===========[0;39;1m--> 85% EXECUTING [1m 38s][m[38D[1B[1m> :elastic:test > Executing test com.mesosphere.sdk.elastic.scheduler.ServiceTest[m[81D[2B[1m> :elastic:test > 2 tests completed[m[35D[1B[4A[1m<[0;32;1m===========[0;39;1m--> 85% EXECUTING [1m 39s][m[38D[1B[1m> :elastic:test > Executing test com.mesosphere.sdk.elastic.scheduler.ServiceTest[m[81D[2B[1m> :elastic:test > 2 tests completed[m[35D[1B[4A[1m<[0;32;1m===========[0;39;1m--> 85% EXECUTING [1m 39s][m[38D[1B[1m> :elastic:test > Executing test com.mesosphere.sdk.elastic.scheduler.ServiceTest[m[81D[2B[1m> :elastic:test > 2 tests completed[m[35D[1B[4A[1m<[0;32;1m===========[0;39;1m--> 85% EXECUTING [1m 39s][m[38D[1B[1m> :elastic:test > Executing test com.mesosphere.sdk.elastic.scheduler.ServiceTest[m[81D[2B[1m> :elastic:test > 2 tests completed[m[35D[1B[4A[1m<[0;32;1m===========[0;39;1m--> 85% EXECUTING [1m 39s][m[38D[1B[1m> :elastic:test > Executing test com.mesosphere.sdk.elastic.scheduler.ServiceTest[m[81D[2B[1m> :elastic:test > 2 tests completed[m[35D[1B[4A[1m<[0;32;1m===========[0;39;1m--> 85% EXECUTING [1m 39s][m[38D[1B[1m> :elastic:test > Executing test com.mesosphere.sdk.elastic.scheduler.ServiceTest[m[81D[2B[1m> :elastic:test > 2 tests completed[m[35D[1B[4A[1m<[0;32;1m===========[0;39;1m--> 85% EXECUTING [1m 39s][m[38D[1B[1m> :elastic:test > Executing test com.mesosphere.sdk.elastic.scheduler.ServiceTest[m[81D[2B[1m> :elastic:test > 2 tests completed[m[35D[1B[4A[1m<[0;32;1m===========[0;39;1m--> 85% EXECUTING [1m 39s][m[38D[1B[1m> :elastic:test > Executing test com.mesosphere.sdk.elastic.scheduler.ServiceTest[m[81D[2B[1m> :elastic:test > 2 tests completed[m[35D[1B[4A[1m<[0;32;1m===========[0;39;1m--> 85% EXECUTING [1m 39s][m[38D[1B[1m> :elastic:test > Executing test com.mesosphere.sdk.elastic.scheduler.ServiceTest[m[81D[2B[1m> :elastic:test > 2 tests completed[m[35D[1B[4A[1m<[0;32;1m===========[0;39;1m--> 85% EXECUTING [1m 39s][m[38D[1B[1m> :elastic:test > Executing test com.mesosphere.sdk.elastic.scheduler.ServiceTest[m[81D[2B[1m> :elastic:test > 2 tests completed[m[35D[1B[4A[1m<[0;32;1m===========[0;39;1m--> 85% EXECUTING [1m 39s][m[38D[1B[1m> :elastic:test > Executing test com.mesosphere.sdk.elastic.scheduler.ServiceTest[m[81D[2B[1m> :elastic:test > 2 tests completed[m[35D[1B[4A[1m<[0;32;1m===========[0;39;1m--> 85% EXECUTING [1m 40s][m[38D[1B[1m> :elastic:test > Executing test com.mesosphere.sdk.elastic.scheduler.ServiceTest[m[81D[2B[1m> :elastic:test > 2 tests completed[m[35D[1B[4A[1m<[0;32;1m===========[0;39;1m--> 85% EXECUTING [1m 40s][m[38D[1B[1m> :elastic:test > Executing test com.mesosphere.sdk.elastic.scheduler.ServiceTest[m[81D[2B[1m> :elastic:test > 2 tests completed[m[35D[1B[4A[1m<[0;32;1m===========[0;39;1m--> 85% EXECUTING [1m 40s][m[38D[1B[1m> :elastic:test > Executing test com.mesosphere.sdk.elastic.scheduler.ServiceTest[m[81D[2B[1m> :elastic:test > 2 tests completed[m[35D[1B[4A[1m<[0;32;1m===========[0;39;1m--> 85% EXECUTING [1m 40s][m[38D[1B[1m> :elastic:test > Executing test com.mesosphere.sdk.elastic.scheduler.ServiceTest[m[81D[2B[1m> :elastic:test > 2 tests completed[m[35D[1B[4A[1m<[0;32;1m===========[0;39;1m--> 85% EXECUTING [1m 40s][m[38D[1B[1m> :elastic:test > Executing test com.mesosphere.sdk.elastic.scheduler.ServiceTest[m[81D[2B[1m> :elastic:test > 2 tests completed[m[35D[1B[4A[1m<[0;32;1m===========[0;39;1m--> 85% EXECUTING [1m 40s][m[38D[1B[1m> :elastic:test > Executing test com.mesosphere.sdk.elastic.scheduler.ServiceTest[m[81D[2B[1m> :elastic:test > 2 tests completed[m[35D[1B[4A[1m<[0;32;1m===========[0;39;1m--> 85% EXECUTING [1m 40s][m[38D[1B[1m> :elastic:test > Executing test com.mesosphere.sdk.elastic.scheduler.ServiceTest[m[81D[2B[1m> :elastic:test > 2 tests completed[m[35D[1B[4A[1m<[0;32;1m===========[0;39;1m--> 85% EXECUTING [1m 40s][m[38D[1B[1m> :elastic:test > Executing test com.mesosphere.sdk.elastic.scheduler.ServiceTest[m[81D[2B[1m> :elastic:test > 2 tests completed[m[35D[1B[4A[1m<[0;32;1m===========[0;39;1m--> 85% EXECUTING [1m 40s][m[38D[1B[1m> :elastic:test > Executing test com.mesosphere.sdk.elastic.scheduler.ServiceTest[m[81D[2B[1m> :elastic:test > 2 tests completed[m[35D[1B[4A[1m<[0;32;1m===========[0;39;1m--> 85% EXECUTING [1m 40s][m[38D[1B[1m> :elastic:test > Executing test com.mesosphere.sdk.elastic.scheduler.ServiceTest[m[81D[2B[1m> :elastic:test > 2 tests completed[m[35D[1B[4A[1m<[0;32;1m===========[0;39;1m--> 85% EXECUTING [1m 41s][m[38D[1B[1m> :elastic:test > Executing test com.mesosphere.sdk.elastic.scheduler.ServiceTest[m[81D[2B[1m> :elastic:test > 2 tests completed[m[35D[1B[4A[1m<[0;32;1m===========[0;39;1m--> 85% EXECUTING [1m 41s][m[38D[1B[1m> :elastic:test > Executing test com.mesosphere.sdk.elastic.scheduler.ServiceTest[m[81D[2B[1m> :elastic:test > 2 tests completed[m[35D[1B[4A[1m<[0;32;1m===========[0;39;1m--> 85% EXECUTING [1m 41s][m[38D[1B[1m> :elastic:test > Executing test com.mesosphere.sdk.elastic.scheduler.ServiceTest[m[81D[2B[1m> :elastic:test > 2 tests completed[m[35D[1B[4A[1m<[0;32;1m===========[0;39;1m--> 85% EXECUTING [1m 41s][m[38D[1B[1m> :elastic:test > Executing test com.mesosphere.sdk.elastic.scheduler.ServiceTest[m[81D[2B[1m> :elastic:test > 2 tests completed[m[35D[1B[4A[1m<[0;32;1m===========[0;39;1m--> 85% EXECUTING [1m 41s][m[38D[1B[1m> :elastic:test > Executing test com.mesosphere.sdk.elastic.scheduler.ServiceTest[m[81D[2B[1m> :elastic:test > 2 tests completed[m[35D[1B[4A[1m<[0;32;1m===========[0;39;1m--> 85% EXECUTING [1m 41s][m[38D[1B[1m> :elastic:test > Executing test com.mesosphere.sdk.elastic.scheduler.ServiceTest[m[81D[2B[1m> :elastic:test > 2 tests completed[m[35D[1B[4A[1m<[0;32;1m===========[0;39;1m--> 85% EXECUTING [1m 41s][m[38D[1B[1m> :elastic:test > Executing test com.mesosphere.sdk.elastic.scheduler.ServiceTest[m[81D[2B[1m> :elastic:test > 2 tests completed[m[35D[1B[4A[1m<[0;32;1m===========[0;39;1m--> 85% EXECUTING [1m 41s][m[38D[1B[1m> :elastic:test > Executing test com.mesosphere.sdk.elastic.scheduler.ServiceTest[m[81D[2B[1m> :elastic:test > 2 tests completed[m[35D[1B[4A[1m<[0;32;1m===========[0;39;1m--> 85% EXECUTING [1m 41s][m[38D[1B[1m> :elastic:test > Executing test com.mesosphere.sdk.elastic.scheduler.ServiceTest[m[81D[2B[1m> :elastic:test > 2 tests completed[m[35D[1B[4A[1m<[0;32;1m===========[0;39;1m--> 85% EXECUTING [1m 41s][m[38D[1B[1m> :elastic:test > Executing test com.mesosphere.sdk.elastic.scheduler.ServiceTest[m[81D[2B[1m> :elastic:test > 2 tests completed[m[35D[1B[4A[1m<[0;32;1m===========[0;39;1m--> 85% EXECUTING [1m 42s][m[38D[1B[1m> :elastic:test > Executing test com.mesosphere.sdk.elastic.scheduler.ServiceTest[m[81D[2B[1m> :elastic:test > 2 tests completed[m[35D[1B[4A[1m<[0;32;1m===========[0;39;1m--> 85% EXECUTING [1m 42s][m[38D[1B[1m> :elastic:test > Executing test com.mesosphere.sdk.elastic.scheduler.ServiceTest[m[81D[2B[1m> :elastic:test > 2 tests completed[m[35D[1B[4A[1m<[0;32;1m===========[0;39;1m--> 85% EXECUTING [1m 42s][m[38D[1B[1m> :elastic:test > Executing test com.mesosphere.sdk.elastic.scheduler.ServiceTest[m[81D[2B[1m> :elastic:test > 2 tests completed[m[35D[1B[4A[0K
com.mesosphere.sdk.elastic.scheduler.ServiceTest > allowRackChanges [32mPASSED[39m[0K
[2B[0K
[0K
[4A[1m<[0;32;1m===========[0;39;1m--> 85% EXECUTING [1m 42s][m[38D[1B[1m> :elastic:test > Executing test com.mesosphere.sdk.elastic.scheduler.ServiceTest[m[81D[1B> IDLE[6D[1B[1m> :elastic:test > 3 tests completed[m[35D[1B[4A[1m<[0;32;1m===========[0;39;1m--> 85% EXECUTING [1m 42s][m[38D[1B[1m> :elastic:test > Executing test com.mesosphere.sdk.elastic.scheduler.ServiceTest[m[81D[2B[1m> :elastic:test > 3 tests completed[m[35D[1B[4A[1m<[0;32;1m===========[0;39;1m--> 85% EXECUTING [1m 42s][m[38D[1B[1m> :elastic:test > Executing test com.mesosphere.sdk.elastic.scheduler.ServiceTest[m[81D[2B[1m> :elastic:test > 3 tests completed[m[35D[1B[4A[1m<[0;32;1m===========[0;39;1m--> 85% EXECUTING [1m 42s][m[38D[1B[1m> :elastic:test > Executing test com.mesosphere.sdk.elastic.scheduler.ServiceTest[m[81D[2B[1m> :elastic:test > 3 tests completed[m[35D[1B[4A[1m<[0;32;1m===========[0;39;1m--> 85% EXECUTING [1m 42s][m[38D[1B[1m> :elastic:test > Executing test com.mesosphere.sdk.elastic.scheduler.ServiceTest[m[81D[2B[1m> :elastic:test > 3 tests completed[m[35D[1B[4A[1m<[0;32;1m===========[0;39;1m--> 85% EXECUTING [1m 42s][m[38D[1B[1m> :elastic:test > Executing test com.mesosphere.sdk.elastic.scheduler.ServiceTest[m[81D[2B[1m> :elastic:test > 3 tests completed[m[35D[1B[4A[1m<[0;32;1m===========[0;39;1m--> 85% EXECUTING [1m 42s][m[38D[1B[1m> :elastic:test > Executing test com.mesosphere.sdk.elastic.scheduler.ServiceTest[m[81D[2B[1m> :elastic:test > 3 tests completed[m[35D[1B[4A[1m<[0;32;1m===========[0;39;1m--> 85% EXECUTING [1m 43s][m[38D[1B[1m> :elastic:test > Executing test com.mesosphere.sdk.elastic.scheduler.ServiceTest[m[81D[2B[1m> :elastic:test > 3 tests completed[m[35D[1B[4A[1m<[0;32;1m===========[0;39;1m--> 85% EXECUTING [1m 43s][m[38D[1B[1m> :elastic:test > Executing test com.mesosphere.sdk.elastic.scheduler.ServiceTest[m[81D[2B[1m> :elastic:test > 3 tests completed[m[35D[1B[4A[1m<[0;32;1m===========[0;39;1m--> 85% EXECUTING [1m 43s][m[38D[1B[1m> :elastic:test > Executing test com.mesosphere.sdk.elastic.scheduler.ServiceTest[m[81D[2B[1m> :elastic:test > 3 tests completed[m[35D[1B[4A[1m<[0;32;1m===========[0;39;1m--> 85% EXECUTING [1m 43s][m[38D[1B[1m> :elastic:test > Executing test com.mesosphere.sdk.elastic.scheduler.ServiceTest[m[81D[2B[1m> :elastic:test > 3 tests completed[m[35D[1B[4A[1m<[0;32;1m===========[0;39;1m--> 85% EXECUTING [1m 43s][m[38D[1B[1m> :elastic:test > Executing test com.mesosphere.sdk.elastic.scheduler.ServiceTest[m[81D[2B[1m> :elastic:test > 3 tests completed[m[35D[1B[4A[1m<[0;32;1m===========[0;39;1m--> 85% EXECUTING [1m 43s][m[38D[1B[1m> :elastic:test > Executing test com.mesosphere.sdk.elastic.scheduler.ServiceTest[m[81D[2B[1m> :elastic:test > 3 tests completed[m[35D[1B[4A[1m<[0;32;1m===========[0;39;1m--> 85% EXECUTING [1m 43s][m[38D[1B[1m> :elastic:test > Executing test com.mesosphere.sdk.elastic.scheduler.ServiceTest[m[81D[2B[1m> :elastic:test > 3 tests completed[m[35D[1B[4A[1m<[0;32;1m===========[0;39;1m--> 85% EXECUTING [1m 43s][m[38D[1B[1m> :elastic:test > Executing test com.mesosphere.sdk.elastic.scheduler.ServiceTest[m[81D[2B[1m> :elastic:test > 3 tests completed[m[35D[1B[4A[1m<[0;32;1m===========[0;39;1m--> 85% EXECUTING [1m 43s][m[38D[1B[1m> :elastic:test > Executing test com.mesosphere.sdk.elastic.scheduler.ServiceTest[m[81D[2B[1m> :elastic:test > 3 tests completed[m[35D[1B[4A[1m<[0;32;1m===========[0;39;1m--> 85% EXECUTING [1m 43s][m[38D[1B[1m> :elastic:test > Executing test com.mesosphere.sdk.elastic.scheduler.ServiceTest[m[81D[2B[1m> :elastic:test > 3 tests completed[m[35D[1B[4A[1m<[0;32;1m===========[0;39;1m--> 85% EXECUTING [1m 44s][m[38D[1B[1m> :elastic:test > Executing test com.mesosphere.sdk.elastic.scheduler.ServiceTest[m[81D[2B[1m> :elastic:test > 3 tests completed[m[35D[1B[4A[1m<[0;32;1m===========[0;39;1m--> 85% EXECUTING [1m 44s][m[38D[1B[1m> :elastic:test > Executing test com.mesosphere.sdk.elastic.scheduler.ServiceTest[m[81D[2B[1m> :elastic:test > 3 tests completed[m[35D[1B[4A[1m<[0;32;1m===========[0;39;1m--> 85% EXECUTING [1m 44s][m[38D[1B[1m> :elastic:test > Executing test com.mesosphere.sdk.elastic.scheduler.ServiceTest[m[81D[2B[1m> :elastic:test > 3 tests completed[m[35D[1B[4A[1m<[0;32;1m===========[0;39;1m--> 85% EXECUTING [1m 44s][m[38D[1B[1m> :elastic:test > Executing test com.mesosphere.sdk.elastic.scheduler.ServiceTest[m[81D[2B[1m> :elastic:test > 3 tests completed[m[35D[1B[4A[1m<[0;32;1m===========[0;39;1m--> 85% EXECUTING [1m 44s][m[38D[1B[1m> :elastic:test > Executing test com.mesosphere.sdk.elastic.scheduler.ServiceTest[m[81D[2B[1m> :elastic:test > 3 tests completed[m[35D[1B[4A[1m<[0;32;1m===========[0;39;1m--> 85% EXECUTING [1m 44s][m[38D[1B[1m> :elastic:test > Executing test com.mesosphere.sdk.elastic.scheduler.ServiceTest[m[81D[2B[1m> :elastic:test > 3 tests completed[m[35D[1B[4A[0K
com.mesosphere.sdk.elastic.scheduler.ServiceTest > rejectRackEnablement [32mPASSED[39m[0K
[2B[0K
[0K
[4A[1m<[0;32;1m===========[0;39;1m--> 85% EXECUTING [1m 44s][m[38D[1B[1m> :elastic:test > Executing test com.mesosphere.sdk.elastic.scheduler.ServiceTest[m[81D[1B> IDLE[6D[1B[1m> :elastic:test > 4 tests completed[m[35D[1B[4A[0K
com.mesosphere.sdk.elastic.scheduler.ServiceTest > testRegionAwareness [32mPASSED[39m[0K
[2B[0K
[0K
[4A[1m<[0;32;1m===========[0;39;1m--> 85% EXECUTING [1m 44s][m[38D[1B> IDLE[0K[6D[1B> IDLE[6D[1B[1m> :elastic:test > 5 tests completed[m[35D[1B[4A[1m<[0;32;1m===========[0;39;1m--> 85% EXECUTING [1m 44s][m[38D[3B[1m> :elastic:test > 5 tests completed[m[35D[1B[4A[1m<[0;32;1m===========[0;39;1m--> 85% EXECUTING [1m 44s][m[38D[3B[1m> :elastic:test > 5 tests completed[m[35D[1B[4A[1m<[0;32;1m===========[0;39;1m--> 85% EXECUTING [1m 45s][m[38D[3B[1m> :elastic:test[m[0K[15D[1B[4A[1m<[0;32;1m===========[0;39;1m--> 85% EXECUTING [1m 45s][m[38D[3B[1m> :elastic:test[m[15D[1B[4A[1m<[0;32;1m===========[0;39;1m--> 85% EXECUTING [1m 45s][m[38D[3B[1m> :elastic:test[m[15D[1B[4A[1m<[0;32;1m===========[0;39;1m--> 85% EXECUTING [1m 45s][m[38D[3B[1m> :elastic:test[m[15D[1B[4A[1m<[0;32;1m===========[0;39;1m--> 85% EXECUTING [1m 45s][m[38D[3B[1m> :elastic:test[m[15D[1B[4A[1m<[0;32;1m===========[0;39;1m--> 85% EXECUTING [1m 45s][m[38D[3B[1m> :elastic:test[m[15D[1B[4A[1m<[0;32;1m===========[0;39;1m--> 85% EXECUTING [1m 45s][m[38D[3B[1m> :elastic:test[m[15D[1B[4A[1m<[0;32;1m============[0;39;1m-> 96% EXECUTING [1m 45s][m[38D[3B[1m> :elastic:distZip[m[18D[1B[4A[1m<[0;32;1m============[0;39;1m-> 96% EXECUTING [1m 45s][m[38D[3B[1m> :elastic:distZip[m[18D[1B[4A[1m<[0;32;1m============[0;39;1m-> 96% EXECUTING [1m 45s][m[38D[3B[1m> :elastic:distZip[m[18D[1B[4A[1m<[0;32;1m============[0;39;1m-> 96% EXECUTING [1m 46s][m[38D[3B[1m> :elastic:distZip[m[18D[1B[4A[1m<[0;32;1m============[0;39;1m-> 96% EXECUTING [1m 46s][m[38D[3B[1m> :elastic:distZip[m[18D[1B[4A[1m<[0;32;1m============[0;39;1m-> 96% EXECUTING [1m 46s][m[38D[3B[1m> :elastic:distZip[m[18D[1B[4A[1m<[0;32;1m============[0;39;1m-> 96% EXECUTING [1m 46s][m[38D[3B[1m> :elastic:distZip[m[18D[1B[4A[1m<[0;32;1m============[0;39;1m-> 96% EXECUTING [1m 46s][m[38D[3B[1m> :elastic:distZip[m[18D[1B[4A[1m<[0;32;1m============[0;39;1m-> 96% EXECUTING [1m 46s][m[38D[3B[1m> :elastic:distZip[m[18D[1B[4A[1m<[0;32;1m============[0;39;1m-> 96% EXECUTING [1m 46s][m[38D[3B[1m> :elastic:distZip[m[18D[1B[4A[1m<[0;32;1m============[0;39;1m-> 96% EXECUTING [1m 46s][m[38D[3B[1m> :elastic:distZip[m[18D[1B[4A[1m<[0;32;1m============[0;39;1m-> 96% EXECUTING [1m 46s][m[38D[3B[1m> :elastic:distZip[m[18D[1B[4A[1m<[0;32;1m============[0;39;1m-> 96% EXECUTING [1m 46s][m[38D[3B[1m> :elastic:distZip[m[18D[1B[4A[1m<[0;32;1m============[0;39;1m-> 96% EXECUTING [1m 47s][m[38D[3B[1m> :elastic:distZip[m[18D[1B[4A[1m<[0;32;1m============[0;39;1m-> 96% EXECUTING [1m 47s][m[38D[3B[1m> :elastic:distZip[m[18D[1B[4A[1m<[0;32;1m============[0;39;1m-> 96% EXECUTING [1m 47s][m[38D[3B[1m> :elastic:distZip[m[18D[1B[4A[1m<[0;32;1m============[0;39;1m-> 96% EXECUTING [1m 47s][m[38D[3B[1m> :elastic:distZip[m[18D[1B[4A[1m<[0;32;1m============[0;39;1m-> 96% EXECUTING [1m 47s][m[38D[3B[1m> :elastic:distZip[m[18D[1B[4A[1m<[0;32;1m============[0;39;1m-> 96% EXECUTING [1m 47s][m[38D[3B[1m> :elastic:distZip[m[18D[1B[4A[1m<[0;32;1m============[0;39;1m-> 96% EXECUTING [1m 47s][m[38D[3B[1m> :elastic:distZip[m[18D[1B[4A[1m<[0;32;1m============[0;39;1m-> 96% EXECUTING [1m 47s][m[38D[3B[1m> :elastic:distZip[m[18D[1B[4A[1m<[0;32;1m============[0;39;1m-> 96% EXECUTING [1m 47s][m[38D[3B[1m> :elastic:distZip[m[18D[1B[4A[1m<[0;32;1m============[0;39;1m-> 96% EXECUTING [1m 47s][m[38D[3B[1m> :elastic:distZip[m[18D[1B[4A[1m<[0;32;1m============[0;39;1m-> 96% EXECUTING [1m 48s][m[38D[3B[1m> :elastic:distZip[m[18D[1B[4A[1m<[0;32;1m============[0;39;1m-> 96% EXECUTING [1m 48s][m[38D[3B[1m> :elastic:distZip[m[18D[1B[4A[1m<[0;32;1m============[0;39;1m-> 96% EXECUTING [1m 48s][m[38D[3B[1m> :elastic:distZip[m[18D[1B[4A[1m<[0;32;1m============[0;39;1m-> 96% EXECUTING [1m 48s][m[38D[3B[1m> :elastic:distZip[m[18D[1B[4A[1m<[0;32;1m============[0;39;1m-> 96% EXECUTING [1m 48s][m[38D[3B[1m> :elastic:distZip[m[18D[1B[4A[1m<[0;32;1m============[0;39;1m-> 96% EXECUTING [1m 48s][m[38D[3B[1m> :elastic:distZip[m[18D[1B[4A[1m<[0;32;1m============[0;39;1m-> 96% EXECUTING [1m 48s][m[38D[3B[1m> :elastic:distZip[m[18D[1B[4A[1m<[0;32;1m============[0;39;1m-> 96% EXECUTING [1m 48s][m[38D[3B[1m> :elastic:distZip[m[18D[1B[4A[1m<[0;32;1m============[0;39;1m-> 96% EXECUTING [1m 48s][m[38D[3B[1m> :elastic:distZip[m[18D[1B[4A[1m<[0;32;1m============[0;39;1m-> 96% EXECUTING [1m 48s][m[38D[3B[1m> :elastic:distZip[m[18D[1B[4A[1m<[0;32;1m============[0;39;1m-> 96% EXECUTING [1m 49s][m[38D[3B[1m> :elastic:distZip[m[18D[1B[4A[1m<[0;32;1m============[0;39;1m-> 96% EXECUTING [1m 49s][m[38D[3B[1m> :elastic:distZip[m[18D[1B[4A[1m<[0;32;1m============[0;39;1m-> 96% EXECUTING [1m 49s][m[38D[3B[1m> :elastic:distZip[m[18D[1B[4A[1m<[0;32;1m============[0;39;1m-> 96% EXECUTING [1m 49s][m[38D[3B[1m> :elastic:distZip[m[18D[1B[4A[1m<[0;32;1m============[0;39;1m-> 96% EXECUTING [1m 49s][m[38D[3B[1m> :elastic:distZip[m[18D[1B[4A[1m<[0;32;1m============[0;39;1m-> 96% EXECUTING [1m 49s][m[38D[3B[1m> :elastic:distZip[m[18D[1B[4A[1m<[0;32;1m============[0;39;1m-> 96% EXECUTING [1m 49s][m[38D[3B[1m> :elastic:distZip[m[18D[1B[4A[1m<[0;32;1m============[0;39;1m-> 96% EXECUTING [1m 49s][m[38D[3B[1m> :elastic:distZip[m[18D[1B[4A[1m<[0;32;1m============[0;39;1m-> 96% EXECUTING [1m 49s][m[38D[3B[1m> :elastic:distZip[m[18D[1B[4A[1m<[0;32;1m============[0;39;1m-> 96% EXECUTING [1m 49s][m[38D[3B[1m> :elastic:distZip[m[18D[1B[4A[1m<[0;32;1m============[0;39;1m-> 96% EXECUTING [1m 50s][m[38D[3B[1m> :elastic:distZip[m[18D[1B[4A[1m<[0;32;1m============[0;39;1m-> 96% EXECUTING [1m 50s][m[38D[3B[1m> :elastic:distZip[m[18D[1B[4A[1m<[0;32;1m============[0;39;1m-> 96% EXECUTING [1m 50s][m[38D[3B[1m> :elastic:distZip[m[18D[1B[4A[1m<[0;32;1m============[0;39;1m-> 96% EXECUTING [1m 50s][m[38D[3B[1m> :elastic:distZip[m[18D[1B[4A[1m<[0;32;1m============[0;39;1m-> 96% EXECUTING [1m 50s][m[38D[3B[1m> :elastic:distZip[m[18D[1B[4A[1m<[0;32;1m============[0;39;1m-> 96% EXECUTING [1m 50s][m[38D[3B[1m> :elastic:distZip[m[18D[1B[4A[1m<[0;32;1m============[0;39;1m-> 96% EXECUTING [1m 50s][m[38D[3B[1m> :elastic:distZip[m[18D[1B[4A[1m<[0;32;1m============[0;39;1m-> 96% EXECUTING [1m 50s][m[38D[3B[1m> :elastic:distZip[m[18D[1B[4A[1m<[0;32;1m============[0;39;1m-> 96% EXECUTING [1m 50s][m[38D[3B[1m> :elastic:distZip[m[18D[1B[4A[1m<[0;32;1m============[0;39;1m-> 96% EXECUTING [1m 50s][m[38D[3B[1m> :elastic:distZip[m[18D[1B[4A[1m<[0;32;1m============[0;39;1m-> 96% EXECUTING [1m 51s][m[38D[3B[1m> :elastic:distZip[m[18D[1B[4A[1m<[0;32;1m============[0;39;1m-> 96% EXECUTING [1m 51s][m[38D[3B[1m> :elastic:distZip[m[18D[1B[4A[1m<[0;32;1m============[0;39;1m-> 96% EXECUTING [1m 51s][m[38D[3B[1m> :elastic:distZip[m[18D[1B[4A[1m<[0;32;1m============[0;39;1m-> 96% EXECUTING [1m 51s][m[38D[3B[1m> :elastic:distZip[m[18D[1B[4A[1m<[0;32;1m============[0;39;1m-> 96% EXECUTING [1m 51s][m[38D[3B[1m> :elastic:distZip[m[18D[1B[4A[1m<[0;32;1m============[0;39;1m-> 96% EXECUTING [1m 51s][m[38D[3B[1m> :elastic:distZip[m[18D[1B[4A[1m<[0;32;1m============[0;39;1m-> 96% EXECUTING [1m 51s][m[38D[3B[1m> :elastic:distZip[m[18D[1B[4A[1m<[0;32;1m============[0;39;1m-> 96% EXECUTING [1m 51s][m[38D[3B[1m> :elastic:distZip[m[18D[1B[4A[1m<[0;32;1m============[0;39;1m-> 96% EXECUTING [1m 51s][m[38D[3B[1m> :elastic:distZip[m[18D[1B[4A[1m<[0;32;1m============[0;39;1m-> 96% EXECUTING [1m 51s][m[38D[3B[1m> :elastic:distZip[m[18D[1B[4A[1m<[0;32;1m============[0;39;1m-> 96% EXECUTING [1m 52s][m[38D[3B[1m> :elastic:distZip[m[18D[1B[4A[1m<[0;32;1m============[0;39;1m-> 96% EXECUTING [1m 52s][m[38D[3B[1m> :elastic:distZip[m[18D[1B[4A[1m<[0;32;1m============[0;39;1m-> 96% EXECUTING [1m 52s][m[38D[3B[1m> :elastic:distZip[m[18D[1B[4A[1m<[0;32;1m============[0;39;1m-> 96% EXECUTING [1m 52s][m[38D[3B[1m> :elastic:distZip[m[18D[1B[4A[1m<[0;32;1m============[0;39;1m-> 96% EXECUTING [1m 52s][m[38D[3B[1m> :elastic:distZip[m[18D[1B[4A[1m<[0;32;1m============[0;39;1m-> 96% EXECUTING [1m 52s][m[38D[3B[1m> :elastic:distZip[m[18D[1B[4A[1m<[0;32;1m============[0;39;1m-> 96% EXECUTING [1m 52s][m[38D[3B[1m> :elastic:distZip[m[18D[1B[4A[1m<[0;32;1m============[0;39;1m-> 96% EXECUTING [1m 52s][m[38D[3B[1m> :elastic:distZip[m[18D[1B[4A[1m<[0;32;1m============[0;39;1m-> 96% EXECUTING [1m 52s][m[38D[3B[1m> :elastic:distZip[m[18D[1B[4A[1m<[0;32;1m============[0;39;1m-> 96% EXECUTING [1m 52s][m[38D[3B[1m> :elastic:distZip[m[18D[1B[4A[1m<[0;32;1m============[0;39;1m-> 96% EXECUTING [1m 53s][m[38D[3B[1m> :elastic:distZip[m[18D[1B[4A[1m<[0;32;1m============[0;39;1m-> 96% EXECUTING [1m 53s][m[38D[3B[1m> :elastic:distZip[m[18D[1B[4A[1m<[0;32;1m============[0;39;1m-> 96% EXECUTING [1m 53s][m[38D[3B[1m> :elastic:distZip[m[18D[1B[4A[1m<[0;32;1m============[0;39;1m-> 96% EXECUTING [1m 53s][m[38D[3B[1m> :elastic:distZip[m[18D[1B[4A[1m<[0;32;1m============[0;39;1m-> 96% EXECUTING [1m 53s][m[38D[3B[1m> :elastic:distZip[m[18D[1B[4A[1m<[0;32;1m============[0;39;1m-> 96% EXECUTING [1m 53s][m[38D[3B[1m> :elastic:distZip[m[18D[1B[4A[1m<[0;32;1m============[0;39;1m-> 96% EXECUTING [1m 53s][m[38D[3B[1m> :elastic:distZip[m[18D[1B[4A[1m<[0;32;1m============[0;39;1m-> 96% EXECUTING [1m 53s][m[38D[3B[1m> :elastic:distZip[m[18D[1B[4A[1m<[0;32;1m============[0;39;1m-> 96% EXECUTING [1m 53s][m[38D[3B[1m> :elastic:distZip[m[18D[1B[4A[0K
[32;1mBUILD SUCCESSFUL[0;39m in 2m 5s[0K
22 actionable tasks: 16 executed, 6 up-to-date[0K
[1B[0K
[0K
[0K
[4A[1m<[0;32;1;0;39;1m-------------> 0% WAITING[m[26D[1B> IDLE[6D[1B> IDLE[6D[1B> IDLE[6D[1B[4A[1m<[0;32;1;0;39;1m-------------> 0% WAITING[m[26D[4B[4A[1m<[0;32;1;0;39;1m-------------> 0% WAITING[m[26D[4B[4A[1m<[0;32;1;0;39;1m-------------> 0% WAITING[m[26D[3B[1m> Deleting unused version-specific caches in /build/.gradle[m[59D[1B[4A[1m<[0;32;1;0;39;1m-------------> 0% WAITING[m[26D[3B> IDLE[0K[6D[1B[4A[1m<[0;32;1;0;39;1m-------------> 0% WAITING[m[26D[3B[1m> Cleaning artifact cache (/root/.gradle/caches/modules-2): 0 entries deleted, 4 skipped[m[88D[1B[4A[1m<[0;32;1;0;39;1m-------------> 0% WAITING[m[26D[3B[1m> Cleaning artifact cache (/root/.gradle/caches/modules-2): 0 entries deleted, 11 skipped[m[89D[1B[4A[1m<[0;32;1;0;39;1m-------------> 0% WAITING[m[26D[3B[1m> Cleaning artifact cache (/root/.gradle/caches/modules-2): 0 entries deleted, 31 skipped[m[89D[1B[4A[1m<[0;32;1;0;39;1m-------------> 0% WAITING[m[26D[3B[1m> Cleaning artifact cache (/root/.gradle/caches/modules-2): 0 entries deleted, 42 skipped[m[89D[1B[4A[1m<[0;32;1;0;39;1m-------------> 0% WAITING[m[26D[3B[1m> Cleaning artifact cache (/root/.gradle/caches/modules-2): 0 entries deleted, 81 skipped[m[89D[1B[4A[1m<[0;32;1;0;39;1m-------------> 0% WAITING[m[26D[3B[1m> Cleaning artifact cache (/root/.gradle/caches/modules-2): 0 entries deleted, 101 skipped[m[90D[1B[4A[1m<[0;32;1;0;39;1m-------------> 0% WAITING[m[26D[3B[1m> Cleaning artifact cache (/root/.gradle/caches/modules-2): 0 entries deleted, 135 skipped[m[90D[1B[4A[1m<[0;32;1;0;39;1m-------------> 0% WAITING[m[26D[3B[1m> Cleaning artifact cache (/root/.gradle/caches/modules-2): 0 entries deleted, 153 skipped[m[90D[1B[4A[1m<[0;32;1;0;39;1m-------------> 0% WAITING[m[26D[3B[1m> Cleaning artifact cache (/root/.gradle/caches/modules-2): 0 entries deleted, 155 skipped[m[90D[1B[4A[1m<[0;32;1;0;39;1m-------------> 0% WAITING[m[26D[3B[1m> Cleaning artifact cache (/root/.gradle/caches/modules-2): 0 entries deleted, 163 skipped[m[90D[1B[4A[1m<[0;32;1;0;39;1m-------------> 0% WAITING[m[26D[3B[1m> Cleaning artifact cache (/root/.gradle/caches/modules-2): 0 entries deleted, 176 skipped[m[90D[1B[4A[1m<[0;32;1;0;39;1m-------------> 0% WAITING[m[26D[3B[1m> Cleaning artifact cache (/root/.gradle/caches/modules-2): 0 entries deleted, 190 skipped[m[90D[1B[4A[1m<[0;32;1;0;39;1m-------------> 0% WAITING[m[26D[3B[1m> Cleaning artifact cache (/root/.gradle/caches/modules-2): 0 entries deleted, 210 skipped[m[90D[1B[4A[1m<[0;32;1;0;39;1m-------------> 0% WAITING[m[26D[3B[1m> Cleaning artifact cache (/root/.gradle/caches/modules-2): 0 entries deleted, 238 skipped[m[90D[1B[4A[1m<[0;32;1;0;39;1m-------------> 0% WAITING[m[26D[3B[1m> Cleaning artifact cache (/root/.gradle/caches/modules-2): 0 entries deleted, 280 skipped[m[90D[1B[4A[1m<[0;32;1;0;39;1m-------------> 0% WAITING[m[26D[3B[1m> Cleaning artifact cache (/root/.gradle/caches/modules-2): 0 entries deleted, 295 skipped[m[90D[1B[4A[1m<[0;32;1;0;39;1m-------------> 0% WAITING[m[26D[3B[1m> Cleaning artifact cache (/root/.gradle/caches/modules-2): 0 entries deleted, 318 skipped[m[90D[1B[4A[1m<[0;32;1;0;39;1m-------------> 0% WAITING[m[26D[3B[1m> Cleaning artifact cache (/root/.gradle/caches/modules-2): 0 entries deleted, 353 skipped[m[90D[1B[4A[1m<[0;32;1;0;39;1m-------------> 0% WAITING[m[26D[3B[1m> Cleaning artifact cache (/root/.gradle/caches/modules-2): 0 entries deleted, 375 skipped[m[90D[1B[4A[1m<[0;32;1;0;39;1m-------------> 0% WAITING[m[26D[3B[1m> Cleaning artifact cache (/root/.gradle/caches/modules-2): 0 entries deleted, 386 skipped[m[90D[1B[4A[1m<[0;32;1;0;39;1m-------------> 0% WAITING[m[26D[3B[1m> Cleaning artifact cache (/root/.gradle/caches/modules-2): 0 entries deleted, 412 skipped[m[90D[1B[4A[1m<[0;32;1;0;39;1m-------------> 0% WAITING[m[26D[3B[1m> Cleaning artifact cache (/root/.gradle/caches/modules-2): 0 entries deleted, 429 skipped[m[90D[1B[4A[1m<[0;32;1;0;39;1m-------------> 0% WAITING[m[26D[3B[1m> Cleaning artifact cache (/root/.gradle/caches/modules-2): 0 entries deleted, 468 skipped[m[90D[1B[4A[1m<[0;32;1;0;39;1m-------------> 0% WAITING[m[26D[3B[1m> Cleaning artifact cache (/root/.gradle/caches/modules-2): 0 entries deleted, 491 skipped[m[90D[1B[4A[1m<[0;32;1;0;39;1m-------------> 0% WAITING[m[26D[3B[1m> Cleaning artifact cache (/root/.gradle/caches/modules-2): 0 entries deleted, 521 skipped[m[90D[1B[4A[1m<[0;32;1;0;39;1m-------------> 0% WAITING[m[26D[3B[1m> Cleaning artifact cache (/root/.gradle/caches/modules-2): 0 entries deleted, 545 skipped[m[90D[1B[4A[1m<[0;32;1;0;39;1m-------------> 0% WAITING[m[26D[3B[1m> Cleaning artifact cache (/root/.gradle/caches/modules-2): 0 entries deleted, 567 skipped[m[90D[1B[4A[1m<[0;32;1;0;39;1m-------------> 0% WAITING[m[26D[4B[4A[2K[1B[2K[1B[2K[1B[2K[3A[0m+ '[' 13 -lt 3 ']'
+ FRAMEWORK_NAME=elastic
+ shift
+ FRAMEWORK_DIR=/build/frameworks/elastic
+ shift
+ echo 'Building elastic in /build/frameworks/elastic:'
Building elastic in /build/frameworks/elastic:
+ custom_artifacts=
+ getopts a: opt
+ case $opt in
+ custom_artifacts=' /build/frameworks/elastic/build/distributions/elastic-scheduler.zip'
+ getopts a: opt
+ case $opt in
+ custom_artifacts=' /build/frameworks/elastic/build/distributions/elastic-scheduler.zip /build/sdk/bootstrap/bootstrap.zip'
+ getopts a: opt
+ case $opt in
+ custom_artifacts=' /build/frameworks/elastic/build/distributions/elastic-scheduler.zip /build/sdk/bootstrap/bootstrap.zip /build/sdk/cli/dcos-service-cli-linux'
+ getopts a: opt
+ case $opt in
+ custom_artifacts=' /build/frameworks/elastic/build/distributions/elastic-scheduler.zip /build/sdk/bootstrap/bootstrap.zip /build/sdk/cli/dcos-service-cli-linux /build/sdk/cli/dcos-service-cli-darwin'
+ getopts a: opt
+ case $opt in
+ custom_artifacts=' /build/frameworks/elastic/build/distributions/elastic-scheduler.zip /build/sdk/bootstrap/bootstrap.zip /build/sdk/cli/dcos-service-cli-linux /build/sdk/cli/dcos-service-cli-darwin /build/sdk/cli/dcos-service-cli.exe'
+ getopts a: opt
+ shift 10
+ publish_method=no
+ case $1 in
+ publish_method=aws
+ shift
+++ dirname /build/tools/build_package.sh
++ cd /build/tools
++ pwd
+ TOOLS_DIR=/build/tools
++ dirname /build/tools
+ export REPO_ROOT_DIR=/build
+ REPO_ROOT_DIR=/build
++ basename /build
+ export REPO_NAME=build
+ REPO_NAME=build
+ UNIVERSE_DIR=/build/frameworks/elastic/universe
+ echo '- Universe:  /build/frameworks/elastic/universe'
- Universe:  /build/frameworks/elastic/universe
+ echo '- Artifacts: /build/frameworks/elastic/build/distributions/elastic-scheduler.zip /build/sdk/bootstrap/bootstrap.zip /build/sdk/cli/dcos-service-cli-linux /build/sdk/cli/dcos-service-cli-darwin /build/sdk/cli/dcos-service-cli.exe'
- Artifacts: /build/frameworks/elastic/build/distributions/elastic-scheduler.zip /build/sdk/bootstrap/bootstrap.zip /build/sdk/cli/dcos-service-cli-linux /build/sdk/cli/dcos-service-cli-darwin /build/sdk/cli/dcos-service-cli.exe
+ echo '- Publish:   aws'
- Publish:   aws
+ echo ---
---
+ '[' elastic '!=' hello-world ']'
+ /build/tools/airgap_linter.py /build/frameworks/elastic
Airgap check complete. This framework will probably work in an airgapped cluster, but for the love of everything test that.
+ case "$publish_method" in
+ echo 'Uploading to S3'
Uploading to S3
+ PUBLISH_SCRIPT=/build/tools/publish_aws.py
+ PACKAGE_VERSION=stub-universe
+ '[' -n /build/tools/publish_aws.py ']'
+ /build/tools/publish_aws.py elastic stub-universe /build/frameworks/elastic/universe /build/frameworks/elastic/build/distributions/elastic-scheduler.zip /build/sdk/bootstrap/bootstrap.zip /build/sdk/cli/dcos-service-cli-linux /build/sdk/cli/dcos-service-cli-darwin /build/sdk/cli/dcos-service-cli.exe
###
Package:         elastic
Version:         stub-universe
Template path:   /build/frameworks/elastic/universe
Artifacts:
- /build/frameworks/elastic/build/distributions/elastic-scheduler.zip
- /build/sdk/bootstrap/bootstrap.zip
- /build/sdk/cli/dcos-service-cli-linux
- /build/sdk/cli/dcos-service-cli-darwin
- /build/sdk/cli/dcos-service-cli.exe
###
Using artifact bucket: infinity-artifacts
aws-cli/1.16.88 Python/3.6.7 Linux/4.15.0-45-generic botocore/1.12.83
Retrieving information for package: elastic

Applied templating changes to resource.json:
Template params used:
  {{artifact-dir}} => https://infinity-artifacts.s3.amazonaws.com/autodelete7d/elastic/20190313-123232-1D0fVyEcF8GMZHPS
  {{documentation-path}} => https://docs.mesosphere.com/service-docs/elastic/
  {{downgrades-to}} => 2.5.0-6.3.2
  {{elastic-statsd-version}} => 6.3.2.0
  {{elastic-version}} => 6.3.2
  {{issues-path}} => https://docs.mesosphere.com/support/
  {{jre-url}} => https://downloads.mesosphere.com/java/server-jre-8u192-linux-x64.tar.gz
  {{libmesos-bundle-url}} => https://downloads.mesosphere.com/libmesos-bundle/libmesos-bundle-1.12.0.tar.gz
  {{package-build-time-epoch-ms}} => 1552480359167
  {{package-build-time-str}} => Wed Mar 13 2019 12:32:39 +0000
  {{package-name}} => elastic
  {{package-version}} => stub-universe
  {{sha256:dcos-service-cli-darwin}} => 859a6c40dc22015bff530ce483e632c8b0dd91f34bab9c6527ec98e893d3478a
  {{sha256:dcos-service-cli-linux}} => 706f1aca1492a660c0b74c4ddab1e91d8a3955a3516fd7ef054bffdcd6fbbea7
  {{sha256:dcos-service-cli.exe}} => ba6a761f6a64276e7a3461eef2b9699f6b66d6431db2c77c8229d9fbbd35beb2
  {{support-diagnostics-version}} => 6.4.4
  {{upgrades-from}} => 2.5.0-6.3.2
Resulting diff:
--- 
+++ 
@@ -1,14 +1,14 @@
 {
   "assets": {
     "uris": {
-      "jre-tar-gz": "{{jre-url}}",
-      "libmesos-bundle-tar-gz": "{{libmesos-bundle-url}}",
-      "bootstrap-zip": "{{artifact-dir}}/bootstrap.zip",
-      "scheduler-zip": "{{artifact-dir}}/elastic-scheduler.zip",
-      "statsd-plugin-zip": "https://downloads.mesosphere.com/elastic/assets/elasticsearch-statsd-{{elastic-statsd-version}}.zip",
-      "elasticsearch-jre-tar-gz": "{{jre-url}}",
-      "elasticsearch-tar-gz": "https://downloads.mesosphere.com/elastic/assets/elasticsearch-{{elastic-version}}.tar.gz",
-      "diagnostics-zip": "https://downloads.mesosphere.com/elastic/assets/support-diagnostics-{{support-diagnostics-version}}-dist.zip"
+      "jre-tar-gz": "https://downloads.mesosphere.com/java/server-jre-8u192-linux-x64.tar.gz",
+      "libmesos-bundle-tar-gz": "https://downloads.mesosphere.com/libmesos-bundle/libmesos-bundle-1.12.0.tar.gz",
+      "bootstrap-zip": "https://infinity-artifacts.s3.amazonaws.com/autodelete7d/elastic/20190313-123232-1D0fVyEcF8GMZHPS/bootstrap.zip",
+      "scheduler-zip": "https://infinity-artifacts.s3.amazonaws.com/autodelete7d/elastic/20190313-123232-1D0fVyEcF8GMZHPS/elastic-scheduler.zip",
+      "statsd-plugin-zip": "https://downloads.mesosphere.com/elastic/assets/elasticsearch-statsd-6.3.2.0.zip",
+      "elasticsearch-jre-tar-gz": "https://downloads.mesosphere.com/java/server-jre-8u192-linux-x64.tar.gz",
+      "elasticsearch-tar-gz": "https://downloads.mesosphere.com/elastic/assets/elasticsearch-6.3.2.tar.gz",
+      "diagnostics-zip": "https://downloads.mesosphere.com/elastic/assets/support-diagnostics-6.4.4-dist.zip"
     }
   },
   "images": {
@@ -20,23 +20,23 @@
     "binaries": {
       "darwin": {
         "x86-64": {
-          "contentHash": [ { "algo":"sha256", "value":"{{sha256:dcos-service-cli-darwin}}" } ],
+          "contentHash": [ { "algo":"sha256", "value":"859a6c40dc22015bff530ce483e632c8b0dd91f34bab9c6527ec98e893d3478a" } ],
           "kind": "executable",
-          "url": "{{artifact-dir}}/dcos-service-cli-darwin"
+          "url": "https://infinity-artifacts.s3.amazonaws.com/autodelete7d/elastic/20190313-123232-1D0fVyEcF8GMZHPS/dcos-service-cli-darwin"
         }
       },
       "linux": {
         "x86-64": {
-          "contentHash": [ { "algo":"sha256", "value":"{{sha256:dcos-service-cli-linux}}" } ],
+          "contentHash": [ { "algo":"sha256", "value":"706f1aca1492a660c0b74c4ddab1e91d8a3955a3516fd7ef054bffdcd6fbbea7" } ],
           "kind": "executable",
-          "url": "{{artifact-dir}}/dcos-service-cli-linux"
+          "url": "https://infinity-artifacts.s3.amazonaws.com/autodelete7d/elastic/20190313-123232-1D0fVyEcF8GMZHPS/dcos-service-cli-linux"
         }
       },
       "windows": {
         "x86-64": {
-          "contentHash": [ { "algo":"sha256", "value":"{{sha256:dcos-service-cli.exe}}" } ],
+          "contentHash": [ { "algo":"sha256", "value":"ba6a761f6a64276e7a3461eef2b9699f6b66d6431db2c77c8229d9fbbd35beb2" } ],
           "kind": "executable",
-          "url": "{{artifact-dir}}/dcos-service-cli.exe"
+          "url": "https://infinity-artifacts.s3.amazonaws.com/autodelete7d/elastic/20190313-123232-1D0fVyEcF8GMZHPS/dcos-service-cli.exe"
         }
       }
     }

No templating detected in config.json, leaving file as-is

Applied templating changes to package.json:
Template params used:
  {{artifact-dir}} => https://infinity-artifacts.s3.amazonaws.com/autodelete7d/elastic/20190313-123232-1D0fVyEcF8GMZHPS
  {{documentation-path}} => https://docs.mesosphere.com/service-docs/elastic/
  {{downgrades-to}} => 2.5.0-6.3.2
  {{elastic-statsd-version}} => 6.3.2.0
  {{elastic-version}} => 6.3.2
  {{issues-path}} => https://docs.mesosphere.com/support/
  {{jre-url}} => https://downloads.mesosphere.com/java/server-jre-8u192-linux-x64.tar.gz
  {{libmesos-bundle-url}} => https://downloads.mesosphere.com/libmesos-bundle/libmesos-bundle-1.12.0.tar.gz
  {{package-build-time-epoch-ms}} => 1552480412416
  {{package-build-time-str}} => Wed Mar 13 2019 12:33:32 +0000
  {{package-name}} => elastic
  {{package-version}} => stub-universe
  {{support-diagnostics-version}} => 6.4.4
  {{upgrades-from}} => 2.5.0-6.3.2
Resulting diff:
--- 
+++ 
@@ -1,18 +1,18 @@
 {
   "packagingVersion": "4.0",
-  "upgradesFrom": ["{{upgrades-from}}"],
-  "downgradesTo": ["{{downgrades-to}}"],
+  "upgradesFrom": ["2.5.0-6.3.2"],
+  "downgradesTo": ["2.5.0-6.3.2"],
   "minDcosReleaseVersion": "1.10",
   "name": "elastic",
-  "version": "{{package-version}}",
+  "version": "stub-universe",
   "maintainer": "support@mesosphere.io",
   "description": "Elasticsearch 6, and X-Pack",
   "selected": true,
   "framework": true,
   "tags": ["elastic", "elasticsearch", "kibana", "x-pack"],
   "preInstallNotes": "Default configuration requires 3 agent nodes each with: CPU: 4.0 | Memory: 9216MB | Disk: 13500MB\n\nMore specifically, each instance type requires:\n\nMaster node: 3 instances | 1.0 CPU | 2048 MB MEM | 1 2000 MB Disk\n\nData node: 2 instances | 1.0 CPU | 4096 MB MEM | 1 10000 MB Disk\n\nCoordinator node: 1 instance | 1.0 CPU | 2048 MB MEM | 1 1000 MB Disk\n\nIngest node: No instances by default | 0.5 CPU | 2048 MB MEM | 1 2000 MB Disk",
-  "postInstallNotes": "The DC/OS Elastic service is being installed!\n\n\tDocumentation: {{documentation-path}}\n\tIssues: {{issues-path}}",
-  "postUninstallNotes": "The DC/OS Elastic service is being uninstalled.\n\nFor DC/OS versions from 1.10 no further action is required. For older DC/OS versions follow the instructions at {{documentation-path}}uninstall to remove any persistent state if required.",
+  "postInstallNotes": "The DC/OS Elastic service is being installed!\n\n\tDocumentation: https://docs.mesosphere.com/service-docs/elastic/\n\tIssues: https://docs.mesosphere.com/support/",
+  "postUninstallNotes": "The DC/OS Elastic service is being uninstalled.\n\nFor DC/OS versions from 1.10 no further action is required. For older DC/OS versions follow the instructions at https://docs.mesosphere.com/service-docs/elastic/uninstall to remove any persistent state if required.",
   "licenses": [
      {
          "name": "Apache License Version 2.0",

Applied templating changes to marathon.json.mustache:
Template params used:
  {{artifact-dir}} => https://infinity-artifacts.s3.amazonaws.com/autodelete7d/elastic/20190313-123232-1D0fVyEcF8GMZHPS
  {{documentation-path}} => https://docs.mesosphere.com/service-docs/elastic/
  {{downgrades-to}} => 2.5.0-6.3.2
  {{elastic-statsd-version}} => 6.3.2.0
  {{elastic-version}} => 6.3.2
  {{issues-path}} => https://docs.mesosphere.com/support/
  {{jre-url}} => https://downloads.mesosphere.com/java/server-jre-8u192-linux-x64.tar.gz
  {{libmesos-bundle-url}} => https://downloads.mesosphere.com/libmesos-bundle/libmesos-bundle-1.12.0.tar.gz
  {{package-build-time-epoch-ms}} => 1552480412420
  {{package-build-time-str}} => Wed Mar 13 2019 12:33:32 +0000
  {{package-name}} => elastic
  {{package-version}} => stub-universe
  {{support-diagnostics-version}} => 6.4.4
  {{upgrades-from}} => 2.5.0-6.3.2
Resulting diff:
--- 
+++ 
@@ -31,12 +31,12 @@
   },
   {{/service.service_account_secret}}
   "env": {
-    "PACKAGE_NAME": "{{package-name}}",
-    "PACKAGE_VERSION": "{{package-version}}",
-    "PACKAGE_BUILD_TIME_EPOCH_MS": "{{package-build-time-epoch-ms}}",
-    "PACKAGE_BUILD_TIME_STR": "{{package-build-time-str}}",
-    "ELASTIC_VERSION": "{{elastic-version}}",
-    "ELASTIC_STATSD_VERSION": "{{elastic-statsd-version}}",
+    "PACKAGE_NAME": "elastic",
+    "PACKAGE_VERSION": "stub-universe",
+    "PACKAGE_BUILD_TIME_EPOCH_MS": "1552480412420",
+    "PACKAGE_BUILD_TIME_STR": "Wed Mar 13 2019 12:33:32 +0000",
+    "ELASTIC_VERSION": "6.3.2",
+    "ELASTIC_STATSD_VERSION": "6.3.2.0",
     "STATSD_URI": "{{resource.assets.uris.statsd-plugin-zip}}",
     "ELASTICSEARCH_URI" : "{{resource.assets.uris.elasticsearch-tar-gz}}",
     "ELASTICSEARCH_JAVA_URI" : "{{resource.assets.uris.elasticsearch-jre-tar-gz}}",
aws s3 cp --acl public-read --content-type "application/vnd.dcos.universe.repo+json;charset=utf-8" /tmp/stub-universe-tmp_fnkg0lk/stub-universe-elastic.json s3://infinity-artifacts/autodelete7d/elastic/20190313-123232-1D0fVyEcF8GMZHPS/stub-universe-elastic.json 1>&2
Completed 95.6 KiB/95.6 KiB (5.1 KiB/s) with 1 file(s) remainingupload: ../tmp/stub-universe-tmp_fnkg0lk/stub-universe-elastic.json to s3://infinity-artifacts/autodelete7d/elastic/20190313-123232-1D0fVyEcF8GMZHPS/stub-universe-elastic.json
---
STUB UNIVERSE: https://universe-converter.mesosphere.com/transform?url=https://infinity-artifacts.s3.amazonaws.com/autodelete7d/elastic/20190313-123232-1D0fVyEcF8GMZHPS/stub-universe-elastic.json
---
Uploading 5 artifacts:
aws s3 cp --acl public-read /build/frameworks/elastic/build/distributions/elastic-scheduler.zip s3://infinity-artifacts/autodelete7d/elastic/20190313-123232-1D0fVyEcF8GMZHPS/elastic-scheduler.zip 1>&2
Completed 256.0 KiB/32.5 MiB (15.4 KiB/s) with 1 file(s) remainingCompleted 512.0 KiB/32.5 MiB (23.7 KiB/s) with 1 file(s) remainingCompleted 547.2 KiB/32.5 MiB (20.9 KiB/s) with 1 file(s) remainingCompleted 803.2 KiB/32.5 MiB (23.3 KiB/s) with 1 file(s) remainingCompleted 1.0 MiB/32.5 MiB (30.4 KiB/s) with 1 file(s) remaining  Completed 1.3 MiB/32.5 MiB (37.5 KiB/s) with 1 file(s) remaining  Completed 1.5 MiB/32.5 MiB (44.6 KiB/s) with 1 file(s) remaining  Completed 1.8 MiB/32.5 MiB (51.9 KiB/s) with 1 file(s) remaining  Completed 2.0 MiB/32.5 MiB (58.7 KiB/s) with 1 file(s) remaining  Completed 2.3 MiB/32.5 MiB (65.7 KiB/s) with 1 file(s) remaining  Completed 2.5 MiB/32.5 MiB (72.3 KiB/s) with 1 file(s) remaining  Completed 2.8 MiB/32.5 MiB (79.2 KiB/s) with 1 file(s) remaining  Completed 3.0 MiB/32.5 MiB (86.2 KiB/s) with 1 file(s) remaining  Completed 3.3 MiB/32.5 MiB (92.6 KiB/s) with 1 file(s) remaining  Completed 3.5 MiB/32.5 MiB (99.4 KiB/s) with 1 file(s) remaining  Completed 3.8 MiB/32.5 MiB (105.5 KiB/s) with 1 file(s) remaining Completed 4.0 MiB/32.5 MiB (112.0 KiB/s) with 1 file(s) remaining Completed 4.3 MiB/32.5 MiB (118.5 KiB/s) with 1 file(s) remaining Completed 4.5 MiB/32.5 MiB (125.2 KiB/s) with 1 file(s) remaining Completed 4.8 MiB/32.5 MiB (132.0 KiB/s) with 1 file(s) remaining Completed 5.0 MiB/32.5 MiB (138.5 KiB/s) with 1 file(s) remaining Completed 5.3 MiB/32.5 MiB (144.9 KiB/s) with 1 file(s) remaining Completed 5.5 MiB/32.5 MiB (151.6 KiB/s) with 1 file(s) remaining Completed 5.8 MiB/32.5 MiB (157.9 KiB/s) with 1 file(s) remaining Completed 6.0 MiB/32.5 MiB (162.9 KiB/s) with 1 file(s) remaining Completed 6.3 MiB/32.5 MiB (168.1 KiB/s) with 1 file(s) remaining Completed 6.5 MiB/32.5 MiB (174.7 KiB/s) with 1 file(s) remaining Completed 6.8 MiB/32.5 MiB (169.5 KiB/s) with 1 file(s) remaining Completed 7.0 MiB/32.5 MiB (175.7 KiB/s) with 1 file(s) remaining Completed 7.3 MiB/32.5 MiB (146.5 KiB/s) with 1 file(s) remaining Completed 7.5 MiB/32.5 MiB (135.9 KiB/s) with 1 file(s) remaining Completed 7.8 MiB/32.5 MiB (136.0 KiB/s) with 1 file(s) remaining Completed 8.0 MiB/32.5 MiB (139.0 KiB/s) with 1 file(s) remaining Completed 8.3 MiB/32.5 MiB (142.5 KiB/s) with 1 file(s) remaining Completed 8.5 MiB/32.5 MiB (146.2 KiB/s) with 1 file(s) remaining Completed 8.8 MiB/32.5 MiB (150.4 KiB/s) with 1 file(s) remaining Completed 9.0 MiB/32.5 MiB (153.6 KiB/s) with 1 file(s) remaining Completed 9.3 MiB/32.5 MiB (157.2 KiB/s) with 1 file(s) remaining Completed 9.5 MiB/32.5 MiB (160.6 KiB/s) with 1 file(s) remaining Completed 9.8 MiB/32.5 MiB (164.1 KiB/s) with 1 file(s) remaining Completed 10.0 MiB/32.5 MiB (168.0 KiB/s) with 1 file(s) remainingCompleted 10.3 MiB/32.5 MiB (171.7 KiB/s) with 1 file(s) remainingCompleted 10.5 MiB/32.5 MiB (175.2 KiB/s) with 1 file(s) remainingCompleted 10.8 MiB/32.5 MiB (178.6 KiB/s) with 1 file(s) remainingCompleted 11.0 MiB/32.5 MiB (181.5 KiB/s) with 1 file(s) remainingCompleted 11.3 MiB/32.5 MiB (185.3 KiB/s) with 1 file(s) remainingCompleted 11.5 MiB/32.5 MiB (188.5 KiB/s) with 1 file(s) remainingCompleted 11.8 MiB/32.5 MiB (191.5 KiB/s) with 1 file(s) remainingCompleted 12.0 MiB/32.5 MiB (195.0 KiB/s) with 1 file(s) remainingCompleted 12.3 MiB/32.5 MiB (197.7 KiB/s) with 1 file(s) remainingCompleted 12.5 MiB/32.5 MiB (201.6 KiB/s) with 1 file(s) remainingCompleted 12.8 MiB/32.5 MiB (203.5 KiB/s) with 1 file(s) remainingCompleted 13.0 MiB/32.5 MiB (195.3 KiB/s) with 1 file(s) remainingCompleted 13.3 MiB/32.5 MiB (199.1 KiB/s) with 1 file(s) remainingCompleted 13.5 MiB/32.5 MiB (202.8 KiB/s) with 1 file(s) remainingCompleted 13.8 MiB/32.5 MiB (195.6 KiB/s) with 1 file(s) remainingCompleted 14.0 MiB/32.5 MiB (199.2 KiB/s) with 1 file(s) remainingCompleted 14.3 MiB/32.5 MiB (164.6 KiB/s) with 1 file(s) remainingCompleted 14.5 MiB/32.5 MiB (167.4 KiB/s) with 1 file(s) remainingCompleted 14.8 MiB/32.5 MiB (169.7 KiB/s) with 1 file(s) remainingCompleted 15.0 MiB/32.5 MiB (172.2 KiB/s) with 1 file(s) remainingCompleted 15.3 MiB/32.5 MiB (174.8 KiB/s) with 1 file(s) remainingCompleted 15.5 MiB/32.5 MiB (177.6 KiB/s) with 1 file(s) remainingCompleted 15.8 MiB/32.5 MiB (179.8 KiB/s) with 1 file(s) remainingCompleted 16.0 MiB/32.5 MiB (182.3 KiB/s) with 1 file(s) remainingCompleted 16.3 MiB/32.5 MiB (183.7 KiB/s) with 1 file(s) remainingCompleted 16.5 MiB/32.5 MiB (186.4 KiB/s) with 1 file(s) remainingCompleted 16.8 MiB/32.5 MiB (188.3 KiB/s) with 1 file(s) remainingCompleted 17.0 MiB/32.5 MiB (190.9 KiB/s) with 1 file(s) remainingCompleted 17.3 MiB/32.5 MiB (193.5 KiB/s) with 1 file(s) remainingCompleted 17.5 MiB/32.5 MiB (196.0 KiB/s) with 1 file(s) remainingCompleted 17.8 MiB/32.5 MiB (198.1 KiB/s) with 1 file(s) remainingCompleted 18.0 MiB/32.5 MiB (200.1 KiB/s) with 1 file(s) remainingCompleted 18.3 MiB/32.5 MiB (202.6 KiB/s) with 1 file(s) remainingCompleted 18.5 MiB/32.5 MiB (205.1 KiB/s) with 1 file(s) remainingCompleted 18.8 MiB/32.5 MiB (206.5 KiB/s) with 1 file(s) remainingCompleted 19.0 MiB/32.5 MiB (208.9 KiB/s) with 1 file(s) remainingCompleted 19.3 MiB/32.5 MiB (211.3 KiB/s) with 1 file(s) remainingCompleted 19.5 MiB/32.5 MiB (214.0 KiB/s) with 1 file(s) remainingCompleted 19.8 MiB/32.5 MiB (215.8 KiB/s) with 1 file(s) remainingCompleted 20.0 MiB/32.5 MiB (217.7 KiB/s) with 1 file(s) remainingCompleted 20.3 MiB/32.5 MiB (218.7 KiB/s) with 1 file(s) remainingCompleted 20.5 MiB/32.5 MiB (221.2 KiB/s) with 1 file(s) remainingCompleted 20.8 MiB/32.5 MiB (223.3 KiB/s) with 1 file(s) remainingCompleted 21.0 MiB/32.5 MiB (225.4 KiB/s) with 1 file(s) remainingCompleted 21.3 MiB/32.5 MiB (228.1 KiB/s) with 1 file(s) remainingCompleted 21.5 MiB/32.5 MiB (230.3 KiB/s) with 1 file(s) remainingCompleted 21.8 MiB/32.5 MiB (232.9 KiB/s) with 1 file(s) remainingCompleted 22.0 MiB/32.5 MiB (235.3 KiB/s) with 1 file(s) remainingCompleted 22.3 MiB/32.5 MiB (237.3 KiB/s) with 1 file(s) remainingCompleted 22.5 MiB/32.5 MiB (239.1 KiB/s) with 1 file(s) remainingCompleted 22.8 MiB/32.5 MiB (241.5 KiB/s) with 1 file(s) remainingCompleted 23.0 MiB/32.5 MiB (243.2 KiB/s) with 1 file(s) remainingCompleted 23.3 MiB/32.5 MiB (245.1 KiB/s) with 1 file(s) remainingCompleted 23.5 MiB/32.5 MiB (247.7 KiB/s) with 1 file(s) remainingCompleted 23.8 MiB/32.5 MiB (249.6 KiB/s) with 1 file(s) remainingCompleted 24.0 MiB/32.5 MiB (251.8 KiB/s) with 1 file(s) remainingCompleted 24.3 MiB/32.5 MiB (253.7 KiB/s) with 1 file(s) remainingCompleted 24.5 MiB/32.5 MiB (256.3 KiB/s) with 1 file(s) remainingCompleted 24.8 MiB/32.5 MiB (257.7 KiB/s) with 1 file(s) remainingCompleted 25.0 MiB/32.5 MiB (259.5 KiB/s) with 1 file(s) remainingCompleted 25.3 MiB/32.5 MiB (262.1 KiB/s) with 1 file(s) remainingCompleted 25.5 MiB/32.5 MiB (263.5 KiB/s) with 1 file(s) remainingCompleted 25.8 MiB/32.5 MiB (266.0 KiB/s) with 1 file(s) remainingCompleted 26.0 MiB/32.5 MiB (267.8 KiB/s) with 1 file(s) remainingCompleted 26.3 MiB/32.5 MiB (269.1 KiB/s) with 1 file(s) remainingCompleted 26.5 MiB/32.5 MiB (270.9 KiB/s) with 1 file(s) remainingCompleted 26.8 MiB/32.5 MiB (272.2 KiB/s) with 1 file(s) remainingCompleted 27.0 MiB/32.5 MiB (274.5 KiB/s) with 1 file(s) remainingCompleted 27.3 MiB/32.5 MiB (276.5 KiB/s) with 1 file(s) remainingCompleted 27.5 MiB/32.5 MiB (277.8 KiB/s) with 1 file(s) remainingCompleted 27.8 MiB/32.5 MiB (279.5 KiB/s) with 1 file(s) remainingCompleted 28.0 MiB/32.5 MiB (281.3 KiB/s) with 1 file(s) remainingCompleted 28.3 MiB/32.5 MiB (283.6 KiB/s) with 1 file(s) remainingCompleted 28.5 MiB/32.5 MiB (284.7 KiB/s) with 1 file(s) remainingCompleted 28.8 MiB/32.5 MiB (286.1 KiB/s) with 1 file(s) remainingCompleted 29.0 MiB/32.5 MiB (288.3 KiB/s) with 1 file(s) remainingCompleted 29.3 MiB/32.5 MiB (289.3 KiB/s) with 1 file(s) remainingCompleted 29.5 MiB/32.5 MiB (291.5 KiB/s) with 1 file(s) remainingCompleted 29.8 MiB/32.5 MiB (292.9 KiB/s) with 1 file(s) remainingCompleted 30.0 MiB/32.5 MiB (294.5 KiB/s) with 1 file(s) remainingCompleted 30.3 MiB/32.5 MiB (294.5 KiB/s) with 1 file(s) remainingCompleted 30.5 MiB/32.5 MiB (296.3 KiB/s) with 1 file(s) remainingCompleted 30.8 MiB/32.5 MiB (297.5 KiB/s) with 1 file(s) remainingCompleted 31.0 MiB/32.5 MiB (298.4 KiB/s) with 1 file(s) remainingCompleted 31.3 MiB/32.5 MiB (299.7 KiB/s) with 1 file(s) remainingCompleted 31.5 MiB/32.5 MiB (300.9 KiB/s) with 1 file(s) remainingCompleted 31.8 MiB/32.5 MiB (302.1 KiB/s) with 1 file(s) remainingCompleted 32.0 MiB/32.5 MiB (303.5 KiB/s) with 1 file(s) remainingCompleted 32.3 MiB/32.5 MiB (304.7 KiB/s) with 1 file(s) remainingCompleted 32.5 MiB/32.5 MiB (306.1 KiB/s) with 1 file(s) remainingupload: frameworks/elastic/build/distributions/elastic-scheduler.zip to s3://infinity-artifacts/autodelete7d/elastic/20190313-123232-1D0fVyEcF8GMZHPS/elastic-scheduler.zip
aws s3 cp --acl public-read /build/sdk/bootstrap/bootstrap.zip s3://infinity-artifacts/autodelete7d/elastic/20190313-123232-1D0fVyEcF8GMZHPS/bootstrap.zip 1>&2
Completed 256.0 KiB/1.0 MiB (67.7 KiB/s) with 1 file(s) remainingCompleted 512.0 KiB/1.0 MiB (124.4 KiB/s) with 1 file(s) remainingCompleted 768.0 KiB/1.0 MiB (185.5 KiB/s) with 1 file(s) remainingCompleted 1.0 MiB/1.0 MiB (224.1 KiB/s) with 1 file(s) remaining  Completed 1.0 MiB/1.0 MiB (179.1 KiB/s) with 1 file(s) remaining  upload: sdk/bootstrap/bootstrap.zip to s3://infinity-artifacts/autodelete7d/elastic/20190313-123232-1D0fVyEcF8GMZHPS/bootstrap.zip
aws s3 cp --acl public-read /build/sdk/cli/dcos-service-cli-linux s3://infinity-artifacts/autodelete7d/elastic/20190313-123232-1D0fVyEcF8GMZHPS/dcos-service-cli-linux 1>&2
Completed 256.0 KiB/2.2 MiB (67.9 KiB/s) with 1 file(s) remainingCompleted 512.0 KiB/2.2 MiB (104.2 KiB/s) with 1 file(s) remainingCompleted 768.0 KiB/2.2 MiB (130.6 KiB/s) with 1 file(s) remainingCompleted 1.0 MiB/2.2 MiB (150.9 KiB/s) with 1 file(s) remaining  Completed 1.2 MiB/2.2 MiB (169.7 KiB/s) with 1 file(s) remaining  Completed 1.5 MiB/2.2 MiB (188.3 KiB/s) with 1 file(s) remaining  Completed 1.8 MiB/2.2 MiB (207.0 KiB/s) with 1 file(s) remaining  Completed 2.0 MiB/2.2 MiB (225.5 KiB/s) with 1 file(s) remaining  Completed 2.2 MiB/2.2 MiB (209.1 KiB/s) with 1 file(s) remaining  upload: sdk/cli/dcos-service-cli-linux to s3://infinity-artifacts/autodelete7d/elastic/20190313-123232-1D0fVyEcF8GMZHPS/dcos-service-cli-linux
aws s3 cp --acl public-read /build/sdk/cli/dcos-service-cli-darwin s3://infinity-artifacts/autodelete7d/elastic/20190313-123232-1D0fVyEcF8GMZHPS/dcos-service-cli-darwin 1>&2
Completed 256.0 KiB/6.9 MiB (70.6 KiB/s) with 1 file(s) remainingCompleted 512.0 KiB/6.9 MiB (130.8 KiB/s) with 1 file(s) remainingCompleted 768.0 KiB/6.9 MiB (193.5 KiB/s) with 1 file(s) remainingCompleted 1.0 MiB/6.9 MiB (241.7 KiB/s) with 1 file(s) remaining  Completed 1.2 MiB/6.9 MiB (298.8 KiB/s) with 1 file(s) remaining  Completed 1.5 MiB/6.9 MiB (354.3 KiB/s) with 1 file(s) remaining  Completed 1.8 MiB/6.9 MiB (408.2 KiB/s) with 1 file(s) remaining  Completed 2.0 MiB/6.9 MiB (449.5 KiB/s) with 1 file(s) remaining  Completed 2.2 MiB/6.9 MiB (504.3 KiB/s) with 1 file(s) remaining  Completed 2.5 MiB/6.9 MiB (549.0 KiB/s) with 1 file(s) remaining  Completed 2.8 MiB/6.9 MiB (600.5 KiB/s) with 1 file(s) remaining  Completed 3.0 MiB/6.9 MiB (648.1 KiB/s) with 1 file(s) remaining  Completed 3.2 MiB/6.9 MiB (661.3 KiB/s) with 1 file(s) remaining  Completed 3.5 MiB/6.9 MiB (604.7 KiB/s) with 1 file(s) remaining  Completed 3.8 MiB/6.9 MiB (639.8 KiB/s) with 1 file(s) remaining  Completed 4.0 MiB/6.9 MiB (661.4 KiB/s) with 1 file(s) remaining  Completed 4.2 MiB/6.9 MiB (683.3 KiB/s) with 1 file(s) remaining  Completed 4.5 MiB/6.9 MiB (723.1 KiB/s) with 1 file(s) remaining  Completed 4.8 MiB/6.9 MiB (762.5 KiB/s) with 1 file(s) remaining  Completed 5.0 MiB/6.9 MiB (802.2 KiB/s) with 1 file(s) remaining  Completed 5.2 MiB/6.9 MiB (742.6 KiB/s) with 1 file(s) remaining  Completed 5.5 MiB/6.9 MiB (754.7 KiB/s) with 1 file(s) remaining  Completed 5.8 MiB/6.9 MiB (766.8 KiB/s) with 1 file(s) remaining  Completed 6.0 MiB/6.9 MiB (778.4 KiB/s) with 1 file(s) remaining  Completed 6.2 MiB/6.9 MiB (789.0 KiB/s) with 1 file(s) remaining  Completed 6.5 MiB/6.9 MiB (799.3 KiB/s) with 1 file(s) remaining  Completed 6.8 MiB/6.9 MiB (808.7 KiB/s) with 1 file(s) remaining  Completed 6.9 MiB/6.9 MiB (647.2 KiB/s) with 1 file(s) remaining  upload: sdk/cli/dcos-service-cli-darwin to s3://infinity-artifacts/autodelete7d/elastic/20190313-123232-1D0fVyEcF8GMZHPS/dcos-service-cli-darwin
aws s3 cp --acl public-read /build/sdk/cli/dcos-service-cli.exe s3://infinity-artifacts/autodelete7d/elastic/20190313-123232-1D0fVyEcF8GMZHPS/dcos-service-cli.exe 1>&2
Completed 256.0 KiB/2.3 MiB (33.0 KiB/s) with 1 file(s) remainingCompleted 512.0 KiB/2.3 MiB (62.7 KiB/s) with 1 file(s) remainingCompleted 768.0 KiB/2.3 MiB (89.9 KiB/s) with 1 file(s) remainingCompleted 1.0 MiB/2.3 MiB (114.5 KiB/s) with 1 file(s) remaining Completed 1.2 MiB/2.3 MiB (135.0 KiB/s) with 1 file(s) remaining Completed 1.5 MiB/2.3 MiB (155.7 KiB/s) with 1 file(s) remaining Completed 1.8 MiB/2.3 MiB (174.4 KiB/s) with 1 file(s) remaining Completed 2.0 MiB/2.3 MiB (192.7 KiB/s) with 1 file(s) remaining Completed 2.2 MiB/2.3 MiB (209.5 KiB/s) with 1 file(s) remaining Completed 2.3 MiB/2.3 MiB (189.7 KiB/s) with 1 file(s) remaining upload: sdk/cli/dcos-service-cli.exe to s3://infinity-artifacts/autodelete7d/elastic/20190313-123232-1D0fVyEcF8GMZHPS/dcos-service-cli.exe
https://universe-converter.mesosphere.com/transform?url=https://infinity-artifacts.s3.amazonaws.com/autodelete7d/elastic/20190313-123232-1D0fVyEcF8GMZHPS/stub-universe-elastic.json
---
(Re)install your package using the following commands:
dcos package uninstall elastic

- - - -
For 1.9 or older clusters only
dcos node ssh --master-proxy --leader "docker run mesosphere/janitor /janitor.py -r elastic-role -p elastic-principal -z dcos-service-elastic"
- - - -

dcos package repo remove elastic-aws
dcos package repo add --index=0 elastic-aws https://universe-converter.mesosphere.com/transform?url=https://infinity-artifacts.s3.amazonaws.com/autodelete7d/elastic/20190313-123232-1D0fVyEcF8GMZHPS/stub-universe-elastic.json
dcos package install --yes elastic
Uploading to S3
###
Package:         kibana
Version:         stub-universe
Template path:   /build/frameworks/elastic/universe-kibana
Artifacts:

###
Using artifact bucket: infinity-artifacts
aws-cli/1.16.88 Python/3.6.7 Linux/4.15.0-45-generic botocore/1.12.83
Retrieving information for package: kibana

Applied templating changes to resource.json:
Template params used:
  {{artifact-dir}} => https://infinity-artifacts.s3.amazonaws.com/autodelete7d/kibana/20190313-123626-9gNhI5qpQBTNOKmN
  {{documentation-path}} => https://docs.mesosphere.com/services/elastic/
  {{downgrades-to}} => 2.5.0-6.3.2
  {{elastic-statsd-version}} => 6.3.2.0
  {{elastic-version}} => 6.3.2
  {{issues-path}} => https://docs.mesosphere.com/support/
  {{jre-url}} => https://downloads.mesosphere.com/java/server-jre-8u192-linux-x64.tar.gz
  {{libmesos-bundle-url}} => https://downloads.mesosphere.com/libmesos-bundle/libmesos-bundle-1.12.0.tar.gz
  {{package-build-time-epoch-ms}} => 1552480587363
  {{package-build-time-str}} => Wed Mar 13 2019 12:36:27 +0000
  {{package-name}} => kibana
  {{package-version}} => stub-universe
  {{support-diagnostics-version}} => 6.4.4
  {{upgrades-from}} => 2.5.0-6.3.2
Resulting diff:
--- 
+++ 
@@ -1,7 +1,7 @@
 {
   "assets": {
     "uris": {
-      "kibana-tar-gz": "https://downloads.mesosphere.com/elastic/assets/kibana-{{elastic-version}}-linux-x86_64.tar.gz"
+      "kibana-tar-gz": "https://downloads.mesosphere.com/elastic/assets/kibana-6.3.2-linux-x86_64.tar.gz"
     }
   },
   "images": {

No templating detected in config.json, leaving file as-is

Applied templating changes to package.json:
Template params used:
  {{artifact-dir}} => https://infinity-artifacts.s3.amazonaws.com/autodelete7d/kibana/20190313-123626-9gNhI5qpQBTNOKmN
  {{documentation-path}} => https://docs.mesosphere.com/services/elastic/
  {{downgrades-to}} => 2.5.0-6.3.2
  {{elastic-statsd-version}} => 6.3.2.0
  {{elastic-version}} => 6.3.2
  {{issues-path}} => https://docs.mesosphere.com/support/
  {{jre-url}} => https://downloads.mesosphere.com/java/server-jre-8u192-linux-x64.tar.gz
  {{libmesos-bundle-url}} => https://downloads.mesosphere.com/libmesos-bundle/libmesos-bundle-1.12.0.tar.gz
  {{package-build-time-epoch-ms}} => 1552480589296
  {{package-build-time-str}} => Wed Mar 13 2019 12:36:29 +0000
  {{package-name}} => kibana
  {{package-version}} => stub-universe
  {{support-diagnostics-version}} => 6.4.4
  {{upgrades-from}} => 2.5.0-6.3.2
Resulting diff:
--- 
+++ 
@@ -1,18 +1,18 @@
 {
   "packagingVersion": "4.0",
-  "upgradesFrom": ["{{upgrades-from}}"],
-  "downgradesTo": ["{{downgrades-to}}"],
+  "upgradesFrom": ["2.5.0-6.3.2"],
+  "downgradesTo": ["2.5.0-6.3.2"],
   "minDcosReleaseVersion": "1.9",
   "name": "kibana",
-  "version": "{{package-version}}",
+  "version": "stub-universe",
   "maintainer": "support@mesosphere.io",
   "description": "Kibana 6, and X-Pack",
   "selected": true,
   "framework": true,
   "tags": ["elastic", "elasticsearch", "kibana", "x-pack"],
   "preInstallNotes": "This DC/OS service is currently a beta candidate undergoing testing as part of a formal beta test program. There may be bugs, incomplete features, incorrect documentation, or other discrepancies.\n\nDefault configuration requires 1 agent node with: 0.5 CPU | 2048 MB MEM\n\nContact Mesosphere before deploying this beta candidate service. Product support is available to approved participants in the beta test program.",
-  "postInstallNotes": "The DC/OS Kibana service is being installed!\n\n\tDocumentation: {{documentation-path}}\n\tIssues: {{issues-path}}",
-  "postUninstallNotes": "The DC/OS Kibana service is being uninstalled.\n\nFor DC/OS versions from 1.10 no further action is required. For older DC/OS versions follow the instructions at {{documentation-path}}uninstall to remove any persistent state if required.",
+  "postInstallNotes": "The DC/OS Kibana service is being installed!\n\n\tDocumentation: https://docs.mesosphere.com/services/elastic/\n\tIssues: https://docs.mesosphere.com/support/",
+  "postUninstallNotes": "The DC/OS Kibana service is being uninstalled.\n\nFor DC/OS versions from 1.10 no further action is required. For older DC/OS versions follow the instructions at https://docs.mesosphere.com/services/elastic/uninstall to remove any persistent state if required.",
   "licenses": [
     {
         "name": "Apache License Version 2.0",

Applied templating changes to marathon.json.mustache:
Template params used:
  {{artifact-dir}} => https://infinity-artifacts.s3.amazonaws.com/autodelete7d/kibana/20190313-123626-9gNhI5qpQBTNOKmN
  {{documentation-path}} => https://docs.mesosphere.com/services/elastic/
  {{downgrades-to}} => 2.5.0-6.3.2
  {{elastic-statsd-version}} => 6.3.2.0
  {{elastic-version}} => 6.3.2
  {{issues-path}} => https://docs.mesosphere.com/support/
  {{jre-url}} => https://downloads.mesosphere.com/java/server-jre-8u192-linux-x64.tar.gz
  {{libmesos-bundle-url}} => https://downloads.mesosphere.com/libmesos-bundle/libmesos-bundle-1.12.0.tar.gz
  {{package-build-time-epoch-ms}} => 1552480589311
  {{package-build-time-str}} => Wed Mar 13 2019 12:36:29 +0000
  {{package-name}} => kibana
  {{package-version}} => stub-universe
  {{support-diagnostics-version}} => 6.4.4
  {{upgrades-from}} => 2.5.0-6.3.2
Resulting diff:
--- 
+++ 
@@ -11,8 +11,8 @@
     "DCOS_SERVICE_SCHEME": "http"
   },
   "env": {
-    "ELASTIC_VERSION": "{{elastic-version}}",
-    "ELASTIC_STATSD_VERSION": "{{elastic-statsd-version}}",
+    "ELASTIC_VERSION": "6.3.2",
+    "ELASTIC_STATSD_VERSION": "6.3.2.0",
     "FRAMEWORK_NAME": "{{service.name}}",
     "FRAMEWORK_USER": "{{service.user}}",
     "ELASTICSEARCH_URL": "{{kibana.elasticsearch_url}}",
aws s3 cp --acl public-read --content-type "application/vnd.dcos.universe.repo+json;charset=utf-8" /tmp/stub-universe-tmp3w3xubvl/stub-universe-kibana.json s3://infinity-artifacts/autodelete7d/kibana/20190313-123626-9gNhI5qpQBTNOKmN/stub-universe-kibana.json 1>&2
Completed 8.6 KiB/8.6 KiB (2.9 KiB/s) with 1 file(s) remainingupload: ../tmp/stub-universe-tmp3w3xubvl/stub-universe-kibana.json to s3://infinity-artifacts/autodelete7d/kibana/20190313-123626-9gNhI5qpQBTNOKmN/stub-universe-kibana.json
---
STUB UNIVERSE: https://universe-converter.mesosphere.com/transform?url=https://infinity-artifacts.s3.amazonaws.com/autodelete7d/kibana/20190313-123626-9gNhI5qpQBTNOKmN/stub-universe-kibana.json
---
Uploading 0 artifacts:
https://universe-converter.mesosphere.com/transform?url=https://infinity-artifacts.s3.amazonaws.com/autodelete7d/kibana/20190313-123626-9gNhI5qpQBTNOKmN/stub-universe-kibana.json
---
(Re)install your package using the following commands:
dcos package uninstall kibana

- - - -
For 1.9 or older clusters only
dcos node ssh --master-proxy --leader "docker run mesosphere/janitor /janitor.py -r kibana-role -p kibana-principal -z dcos-service-kibana"
- - - -

dcos package repo remove kibana-aws
dcos package repo add --index=0 kibana-aws https://universe-converter.mesosphere.com/transform?url=https://infinity-artifacts.s3.amazonaws.com/autodelete7d/kibana/20190313-123626-9gNhI5qpQBTNOKmN/stub-universe-kibana.json
dcos package install --yes kibana
